05-22 06:32:32.828 29099 29099 I XmlParser: endElement itemName:description user:0
05-22 06:32:32.828 29099 29099 I XmlParser: endElement itemName:group user:0
05-22 06:32:32.828 29099 29099 I XmlParser: startElement itemName:group user:0
05-22 06:32:32.828 29099 29099 I XmlParser: startElement itemName:id user:0
05-22 06:32:32.828 29099 29099 I XmlParser: endElement itemName:id user:0
05-22 06:32:32.828 29099 29099 I XmlParser: startElement itemName:name user:0
05-22 06:32:32.828 29099 29099 I XmlParser: endElement itemName:name user:0
05-22 06:32:32.828 29099 29099 I XmlParser: startElement itemName:define user:0
05-22 06:32:32.828 29099 29099 I XmlParser: endElement itemName:define user:0
05-22 06:32:32.829 29099 29099 I XmlParser: startElement itemName:description user:0
05-22 06:32:32.829 29099 29099 I XmlParser: endElement itemName:description user:0
05-22 06:32:32.829 29099 29099 I XmlParser: endElement itemName:group user:0
05-22 06:32:32.829 29099 29099 I XmlParser: endElement itemName:resource user:0
05-22 06:32:32.829 29099 29099 I libEGL  : egl_cache_t() !XML_VALUE_GETCORRECT NAME_MAXVALUESIZE
05-22 06:32:32.829 29099 29099 I libEGL  : egl_cache_t() maxKeySize:12288  maxTotalSize:2097152  maxValueSize:16384
05-22 06:32:32.830 29099 29099 E libfingersense_wrapper: Couldn't load FingerSense library with dlopen(). Error: dlopen failed: library "libfingersense.so" not found
05-22 06:32:32.836 29099 29099 I appproc : CLASSPATH=/system/framework/am.jar
05-22 06:32:32.837 29099 29099 I appproc : Command=app_process /system/bin com.android.commands.am.Am broadcast -a mono.android.intent.action.EXTERNAL_STORAGE_DIRECTORY -n Mono.Android.DebugRuntime/com.xamarin.mono.android.ExternalStorageDirectory 
05-22 06:32:32.842 29099 29099 I AndroidRuntime: readDownloadBoosterConfig: 'false'
05-22 06:32:32.938 29099 29099 E libmdmdetect: Failed to open /sys/bus/msm_subsys/devices/subsys0/name: Permission denied
05-22 06:32:32.974 29099 29099 W System  : ClassLoader referenced unknown path: /product/lib
05-22 06:32:32.991 29099 29099 I HWSERVICES: hwnative_get_component_register:libdrmbitmap,JNI
05-22 06:32:33.009 29099 29099 I Radio-JNI: register_android_hardware_Radio DONE
05-22 06:32:33.013 29099 29099 I android_hardware_fm.cpp: register_android_hardware_fm_fmradio
05-22 06:32:33.013 29099 29099 I android_hardware_fm.cpp: ========32bit long size = 4
05-22 06:32:33.013 29099 29099 I android_hardware_fm.cpp: FM: get chip type = Qualcomm
05-22 06:32:33.014 29099 29099 E QCOMM_FM_IF: find the id:fm and begins to open the devices
05-22 06:32:33.014 29099 29099 I android_hardware_fm.cpp: register_android_hardware_fm_fmradio, ret is 0
05-22 06:32:33.137  1727  1738 I art     : Background partial concurrent mark sweep GC freed 495(29KB) AllocSpace objects, 76(16MB) LOS objects, 30% free, 26MB/38MB, paused 2.854ms total 158.395ms
05-22 06:32:33.518  1727  1738 I art     : Background partial concurrent mark sweep GC freed 246(20KB) AllocSpace objects, 73(16MB) LOS objects, 32% free, 25MB/37MB, paused 3.085ms total 169.771ms
05-22 06:32:33.616 29027 29055 W AdvertisingIdClient: Error while reading from SharedPreferences 
05-22 06:32:33.616 29027 29055 W AdvertisingIdClient: java.lang.SecurityException: MODE_WORLD_READABLE no longer supported
05-22 06:32:33.616 29027 29055 W AdvertisingIdClient: 	at android.app.ContextImpl.checkMode(ContextImpl.java:2324)
05-22 06:32:33.616 29027 29055 W AdvertisingIdClient: 	at android.app.ContextImpl.getSharedPreferences(ContextImpl.java:372)
05-22 06:32:33.616 29027 29055 W AdvertisingIdClient: 	at android.app.ContextImpl.getSharedPreferences(ContextImpl.java:367)
05-22 06:32:33.616 29027 29055 W AdvertisingIdClient: 	at com.google.android.gms.ads.identifier.AdvertisingIdClient.getAdvertisingIdInfo(Unknown Source)
05-22 06:32:33.616 29027 29055 W AdvertisingIdClient: 	at com.flurry.sdk.cz.e(SourceFile:223)
05-22 06:32:33.616 29027 29055 W AdvertisingIdClient: 	at com.flurry.sdk.cz.d(SourceFile:191)
05-22 06:32:33.616 29027 29055 W AdvertisingIdClient: 	at com.flurry.sdk.cz.b(SourceFile:8161)
05-22 06:32:33.616 29027 29055 W AdvertisingIdClient: 	at com.flurry.sdk.dc.a(SourceFile:98)
05-22 06:32:33.616 29027 29055 W AdvertisingIdClient: 	at com.flurry.sdk.hs.run(SourceFile:42)
05-22 06:32:33.616 29027 29055 W AdvertisingIdClient: 	at android.os.Handler.handleCallback(Handler.java:761)
05-22 06:32:33.616 29027 29055 W AdvertisingIdClient: 	at android.os.Handler.dispatchMessage(Handler.java:98)
05-22 06:32:33.616 29027 29055 W AdvertisingIdClient: 	at android.os.Looper.loop(Looper.java:156)
05-22 06:32:33.616 29027 29055 W AdvertisingIdClient: 	at android.os.HandlerThread.run(HandlerThread.java:61)
05-22 06:32:33.619 29027 29070 W AdvertisingIdClient: Error while reading from SharedPreferences 
05-22 06:32:33.619 29027 29070 W AdvertisingIdClient: java.lang.SecurityException: MODE_WORLD_READABLE no longer supported
05-22 06:32:33.619 29027 29070 W AdvertisingIdClient: 	at android.app.ContextImpl.checkMode(ContextImpl.java:2324)
05-22 06:32:33.619 29027 29070 W AdvertisingIdClient: 	at android.app.ContextImpl.getSharedPreferences(ContextImpl.java:372)
05-22 06:32:33.619 29027 29070 W AdvertisingIdClient: 	at android.app.ContextImpl.getSharedPreferences(ContextImpl.java:367)
05-22 06:32:33.619 29027 29070 W AdvertisingIdClient: 	at com.google.android.gms.ads.identifier.AdvertisingIdClient.getAdvertisingIdInfo(Unknown Source)
05-22 06:32:33.619 29027 29070 W AdvertisingIdClient: 	at java.lang.reflect.Method.invoke(Native Method)
05-22 06:32:33.619 29027 29070 W AdvertisingIdClient: 	at c.a.a.a.a.b.e.d(AdvertisingInfoReflectionStrategy.java:106)
05-22 06:32:33.619 29027 29070 W AdvertisingIdClient: 	at c.a.a.a.a.b.e.b(AdvertisingInfoReflectionStrategy.java:76)
05-22 06:32:33.619 29027 29070 W AdvertisingIdClient: 	at c.a.a.a.a.b.e.a(AdvertisingInfoReflectionStrategy.java:66)
05-22 06:32:33.619 29027 29070 W AdvertisingIdClient: 	at c.a.a.a.a.b.c.e(AdvertisingInfoProvider.java:118)
05-22 06:32:33.619 29027 29070 W AdvertisingIdClient: 	at c.a.a.a.a.b.c.a(AdvertisingInfoProvider.java:28)
05-22 06:32:33.619 29027 29070 W AdvertisingIdClient: 	at c.a.a.a.a.b.d.a(AdvertisingInfoProvider.java:70)
05-22 06:32:33.619 29027 29070 W AdvertisingIdClient: 	at c.a.a.a.a.b.i.run(BackgroundPriorityRunnable.java:30)
05-22 06:32:33.619 29027 29070 W AdvertisingIdClient: 	at java.lang.Thread.run(Thread.java:776)
05-22 06:32:33.636 29027 29070 W AdvertisingIdClient: Error while reading from SharedPreferences 
05-22 06:32:33.636 29027 29070 W AdvertisingIdClient: java.lang.SecurityException: MODE_WORLD_READABLE no longer supported
05-22 06:32:33.636 29027 29070 W AdvertisingIdClient: 	at android.app.ContextImpl.checkMode(ContextImpl.java:2324)
05-22 06:32:33.636 29027 29070 W AdvertisingIdClient: 	at android.app.ContextImpl.getSharedPreferences(ContextImpl.java:372)
05-22 06:32:33.636 29027 29070 W AdvertisingIdClient: 	at android.app.ContextImpl.getSharedPreferences(ContextImpl.java:367)
05-22 06:32:33.636 29027 29070 W AdvertisingIdClient: 	at com.google.android.gms.ads.identifier.AdvertisingIdClient.getAdvertisingIdInfo(Unknown Source)
05-22 06:32:33.636 29027 29070 W AdvertisingIdClient: 	at java.lang.reflect.Method.invoke(Native Method)
05-22 06:32:33.636 29027 29070 W AdvertisingIdClient: 	at c.a.a.a.a.b.e.d(AdvertisingInfoReflectionStrategy.java:106)
05-22 06:32:33.636 29027 29070 W AdvertisingIdClient: 	at c.a.a.a.a.b.e.c(AdvertisingInfoReflectionStrategy.java:91)
05-22 06:32:33.636 29027 29070 W AdvertisingIdClient: 	at c.a.a.a.a.b.e.a(AdvertisingInfoReflectionStrategy.java:66)
05-22 06:32:33.636 29027 29070 W AdvertisingIdClient: 	at c.a.a.a.a.b.c.e(AdvertisingInfoProvider.java:118)
05-22 06:32:33.636 29027 29070 W AdvertisingIdClient: 	at c.a.a.a.a.b.c.a(AdvertisingInfoProvider.java:28)
05-22 06:32:33.636 29027 29070 W AdvertisingIdClient: 	at c.a.a.a.a.b.d.a(AdvertisingInfoProvider.java:70)
05-22 06:32:33.636 29027 29070 W AdvertisingIdClient: 	at c.a.a.a.a.b.i.run(BackgroundPriorityRunnable.java:30)
05-22 06:32:33.636 29027 29070 W AdvertisingIdClient: 	at java.lang.Thread.run(Thread.java:776)
05-22 06:32:35.057  2301  2301 E wpa_supp: RSSI=-54;LINKSPEED=54;NOISE=9999;FREQUENCY=2447;
05-22 06:32:35.783  1727  2134 E HwCHRWebMonitor: WebMonitor [mNetWorkIsSuck=0 mUIDIsSuck=]  WebSpeed [WEBSENDSEGS=0  WEBRESENDSEGS=0  WEBRECVSEGS=0  WEBERRSEGS=0  WEBOUTRSTS=0  WEBESTABLISRST=0  WEBRTTDURATION=0  WEBRTTSEGS=0  WEBSRTT=0  WEBSNDDUPACKS=0  SENDSEGS=0  RESENDSEGS=0  RECVSEGS=0  ERRSEGS=0  OUTRSTS=0  ESTABLISRST=0  RTTDURATION=0  RTTSEGS=0  SNDDUPACKS=0  suckTimes=0 recovage_times=0]
05-22 06:32:35.783  1727  2134 E HwCHRWifiRSSIGroupSummery: updateTcpSummery mRSSI:-54  HwCHRWifiRSSIGroup [rssi_index=4, rtt_tcp_packets=0, rtt_tcp_duration=0, rtt_lan_duration=79, rtt_lan_failures=0, rtt_lan_succ=15, rtt_lan_max=30, rtt_lan_min=2,same_area_frequency=0,adjacent_area_frequency=0]
05-22 06:32:35.787  1727  2134 E HwCHRWebMonitor: HwCHRWifiPacketCnt [mTXGood=6, mTXbad=0, mRXGood=0] rssi=-54
05-22 06:32:35.788  1727  2134 E HwCHRWebMonitor: running processName=com.huawei.android.launcher
05-22 06:32:36.285   655   655 E Thermal-daemon: [ap] temp_new :32  temp_old :31
05-22 06:32:36.286   655   655 E ThermalBinder: mThermalService is NULL!
05-22 06:32:36.286   655   655 E Thermal-daemon: Report temperature: [ap] temp :32  report_threshold:1
05-22 06:32:38.066  2301  2301 E wpa_supp: RSSI=-54;LINKSPEED=54;NOISE=9999;FREQUENCY=2447;
05-22 06:32:38.422 29131 29131 I XmlParser: startElement itemName:resource user:-1292173284
05-22 06:32:38.422 29131 29131 I XmlParser: startElement itemName:group user:-1292173284
05-22 06:32:38.422 29131 29131 I XmlParser: startElement itemName:id user:-1292173284
05-22 06:32:38.422 29131 29131 I XmlParser: endElement itemName:id user:-1292173284
05-22 06:32:38.422 29131 29131 I XmlParser: startElement itemName:name user:-1292173284
05-22 06:32:38.422 29131 29131 I XmlParser: endElement itemName:name user:-1292173284
05-22 06:32:38.422 29131 29131 I XmlParser: startElement itemName:define user:-1292173284
05-22 06:32:38.422 29131 29131 I XmlParser: endElement itemName:define user:-1292173284
05-22 06:32:38.423 29131 29131 I XmlParser: startElement itemName:description user:-1292173284
05-22 06:32:38.423 29131 29131 I XmlParser: endElement itemName:description user:-1292173284
05-22 06:32:38.423 29131 29131 I XmlParser: endElement itemName:group user:-1292173284
05-22 06:32:38.423 29131 29131 I XmlParser: startElement itemName:group user:-1292173284
05-22 06:32:38.423 29131 29131 I XmlParser: startElement itemName:id user:-1292173284
05-22 06:32:38.423 29131 29131 I XmlParser: endElement itemName:id user:-1292173284
05-22 06:32:38.423 29131 29131 I XmlParser: startElement itemName:name user:-1292173284
05-22 06:32:38.423 29131 29131 I XmlParser: endElement itemName:name user:-1292173284
05-22 06:32:38.423 29131 29131 I XmlParser: startElement itemName:define user:-1292173284
05-22 06:32:38.423 29131 29131 E XmlParser: startElement mResult:12288
05-22 06:32:38.423 29131 29131 I XmlParser: endElement itemName:define user:-1292173284
05-22 06:32:38.423 29131 29131 I XmlParser: startElement itemName:description user:-1292173284
05-22 06:32:38.423 29131 29131 I XmlParser: endElement itemName:description user:-1292173284
05-22 06:32:38.423 29131 29131 I XmlParser: endElement itemName:group user:-1292173284
05-22 06:32:38.423 29131 29131 I XmlParser: startElement itemName:group user:-1292173284
05-22 06:32:38.423 29131 29131 I XmlParser: startElement itemName:id user:-1292173284
05-22 06:32:38.423 29131 29131 I XmlParser: endElement itemName:id user:-1292173284
05-22 06:32:38.423 29131 29131 I XmlParser: startElement itemName:name user:-1292173284
05-22 06:32:38.423 29131 29131 I XmlParser: endElement itemName:name user:-1292173284
05-22 06:32:38.423 29131 29131 I XmlParser: startElement itemName:define user:-1292173284
05-22 06:32:38.423 29131 29131 I XmlParser: endElement itemName:define user:-1292173284
05-22 06:32:38.423 29131 29131 I XmlParser: startElement itemName:description user:-1292173284
05-22 06:32:38.423 29131 29131 I XmlParser: endElement itemName:description user:-1292173284
05-22 06:32:38.423 29131 29131 I XmlParser: endElement itemName:group user:-1292173284
05-22 06:32:38.423 29131 29131 I XmlParser: startElement itemName:group user:-1292173284
05-22 06:32:38.423 29131 29131 I XmlParser: startElement itemName:id user:-1292173284
05-22 06:32:38.423 29131 29131 I XmlParser: endElement itemName:id user:-1292173284
05-22 06:32:38.423 29131 29131 I XmlParser: startElement itemName:name user:-1292173284
05-22 06:32:38.423 29131 29131 I XmlParser: endElement itemName:name user:-1292173284
05-22 06:32:38.423 29131 29131 I XmlParser: startElement itemName:define user:-1292173284
05-22 06:32:38.423 29131 29131 I XmlParser: endElement itemName:define user:-1292173284
05-22 06:32:38.423 29131 29131 I XmlParser: startElement itemName:description user:-1292173284
05-22 06:32:38.423 29131 29131 I XmlParser: endElement itemName:description user:-1292173284
05-22 06:32:38.423 29131 29131 I XmlParser: endElement itemName:group user:-1292173284
05-22 06:32:38.423 29131 29131 I XmlParser: startElement itemName:group user:-1292173284
05-22 06:32:38.423 29131 29131 I XmlParser: startElement itemName:id user:-1292173284
05-22 06:32:38.423 29131 29131 I XmlParser: endElement itemName:id user:-1292173284
05-22 06:32:38.423 29131 29131 I XmlParser: startElement itemName:name user:-1292173284
05-22 06:32:38.423 29131 29131 I XmlParser: endElement itemName:name user:-1292173284
05-22 06:32:38.423 29131 29131 I XmlParser: startElement itemName:define user:-1292173284
05-22 06:32:38.423 29131 29131 I XmlParser: endElement itemName:define user:-1292173284
05-22 06:32:38.423 29131 29131 I XmlParser: startElement itemName:description user:-1292173284
05-22 06:32:38.423 29131 29131 I XmlParser: endElement itemName:description user:-1292173284
05-22 06:32:38.423 29131 29131 I XmlParser: endElement itemName:group user:-1292173284
05-22 06:32:38.423 29131 29131 I XmlParser: endElement itemName:resource user:-1292173284
05-22 06:32:38.423 29131 29131 I XmlParser: startElement itemName:resource user:0
05-22 06:32:38.424 29131 29131 I XmlParser: startElement itemName:group user:0
05-22 06:32:38.424 29131 29131 I XmlParser: startElement itemName:id user:0
05-22 06:32:38.424 29131 29131 I XmlParser: endElement itemName:id user:0
05-22 06:32:38.424 29131 29131 I XmlParser: startElement itemName:name user:0
05-22 06:32:38.424 29131 29131 I XmlParser: endElement itemName:name user:0
05-22 06:32:38.424 29131 29131 I XmlParser: startElement itemName:define user:0
05-22 06:32:38.424 29131 29131 E XmlParser: startElement mResult:2097152
05-22 06:32:38.424 29131 29131 I XmlParser: endElement itemName:define user:0
05-22 06:32:38.424 29131 29131 I XmlParser: startElement itemName:description user:0
05-22 06:32:38.424 29131 29131 I XmlParser: endElement itemName:description user:0
05-22 06:32:38.424 29131 29131 I XmlParser: endElement itemName:group user:0
05-22 06:32:38.424 29131 29131 I XmlParser: startElement itemName:group user:0
05-22 06:32:38.424 29131 29131 I XmlParser: startElement itemName:id user:0
05-22 06:32:38.424 29131 29131 I XmlParser: endElement itemName:id user:0
05-22 06:32:38.424 29131 29131 I XmlParser: startElement itemName:name user:0
05-22 06:32:38.424 29131 29131 I XmlParser: endElement itemName:name user:0
05-22 06:32:38.424 29131 29131 I XmlParser: startElement itemName:define user:0
05-22 06:32:38.424 29131 29131 I XmlParser: endElement itemName:define user:0
05-22 06:32:38.424 29131 29131 I XmlParser: startElement itemName:description user:0
05-22 06:32:38.424 29131 29131 I XmlParser: endElement itemName:description user:0
05-22 06:32:38.424 29131 29131 I XmlParser: endElement itemName:group user:0
05-22 06:32:38.424 29131 29131 I XmlParser: startElement itemName:group user:0
05-22 06:32:38.424 29131 29131 I XmlParser: startElement itemName:id user:0
05-22 06:32:38.424 29131 29131 I XmlParser: endElement itemName:id user:0
05-22 06:32:38.424 29131 29131 I XmlParser: startElement itemName:name user:0
05-22 06:32:38.424 29131 29131 I XmlParser: endElement itemName:name user:0
05-22 06:32:38.424 29131 29131 I XmlParser: startElement itemName:define user:0
05-22 06:32:38.424 29131 29131 I XmlParser: endElement itemName:define user:0
05-22 06:32:38.424 29131 29131 I XmlParser: startElement itemName:description user:0
05-22 06:32:38.424 29131 29131 I XmlParser: endElement itemName:description user:0
05-22 06:32:38.424 29131 29131 I XmlParser: endElement itemName:group user:0
05-22 06:32:38.424 29131 29131 I XmlParser: startElement itemName:group user:0
05-22 06:32:38.424 29131 29131 I XmlParser: startElement itemName:id user:0
05-22 06:32:38.424 29131 29131 I XmlParser: endElement itemName:id user:0
05-22 06:32:38.424 29131 29131 I XmlParser: startElement itemName:name user:0
05-22 06:32:38.424 29131 29131 I XmlParser: endElement itemName:name user:0
05-22 06:32:38.424 29131 29131 I XmlParser: startElement itemName:define user:0
05-22 06:32:38.424 29131 29131 I XmlParser: endElement itemName:define user:0
05-22 06:32:38.424 29131 29131 I XmlParser: startElement itemName:description user:0
05-22 06:32:38.424 29131 29131 I XmlParser: endElement itemName:description user:0
05-22 06:32:38.424 29131 29131 I XmlParser: endElement itemName:group user:0
05-22 06:32:38.424 29131 29131 I XmlParser: startElement itemName:group user:0
05-22 06:32:38.424 29131 29131 I XmlParser: startElement itemName:id user:0
05-22 06:32:38.424 29131 29131 I XmlParser: endElement itemName:id user:0
05-22 06:32:38.424 29131 29131 I XmlParser: startElement itemName:name user:0
05-22 06:32:38.424 29131 29131 I XmlParser: endElement itemName:name user:0
05-22 06:32:38.424 29131 29131 I XmlParser: startElement itemName:define user:0
05-22 06:32:38.424 29131 29131 I XmlParser: endElement itemName:define user:0
05-22 06:32:38.424 29131 29131 I XmlParser: startElement itemName:description user:0
05-22 06:32:38.424 29131 29131 I XmlParser: endElement itemName:description user:0
05-22 06:32:38.424 29131 29131 I XmlParser: endElement itemName:group user:0
05-22 06:32:38.424 29131 29131 I XmlParser: endElement itemName:resource user:0
05-22 06:32:38.424 29131 29131 I XmlParser: startElement itemName:resource user:0
05-22 06:32:38.424 29131 29131 I XmlParser: startElement itemName:group user:0
05-22 06:32:38.424 29131 29131 I XmlParser: startElement itemName:id user:0
05-22 06:32:38.424 29131 29131 I XmlParser: endElement itemName:id user:0
05-22 06:32:38.424 29131 29131 I XmlParser: startElement itemName:name user:0
05-22 06:32:38.424 29131 29131 I XmlParser: endElement itemName:name user:0
05-22 06:32:38.424 29131 29131 I XmlParser: startElement itemName:define user:0
05-22 06:32:38.425 29131 29131 I XmlParser: endElement itemName:define user:0
05-22 06:32:38.425 29131 29131 I XmlParser: startElement itemName:description user:0
05-22 06:32:38.425 29131 29131 I XmlParser: endElement itemName:description user:0
05-22 06:32:38.425 29131 29131 I XmlParser: endElement itemName:group user:0
05-22 06:32:38.425 29131 29131 I XmlParser: startElement itemName:group user:0
05-22 06:32:38.425 29131 29131 I XmlParser: startElement itemName:id user:0
05-22 06:32:38.425 29131 29131 I XmlParser: endElement itemName:id user:0
05-22 06:32:38.425 29131 29131 I XmlParser: startElement itemName:name user:0
05-22 06:32:38.425 29131 29131 I XmlParser: endElement itemName:name user:0
05-22 06:32:38.425 29131 29131 I XmlParser: startElement itemName:define user:0
05-22 06:32:38.425 29131 29131 I XmlParser: endElement itemName:define user:0
05-22 06:32:38.425 29131 29131 I XmlParser: startElement itemName:description user:0
05-22 06:32:38.425 29131 29131 I XmlParser: endElement itemName:description user:0
05-22 06:32:38.425 29131 29131 I XmlParser: endElement itemName:group user:0
05-22 06:32:38.425 29131 29131 I XmlParser: startElement itemName:group user:0
05-22 06:32:38.425 29131 29131 I XmlParser: startElement itemName:id user:0
05-22 06:32:38.425 29131 29131 I XmlParser: endElement itemName:id user:0
05-22 06:32:38.425 29131 29131 I XmlParser: startElement itemName:name user:0
05-22 06:32:38.425 29131 29131 I XmlParser: endElement itemName:name user:0
05-22 06:32:38.425 29131 29131 I XmlParser: startElement itemName:define user:0
05-22 06:32:38.425 29131 29131 I XmlParser: endElement itemName:define user:0
05-22 06:32:38.425 29131 29131 I XmlParser: startElement itemName:description user:0
05-22 06:32:38.425 29131 29131 I XmlParser: endElement itemName:description user:0
05-22 06:32:38.425 29131 29131 I XmlParser: endElement itemName:group user:0
05-22 06:32:38.425 29131 29131 I XmlParser: startElement itemName:group user:0
05-22 06:32:38.425 29131 29131 I XmlParser: startElement itemName:id user:0
05-22 06:32:38.425 29131 29131 I XmlParser: endElement itemName:id user:0
05-22 06:32:38.425 29131 29131 I XmlParser: startElement itemName:name user:0
05-22 06:32:38.425 29131 29131 I XmlParser: endElement itemName:name user:0
05-22 06:32:38.425 29131 29131 I XmlParser: startElement itemName:define user:0
05-22 06:32:38.425 29131 29131 I XmlParser: endElement itemName:define user:0
05-22 06:32:38.425 29131 29131 I XmlParser: startElement itemName:description user:0
05-22 06:32:38.425 29131 29131 I XmlParser: endElement itemName:description user:0
05-22 06:32:38.425 29131 29131 I XmlParser: endElement itemName:group user:0
05-22 06:32:38.425 29131 29131 I XmlParser: startElement itemName:group user:0
05-22 06:32:38.425 29131 29131 I XmlParser: startElement itemName:id user:0
05-22 06:32:38.425 29131 29131 I XmlParser: endElement itemName:id user:0
05-22 06:32:38.425 29131 29131 I XmlParser: startElement itemName:name user:0
05-22 06:32:38.425 29131 29131 I XmlParser: endElement itemName:name user:0
05-22 06:32:38.425 29131 29131 I XmlParser: startElement itemName:define user:0
05-22 06:32:38.425 29131 29131 I XmlParser: endElement itemName:define user:0
05-22 06:32:38.425 29131 29131 I XmlParser: startElement itemName:description user:0
05-22 06:32:38.425 29131 29131 I XmlParser: endElement itemName:description user:0
05-22 06:32:38.425 29131 29131 I XmlParser: endElement itemName:group user:0
05-22 06:32:38.425 29131 29131 I XmlParser: endElement itemName:resource user:0
05-22 06:32:38.425 29131 29131 I libEGL  : egl_cache_t() !XML_VALUE_GETCORRECT NAME_MAXVALUESIZE
05-22 06:32:38.425 29131 29131 I libEGL  : egl_cache_t() maxKeySize:12288  maxTotalSize:2097152  maxValueSize:16384
05-22 06:32:38.427 29131 29131 E libfingersense_wrapper: Couldn't load FingerSense library with dlopen(). Error: dlopen failed: library "libfingersense.so" not found
05-22 06:32:38.433 29131 29131 I appproc : CLASSPATH=/system/framework/am.jar
05-22 06:32:38.433 29131 29131 I appproc : Command=app_process /system/bin com.android.commands.am.Am broadcast -a mono.android.intent.action.EXTERNAL_STORAGE_DIRECTORY -n Mono.Android.DebugRuntime/com.xamarin.mono.android.ExternalStorageDirectory 
05-22 06:32:38.438 29131 29131 I AndroidRuntime: readDownloadBoosterConfig: 'false'
05-22 06:32:38.531 29131 29131 E libmdmdetect: Failed to open /sys/bus/msm_subsys/devices/subsys0/name: Permission denied
05-22 06:32:38.562 29131 29131 W System  : ClassLoader referenced unknown path: /product/lib
05-22 06:32:38.578 29131 29131 I HWSERVICES: hwnative_get_component_register:libdrmbitmap,JNI
05-22 06:32:38.584 29131 29131 I Radio-JNI: register_android_hardware_Radio DONE
05-22 06:32:38.587 29131 29131 I android_hardware_fm.cpp: register_android_hardware_fm_fmradio
05-22 06:32:38.587 29131 29131 I android_hardware_fm.cpp: ========32bit long size = 4
05-22 06:32:38.587 29131 29131 I android_hardware_fm.cpp: FM: get chip type = Qualcomm
05-22 06:32:38.589 29131 29131 E QCOMM_FM_IF: find the id:fm and begins to open the devices
05-22 06:32:38.589 29131 29131 I android_hardware_fm.cpp: register_android_hardware_fm_fmradio, ret is 0
05-22 06:32:39.459 29142 29142 I XmlParser: startElement itemName:resource user:-1363582948
05-22 06:32:39.459 29142 29142 I XmlParser: startElement itemName:group user:-1363582948
05-22 06:32:39.460 29142 29142 I XmlParser: startElement itemName:id user:-1363582948
05-22 06:32:39.460 29142 29142 I XmlParser: endElement itemName:id user:-1363582948
05-22 06:32:39.460 29142 29142 I XmlParser: startElement itemName:name user:-1363582948
05-22 06:32:39.460 29142 29142 I XmlParser: endElement itemName:name user:-1363582948
05-22 06:32:39.460 29142 29142 I XmlParser: startElement itemName:define user:-1363582948
05-22 06:32:39.460 29142 29142 I XmlParser: endElement itemName:define user:-1363582948
05-22 06:32:39.460 29142 29142 I XmlParser: startElement itemName:description user:-1363582948
05-22 06:32:39.460 29142 29142 I XmlParser: endElement itemName:description user:-1363582948
05-22 06:32:39.460 29142 29142 I XmlParser: endElement itemName:group user:-1363582948
05-22 06:32:39.460 29142 29142 I XmlParser: startElement itemName:group user:-1363582948
05-22 06:32:39.460 29142 29142 I XmlParser: startElement itemName:id user:-1363582948
05-22 06:32:39.460 29142 29142 I XmlParser: endElement itemName:id user:-1363582948
05-22 06:32:39.460 29142 29142 I XmlParser: startElement itemName:name user:-1363582948
05-22 06:32:39.460 29142 29142 I XmlParser: endElement itemName:name user:-1363582948
05-22 06:32:39.460 29142 29142 I XmlParser: startElement itemName:define user:-1363582948
05-22 06:32:39.460 29142 29142 E XmlParser: startElement mResult:12288
05-22 06:32:39.460 29142 29142 I XmlParser: endElement itemName:define user:-1363582948
05-22 06:32:39.460 29142 29142 I XmlParser: startElement itemName:description user:-1363582948
05-22 06:32:39.460 29142 29142 I XmlParser: endElement itemName:description user:-1363582948
05-22 06:32:39.460 29142 29142 I XmlParser: endElement itemName:group user:-1363582948
05-22 06:32:39.460 29142 29142 I XmlParser: startElement itemName:group user:-1363582948
05-22 06:32:39.460 29142 29142 I XmlParser: startElement itemName:id user:-1363582948
05-22 06:32:39.460 29142 29142 I XmlParser: endElement itemName:id user:-1363582948
05-22 06:32:39.460 29142 29142 I XmlParser: startElement itemName:name user:-1363582948
05-22 06:32:39.460 29142 29142 I XmlParser: endElement itemName:name user:-1363582948
05-22 06:32:39.460 29142 29142 I XmlParser: startElement itemName:define user:-1363582948
05-22 06:32:39.460 29142 29142 I XmlParser: endElement itemName:define user:-1363582948
05-22 06:32:39.460 29142 29142 I XmlParser: startElement itemName:description user:-1363582948
05-22 06:32:39.460 29142 29142 I XmlParser: endElement itemName:description user:-1363582948
05-22 06:32:39.460 29142 29142 I XmlParser: endElement itemName:group user:-1363582948
05-22 06:32:39.460 29142 29142 I XmlParser: startElement itemName:group user:-1363582948
05-22 06:32:39.460 29142 29142 I XmlParser: startElement itemName:id user:-1363582948
05-22 06:32:39.460 29142 29142 I XmlParser: endElement itemName:id user:-1363582948
05-22 06:32:39.460 29142 29142 I XmlParser: startElement itemName:name user:-1363582948
05-22 06:32:39.460 29142 29142 I XmlParser: endElement itemName:name user:-1363582948
05-22 06:32:39.460 29142 29142 I XmlParser: startElement itemName:define user:-1363582948
05-22 06:32:39.460 29142 29142 I XmlParser: endElement itemName:define user:-1363582948
05-22 06:32:39.460 29142 29142 I XmlParser: startElement itemName:description user:-1363582948
05-22 06:32:39.460 29142 29142 I XmlParser: endElement itemName:description user:-1363582948
05-22 06:32:39.460 29142 29142 I XmlParser: endElement itemName:group user:-1363582948
05-22 06:32:39.460 29142 29142 I XmlParser: startElement itemName:group user:-1363582948
05-22 06:32:39.460 29142 29142 I XmlParser: startElement itemName:id user:-1363582948
05-22 06:32:39.460 29142 29142 I XmlParser: endElement itemName:id user:-1363582948
05-22 06:32:39.460 29142 29142 I XmlParser: startElement itemName:name user:-1363582948
05-22 06:32:39.460 29142 29142 I XmlParser: endElement itemName:name user:-1363582948
05-22 06:32:39.460 29142 29142 I XmlParser: startElement itemName:define user:-1363582948
05-22 06:32:39.460 29142 29142 I XmlParser: endElement itemName:define user:-1363582948
05-22 06:32:39.460 29142 29142 I XmlParser: startElement itemName:description user:-1363582948
05-22 06:32:39.460 29142 29142 I XmlParser: endElement itemName:description user:-1363582948
05-22 06:32:39.460 29142 29142 I XmlParser: endElement itemName:group user:-1363582948
05-22 06:32:39.460 29142 29142 I XmlParser: endElement itemName:resource user:-1363582948
05-22 06:32:39.461 29142 29142 I XmlParser: startElement itemName:resource user:0
05-22 06:32:39.461 29142 29142 I XmlParser: startElement itemName:group user:0
05-22 06:32:39.461 29142 29142 I XmlParser: startElement itemName:id user:0
05-22 06:32:39.461 29142 29142 I XmlParser: endElement itemName:id user:0
05-22 06:32:39.461 29142 29142 I XmlParser: startElement itemName:name user:0
05-22 06:32:39.461 29142 29142 I XmlParser: endElement itemName:name user:0
05-22 06:32:39.461 29142 29142 I XmlParser: startElement itemName:define user:0
05-22 06:32:39.461 29142 29142 E XmlParser: startElement mResult:2097152
05-22 06:32:39.461 29142 29142 I XmlParser: endElement itemName:define user:0
05-22 06:32:39.461 29142 29142 I XmlParser: startElement itemName:description user:0
05-22 06:32:39.461 29142 29142 I XmlParser: endElement itemName:description user:0
05-22 06:32:39.461 29142 29142 I XmlParser: endElement itemName:group user:0
05-22 06:32:39.461 29142 29142 I XmlParser: startElement itemName:group user:0
05-22 06:32:39.461 29142 29142 I XmlParser: startElement itemName:id user:0
05-22 06:32:39.461 29142 29142 I XmlParser: endElement itemName:id user:0
05-22 06:32:39.461 29142 29142 I XmlParser: startElement itemName:name user:0
05-22 06:32:39.461 29142 29142 I XmlParser: endElement itemName:name user:0
05-22 06:32:39.461 29142 29142 I XmlParser: startElement itemName:define user:0
05-22 06:32:39.461 29142 29142 I XmlParser: endElement itemName:define user:0
05-22 06:32:39.461 29142 29142 I XmlParser: startElement itemName:description user:0
05-22 06:32:39.461 29142 29142 I XmlParser: endElement itemName:description user:0
05-22 06:32:39.461 29142 29142 I XmlParser: endElement itemName:group user:0
05-22 06:32:39.461 29142 29142 I XmlParser: startElement itemName:group user:0
05-22 06:32:39.461 29142 29142 I XmlParser: startElement itemName:id user:0
05-22 06:32:39.461 29142 29142 I XmlParser: endElement itemName:id user:0
05-22 06:32:39.461 29142 29142 I XmlParser: startElement itemName:name user:0
05-22 06:32:39.461 29142 29142 I XmlParser: endElement itemName:name user:0
05-22 06:32:39.461 29142 29142 I XmlParser: startElement itemName:define user:0
05-22 06:32:39.461 29142 29142 I XmlParser: endElement itemName:define user:0
05-22 06:32:39.461 29142 29142 I XmlParser: startElement itemName:description user:0
05-22 06:32:39.461 29142 29142 I XmlParser: endElement itemName:description user:0
05-22 06:32:39.461 29142 29142 I XmlParser: endElement itemName:group user:0
05-22 06:32:39.461 29142 29142 I XmlParser: startElement itemName:group user:0
05-22 06:32:39.461 29142 29142 I XmlParser: startElement itemName:id user:0
05-22 06:32:39.461 29142 29142 I XmlParser: endElement itemName:id user:0
05-22 06:32:39.461 29142 29142 I XmlParser: startElement itemName:name user:0
05-22 06:32:39.461 29142 29142 I XmlParser: endElement itemName:name user:0
05-22 06:32:39.461 29142 29142 I XmlParser: startElement itemName:define user:0
05-22 06:32:39.461 29142 29142 I XmlParser: endElement itemName:define user:0
05-22 06:32:39.461 29142 29142 I XmlParser: startElement itemName:description user:0
05-22 06:32:39.461 29142 29142 I XmlParser: endElement itemName:description user:0
05-22 06:32:39.461 29142 29142 I XmlParser: endElement itemName:group user:0
05-22 06:32:39.461 29142 29142 I XmlParser: startElement itemName:group user:0
05-22 06:32:39.461 29142 29142 I XmlParser: startElement itemName:id user:0
05-22 06:32:39.461 29142 29142 I XmlParser: endElement itemName:id user:0
05-22 06:32:39.461 29142 29142 I XmlParser: startElement itemName:name user:0
05-22 06:32:39.461 29142 29142 I XmlParser: endElement itemName:name user:0
05-22 06:32:39.461 29142 29142 I XmlParser: startElement itemName:define user:0
05-22 06:32:39.461 29142 29142 I XmlParser: endElement itemName:define user:0
05-22 06:32:39.461 29142 29142 I XmlParser: startElement itemName:description user:0
05-22 06:32:39.461 29142 29142 I XmlParser: endElement itemName:description user:0
05-22 06:32:39.461 29142 29142 I XmlParser: endElement itemName:group user:0
05-22 06:32:39.461 29142 29142 I XmlParser: endElement itemName:resource user:0
05-22 06:32:39.461 29142 29142 I XmlParser: startElement itemName:resource user:0
05-22 06:32:39.461 29142 29142 I XmlParser: startElement itemName:group user:0
05-22 06:32:39.462 29142 29142 I XmlParser: startElement itemName:id user:0
05-22 06:32:39.462 29142 29142 I XmlParser: endElement itemName:id user:0
05-22 06:32:39.462 29142 29142 I XmlParser: startElement itemName:name user:0
05-22 06:32:39.462 29142 29142 I XmlParser: endElement itemName:name user:0
05-22 06:32:39.462 29142 29142 I XmlParser: startElement itemName:define user:0
05-22 06:32:39.462 29142 29142 I XmlParser: endElement itemName:define user:0
05-22 06:32:39.462 29142 29142 I XmlParser: startElement itemName:description user:0
05-22 06:32:39.462 29142 29142 I XmlParser: endElement itemName:description user:0
05-22 06:32:39.462 29142 29142 I XmlParser: endElement itemName:group user:0
05-22 06:32:39.462 29142 29142 I XmlParser: startElement itemName:group user:0
05-22 06:32:39.462 29142 29142 I XmlParser: startElement itemName:id user:0
05-22 06:32:39.462 29142 29142 I XmlParser: endElement itemName:id user:0
05-22 06:32:39.462 29142 29142 I XmlParser: startElement itemName:name user:0
05-22 06:32:39.462 29142 29142 I XmlParser: endElement itemName:name user:0
05-22 06:32:39.462 29142 29142 I XmlParser: startElement itemName:define user:0
05-22 06:32:39.462 29142 29142 I XmlParser: endElement itemName:define user:0
05-22 06:32:39.462 29142 29142 I XmlParser: startElement itemName:description user:0
05-22 06:32:39.462 29142 29142 I XmlParser: endElement itemName:description user:0
05-22 06:32:39.462 29142 29142 I XmlParser: endElement itemName:group user:0
05-22 06:32:39.462 29142 29142 I XmlParser: startElement itemName:group user:0
05-22 06:32:39.462 29142 29142 I XmlParser: startElement itemName:id user:0
05-22 06:32:39.462 29142 29142 I XmlParser: endElement itemName:id user:0
05-22 06:32:39.462 29142 29142 I XmlParser: startElement itemName:name user:0
05-22 06:32:39.462 29142 29142 I XmlParser: endElement itemName:name user:0
05-22 06:32:39.462 29142 29142 I XmlParser: startElement itemName:define user:0
05-22 06:32:39.462 29142 29142 I XmlParser: endElement itemName:define user:0
05-22 06:32:39.462 29142 29142 I XmlParser: startElement itemName:description user:0
05-22 06:32:39.462 29142 29142 I XmlParser: endElement itemName:description user:0
05-22 06:32:39.462 29142 29142 I XmlParser: endElement itemName:group user:0
05-22 06:32:39.462 29142 29142 I XmlParser: startElement itemName:group user:0
05-22 06:32:39.462 29142 29142 I XmlParser: startElement itemName:id user:0
05-22 06:32:39.462 29142 29142 I XmlParser: endElement itemName:id user:0
05-22 06:32:39.462 29142 29142 I XmlParser: startElement itemName:name user:0
05-22 06:32:39.462 29142 29142 I XmlParser: endElement itemName:name user:0
05-22 06:32:39.462 29142 29142 I XmlParser: startElement itemName:define user:0
05-22 06:32:39.462 29142 29142 I XmlParser: endElement itemName:define user:0
05-22 06:32:39.462 29142 29142 I XmlParser: startElement itemName:description user:0
05-22 06:32:39.462 29142 29142 I XmlParser: endElement itemName:description user:0
05-22 06:32:39.462 29142 29142 I XmlParser: endElement itemName:group user:0
05-22 06:32:39.462 29142 29142 I XmlParser: startElement itemName:group user:0
05-22 06:32:39.462 29142 29142 I XmlParser: startElement itemName:id user:0
05-22 06:32:39.462 29142 29142 I XmlParser: endElement itemName:id user:0
05-22 06:32:39.462 29142 29142 I XmlParser: startElement itemName:name user:0
05-22 06:32:39.462 29142 29142 I XmlParser: endElement itemName:name user:0
05-22 06:32:39.462 29142 29142 I XmlParser: startElement itemName:define user:0
05-22 06:32:39.462 29142 29142 I XmlParser: endElement itemName:define user:0
05-22 06:32:39.462 29142 29142 I XmlParser: startElement itemName:description user:0
05-22 06:32:39.462 29142 29142 I XmlParser: endElement itemName:description user:0
05-22 06:32:39.462 29142 29142 I XmlParser: endElement itemName:group user:0
05-22 06:32:39.462 29142 29142 I XmlParser: endElement itemName:resource user:0
05-22 06:32:39.462 29142 29142 I libEGL  : egl_cache_t() !XML_VALUE_GETCORRECT NAME_MAXVALUESIZE
05-22 06:32:39.462 29142 29142 I libEGL  : egl_cache_t() maxKeySize:12288  maxTotalSize:2097152  maxValueSize:16384
05-22 06:32:39.464 29142 29142 E libfingersense_wrapper: Couldn't load FingerSense library with dlopen(). Error: dlopen failed: library "libfingersense.so" not found
05-22 06:32:39.470 29142 29142 I appproc : CLASSPATH=/system/framework/am.jar
05-22 06:32:39.470 29142 29142 I appproc : Command=app_process /system/bin com.android.commands.am.Am start -a android.intent.action.MAIN -c android.intent.category.LAUNCHER -n aTello.aTello/md515f5ae8ae1b65c33bd713bb83ba46775.MainActivity 
05-22 06:32:39.475 29142 29142 I AndroidRuntime: readDownloadBoosterConfig: 'false'
05-22 06:32:39.567 29142 29142 E libmdmdetect: Failed to open /sys/bus/msm_subsys/devices/subsys0/name: Permission denied
05-22 06:32:39.598 29142 29142 W System  : ClassLoader referenced unknown path: /product/lib
05-22 06:32:39.614 29142 29142 I HWSERVICES: hwnative_get_component_register:libdrmbitmap,JNI
05-22 06:32:39.620 29142 29142 I Radio-JNI: register_android_hardware_Radio DONE
05-22 06:32:39.624 29142 29142 I android_hardware_fm.cpp: register_android_hardware_fm_fmradio
05-22 06:32:39.624 29142 29142 I android_hardware_fm.cpp: ========32bit long size = 4
05-22 06:32:39.624 29142 29142 I android_hardware_fm.cpp: FM: get chip type = Qualcomm
05-22 06:32:39.625 29142 29142 E QCOMM_FM_IF: find the id:fm and begins to open the devices
05-22 06:32:39.625 29142 29142 I android_hardware_fm.cpp: register_android_hardware_fm_fmradio, ret is 0
05-22 06:32:39.648  1727  1825 W AwareLog: RMS.AwareSceneRecognize: SceneRec sceneType :4, eventType:1, pkg=aTello.aTello
05-22 06:32:39.661  4027 29156 W HwLauncher: Launcher.MotionManager stopMotionAppsReco service flg 403 is unavailable
05-22 06:32:39.662  1727  1863 I HwPointEventFilter: do not support AFT because of no config
05-22 06:32:39.682 29158 29158 I         : power log dlsym ok
05-22 06:32:39.687 29158 29158 I art     : Late-enabling -Xcheck:jni
05-22 06:32:39.696   670  1143 I logserver: handle_logfile_events, Object Path:/data/system/dropbox/, mask=0x00000080
05-22 06:32:39.696   670  1143 I logserver: process_one_event, event->len=48, name=system_server_wtf@1526970759696.txt
05-22 06:32:39.703   670  1143 I logserver: [find_first_match 2795]  commercial versoin(1), beta version(0): 1
05-22 06:32:39.789  4027  4027 I HwLauncher: Model  onReceive intent=Intent { act=android.intent.action.CONFIGURATION_CHANGED flg=0x70000010 }
05-22 06:32:39.789  4027  4027 I HwLauncher: Model  onReceive user=UserHandle{0}
05-22 06:32:39.790  4027  4027 I HwLauncher: Launcher.Utilities updateOrientToPortrait original orientation = 2
05-22 06:32:39.790   684  1948 E Parcel  : Reading a NULL string not supported here.
05-22 06:32:39.790   684  1948 E Parcel  : Reading a NULL string not supported here.
05-22 06:32:39.791  4027  4027 I HwLauncher: Launcher.Settings  updateIconTitleSize fontSize = 12.0
05-22 06:32:39.792  1727  2072 I InputReader: Reconfiguring input devices.  changes=0x00000004
05-22 06:32:39.793  1727  2072 I InputReader: Device reconfigured: id=3, name='huawei,ts_kit', size 720x1280, orientation 1, mode 1, display id 0
05-22 06:32:39.806 21334 21334 I GoogleInputMethod: onStartInput() : Dummy InputConnection bound
05-22 06:32:39.808  2174  2174 I HwPointEventFilter: do not support AFT because of no config
05-22 06:32:39.814  2174  2174 I HwPointEventFilter: do not support AFT because of no config
05-22 06:32:39.819  1727  3195 I PG Utils: configBrightnessRange ratioMin = 1404  ratioMax = 7254  autoLimit = 4329
05-22 06:32:39.823  2174  2174 I HwPointEventFilter: do not support AFT because of no config
05-22 06:32:39.834 29158 29158 W monodroid: Creating public update directory: `/data/user/0/aTello.aTello/files/.__override__`
05-22 06:32:39.834 29158 29158 W monodroid: Using override path: /data/user/0/aTello.aTello/files/.__override__
05-22 06:32:39.834 29158 29158 W monodroid: Using override path: /storage/emulated/0/Android/data/aTello.aTello/files/.__override__
05-22 06:32:39.834 29158 29158 W monodroid: Trying to load sgen from: /data/user/0/aTello.aTello/files/.__override__/libmonosgen-2.0.so
05-22 06:32:39.834 29158 29158 W monodroid: Trying to load sgen from: /storage/emulated/0/Android/data/aTello.aTello/files/.__override__/libmonosgen-2.0.so
05-22 06:32:39.834 29158 29158 W monodroid: Trying to load sgen from: /storage/emulated/0/../legacy/Android/data/aTello.aTello/files/.__override__/libmonosgen-2.0.so
05-22 06:32:39.834 29158 29158 W monodroid: Trying to load sgen from: /data/app/aTello.aTello-1/lib/arm/libmonosgen-2.0.so
05-22 06:32:39.835 29158 29158 W monodroid: Trying to load sgen from: /data/user/0/aTello.aTello/files/.__override__/links/libmonosgen-2.0.so
05-22 06:32:39.836  2174  2174 I HwPointEventFilter: do not support AFT because of no config
05-22 06:32:39.839 29158 29158 W monodroid-debug: Trying to initialize the debugger with options: --debugger-agent=transport=dt_socket,loglevel=0,address=127.0.0.1:29342,server=y,embedding=1
05-22 06:32:39.868 29158 29158 W monodroid-debug: Accepted stdout connection: 50
05-22 06:32:39.883  2174  2174 W HwKeyguardDragHelper: AnimationBlocked
05-22 06:32:39.910  2174  2174 I HwPointEventFilter: do not support AFT because of no config
05-22 06:32:39.940 20236 21080 I AsyncOpDispatcher: 35-GetDeviceDataUploadOptInStatusOperation
05-22 06:32:39.985  2174  2174 E DateLunarView: mDateString is: Tue, May 22
05-22 06:32:39.989  2174  2174 E DateLunarView: mDateString is: Tue, May 22
05-22 06:32:39.994  2174  2174 W HwKeyguardDragHelper: AnimationBlocked
05-22 06:32:40.003 20236 20247 I art     : Background partial concurrent mark sweep GC freed 69952(2MB) AllocSpace objects, 0(0B) LOS objects, 49% free, 12MB/24MB, paused 2.062ms total 103.459ms
05-22 06:32:40.021  2174  2174 W HwKeyguardDragHelper: AnimationBlocked
05-22 06:32:40.045  2174  2174 W HwKeyguardDragHelper: AnimationBlocked
05-22 06:32:40.786 29158 29158 W monodroid-gc: GREF GC Threshold: 46080
05-22 06:32:40.791  1727  2134 E HwCHRWebMonitor: WebMonitor [mNetWorkIsSuck=0 mUIDIsSuck=]  WebSpeed [WEBSENDSEGS=0  WEBRESENDSEGS=0  WEBRECVSEGS=0  WEBERRSEGS=0  WEBOUTRSTS=0  WEBESTABLISRST=0  WEBRTTDURATION=0  WEBRTTSEGS=0  WEBSRTT=0  WEBSNDDUPACKS=0  SENDSEGS=0  RESENDSEGS=0  RECVSEGS=0  ERRSEGS=0  OUTRSTS=0  ESTABLISRST=0  RTTDURATION=0  RTTSEGS=0  SNDDUPACKS=0  suckTimes=0 recovage_times=0]
05-22 06:32:40.791  1727  2134 E HwCHRWifiRSSIGroupSummery: updateTcpSummery mRSSI:-54  HwCHRWifiRSSIGroup [rssi_index=4, rtt_tcp_packets=0, rtt_tcp_duration=0, rtt_lan_duration=79, rtt_lan_failures=0, rtt_lan_succ=15, rtt_lan_max=30, rtt_lan_min=2,same_area_frequency=0,adjacent_area_frequency=0]
05-22 06:32:40.794  1727  2134 E HwCHRWebMonitor: HwCHRWifiPacketCnt [mTXGood=5, mTXbad=0, mRXGood=1] rssi=-54
05-22 06:32:40.795  1727  2134 E HwCHRWebMonitor: running processName=aTello.aTello
05-22 06:32:40.805 29158 29158 W monodroid: Calling into managed runtime init
05-22 06:32:41.074  2301  2301 E wpa_supp: RSSI=-54;LINKSPEED=54;NOISE=9999;FREQUENCY=2447;
05-22 06:32:41.584 29158 29158 I HwCust  : Constructor found for class android.app.HwCustActivityImpl
05-22 06:32:41.811 29158 29158 W Mono    : The request to load the assembly mscorlib v4.0.0.0 was remapped to v2.0.5.0
05-22 06:32:42.356   672   672 I cnss-daemon: RTM_NEWNEIGH message received: 28
05-22 06:32:42.356   672   672 E cnss-daemon: Stale or unreachable neighbors, ndm state: 4
05-22 06:32:42.541 29158 29158 I MediaPlayer: [HSM] stayAwake false uid: 10120, pid: 29158
05-22 06:32:42.542  1727  3195 E HsmCoreServiceImpl: onTransact in code is: 102
05-22 06:32:42.542  1727  3195 I MediaProcessHandler: processOp opType: 1, uid: 10120, pid: 29158
05-22 06:32:42.542  1727  3195 W MediaProcessHandler: remove target not exist, maybe the UI process: uid: 10120, pid: 29158
05-22 06:32:42.586 29158 29158 I MediaPlayer: setDataSource(58, 1524, 29131)
05-22 06:32:42.587   666   972 I MediaPlayerService: MediaPlayerService::Client::setDataSource local file://?FileDescriptor=18&Offset=1524&Length=29131&Path=/data/app/aTello.aTello-1
05-22 06:32:42.591   666 29196 W MediaExtractor: creating media extractor in calling process
05-22 06:32:42.592 29158 29190 W Mono    : The request to load the assembly System v4.0.0.0 was remapped to v2.0.5.0
05-22 06:32:42.596   666 29196 I MediaExtractor: extractor created in uid: 1013 (media)
05-22 06:32:42.596   666 29196 W MP3Extractor: [MP3Extractor.cpp:MP3Extractor:428]#, File is Online
05-22 06:32:42.652  1727  1825 W AwareLog: RMS.AwareSceneRecognize: SceneRec sceneType :4, eventType:0, pkg=null
05-22 06:32:42.695 29158 29158 I HwSecImmHelper: mSecurityInputMethodService is null
05-22 06:32:42.701 29158 29158 I HwPointEventFilter: do not support AFT because of no config
05-22 06:32:42.740  2174  2174 I PhoneStatusBarPolicy: updateBluetooth:::setBluetoothBatteryEnable false.
05-22 06:32:42.740  2174  2174 I PhoneStatusBarPolicy: updateBluetooth::bluetoothEnabled:true, bluetoothConnected=false, bluetoothTransfering=false
05-22 06:32:42.771 29158 29198 I Adreno  : QUALCOMM build                   : 28fbe1e, I1c3536cac6
05-22 06:32:42.771 29158 29198 I Adreno  : Build Date                       : 12/27/16
05-22 06:32:42.771 29158 29198 I Adreno  : OpenGL ES Shader Compiler Version: XE031.09.00.04
05-22 06:32:42.771 29158 29198 I Adreno  : Local Branch                     : 
05-22 06:32:42.771 29158 29198 I Adreno  : Remote Branch                    : 
05-22 06:32:42.771 29158 29198 I Adreno  : Remote Branch                    : 
05-22 06:32:42.771 29158 29198 I Adreno  : Reconstruct Branch               : 
05-22 06:32:42.782 29158 29198 I OpenGLRenderer: Initialized EGL, version 1.4
05-22 06:32:42.857 29158 29193 W Mono    : The request to load the assembly System.Core v4.0.0.0 was remapped to v2.0.5.0
05-22 06:32:42.875   670   820 W JankService: virtual bool android::JankManualDumpLogAnalyser::processEntry(android::LogEntry *, int, bool), not beta version or commercial log off
05-22 06:32:42.880  1727  1863 I ActivityManager: Displayed aTello.aTello/md515f5ae8ae1b65c33bd713bb83ba46775.MainActivity: +3s214ms
05-22 06:32:42.881 21334 21334 I GoogleInputMethod: onStartInput() : Dummy InputConnection bound
05-22 06:32:42.887   670   820 W JankService: START_APP: JL_APP_LAUNCHING_END and JL_APP_LAUNCHING_BEGIN too long| span:3214 > C(2500), C
05-22 06:32:42.902   670   820 E libc    : Access denied finding property "persist.sys.smart_power"
05-22 06:32:43.080 29158 29194 I mono-stdout: Current version: 24
05-22 06:32:43.085 29158 29194 I CrossTTS: Current version: 24
05-22 06:32:43.156 29158 29194 I TextToSpeech: Sucessfully bound to com.google.android.tts
05-22 06:32:43.156 24748 24748 I TTS     : Creating Google TTS service, version 3.14.9
05-22 06:32:43.157 24748 24748 I TTS     : Loading library tts_android_neon
05-22 06:32:43.161 24748 29207 I TTS     : Initializing en-us-x-sfg-lstm-embedded from apk
05-22 06:32:43.166 29158 29158 I TextToSpeech: Connected to ComponentInfo{com.google.android.tts/com.google.android.tts.service.GoogleTTSService}
05-22 06:32:43.174 24748 24759 I TTS     : For default lang en-us is name en-US-language (en-us-x-sfg-server)
05-22 06:32:43.174 29158 29208 I TextToSpeech: Set up connection to ComponentInfo{com.google.android.tts/com.google.android.tts.service.GoogleTTSService}
05-22 06:32:43.213 24748 24760 I TTS     : For default lang en-us is name en-US-language (en-us-x-sfg-server)
05-22 06:32:43.227 29158 29191 I mono-stdout: 25
05-22 06:32:43.469  2465 27659 I DownloadState: @@@@@@@@@@@@ uid :10120 download :true
05-22 06:32:43.469  2465 27659 I PGServer: report state:5 event type:1 pid:0 uid:10120 pkg:null to pid: 1727
05-22 06:32:43.759  1727  1863 I art     : Starting a blocking GC Explicit
05-22 06:32:43.944  1727  1863 I art     : Explicit concurrent mark sweep GC freed 23789(1436KB) AllocSpace objects, 6(1452KB) LOS objects, 33% free, 24MB/36MB, paused 2.941ms total 184.696ms
05-22 06:32:44.013   666   972 I MediaPlayerService: MediaPlayerService::getOMX
05-22 06:32:44.014 29158 29210 I OMXClient: MuxOMX ctor
05-22 06:32:44.016   666   666 I OMXMaster: makeComponentInstance(OMX.qcom.video.decoder.avc) in mediaserver process
05-22 06:32:44.033   666   666 E         : Service not available yet
05-22 06:32:44.039   666   666 I OMX-VDEC-1080P: Video slvp perflock acquired
05-22 06:32:44.082  2301  2301 E wpa_supp: RSSI=-55;LINKSPEED=54;NOISE=9999;FREQUENCY=2447;
05-22 06:32:44.104   642   642 I /system/bin/subsystem_ramdump: other system venus ignore
05-22 06:32:44.118   666   666 I OMX-VDEC-1080P: component_init: OMX.qcom.video.decoder.avc : fd=18
05-22 06:32:44.124   666   666 I OMX-VDEC-1080P: omx_vdec::component_init() success : fd=18
