--------- beginning of main
05-22 06:30:59.445 28702 28702 I XmlParser: startElement itemName:group user:0
05-22 06:30:59.445 28702 28702 I XmlParser: startElement itemName:id user:0
05-22 06:30:59.445 28702 28702 I XmlParser: endElement itemName:id user:0
05-22 06:30:59.445 28702 28702 I XmlParser: startElement itemName:name user:0
05-22 06:30:59.445 28702 28702 I XmlParser: endElement itemName:name user:0
05-22 06:30:59.445 28702 28702 I XmlParser: startElement itemName:define user:0
05-22 06:30:59.445 28702 28702 E XmlParser: startElement mResult:2097152
05-22 06:30:59.445 28702 28702 I XmlParser: endElement itemName:define user:0
05-22 06:30:59.445 28702 28702 I XmlParser: startElement itemName:description user:0
05-22 06:30:59.445 28702 28702 I XmlParser: endElement itemName:description user:0
05-22 06:30:59.445 28702 28702 I XmlParser: endElement itemName:group user:0
05-22 06:30:59.445 28702 28702 I XmlParser: startElement itemName:group user:0
05-22 06:30:59.445 28702 28702 I XmlParser: startElement itemName:id user:0
05-22 06:30:59.445 28702 28702 I XmlParser: endElement itemName:id user:0
05-22 06:30:59.445 28702 28702 I XmlParser: startElement itemName:name user:0
05-22 06:30:59.445 28702 28702 I XmlParser: endElement itemName:name user:0
05-22 06:30:59.445 28702 28702 I XmlParser: startElement itemName:define user:0
05-22 06:30:59.445 28702 28702 I XmlParser: endElement itemName:define user:0
05-22 06:30:59.446 28702 28702 I XmlParser: startElement itemName:description user:0
05-22 06:30:59.446 28702 28702 I XmlParser: endElement itemName:description user:0
05-22 06:30:59.446 28702 28702 I XmlParser: endElement itemName:group user:0
05-22 06:30:59.446 28702 28702 I XmlParser: startElement itemName:group user:0
05-22 06:30:59.446 28702 28702 I XmlParser: startElement itemName:id user:0
05-22 06:30:59.446 28702 28702 I XmlParser: endElement itemName:id user:0
05-22 06:30:59.446 28702 28702 I XmlParser: startElement itemName:name user:0
05-22 06:30:59.446 28702 28702 I XmlParser: endElement itemName:name user:0
05-22 06:30:59.446 28702 28702 I XmlParser: startElement itemName:define user:0
05-22 06:30:59.446 28702 28702 I XmlParser: endElement itemName:define user:0
05-22 06:30:59.446 28702 28702 I XmlParser: startElement itemName:description user:0
05-22 06:30:59.446 28702 28702 I XmlParser: endElement itemName:description user:0
05-22 06:30:59.446 28702 28702 I XmlParser: endElement itemName:group user:0
05-22 06:30:59.446 28702 28702 I XmlParser: startElement itemName:group user:0
05-22 06:30:59.446 28702 28702 I XmlParser: startElement itemName:id user:0
05-22 06:30:59.446 28702 28702 I XmlParser: endElement itemName:id user:0
05-22 06:30:59.446 28702 28702 I XmlParser: startElement itemName:name user:0
05-22 06:30:59.446 28702 28702 I XmlParser: endElement itemName:name user:0
05-22 06:30:59.446 28702 28702 I XmlParser: startElement itemName:define user:0
05-22 06:30:59.446 28702 28702 I XmlParser: endElement itemName:define user:0
05-22 06:30:59.446 28702 28702 I XmlParser: startElement itemName:description user:0
05-22 06:30:59.446 28702 28702 I XmlParser: endElement itemName:description user:0
05-22 06:30:59.446 28702 28702 I XmlParser: endElement itemName:group user:0
05-22 06:30:59.446 28702 28702 I XmlParser: startElement itemName:group user:0
05-22 06:30:59.446 28702 28702 I XmlParser: startElement itemName:id user:0
05-22 06:30:59.446 28702 28702 I XmlParser: endElement itemName:id user:0
05-22 06:30:59.446 28702 28702 I XmlParser: startElement itemName:name user:0
05-22 06:30:59.446 28702 28702 I XmlParser: endElement itemName:name user:0
05-22 06:30:59.446 28702 28702 I XmlParser: startElement itemName:define user:0
05-22 06:30:59.446 28702 28702 I XmlParser: endElement itemName:define user:0
05-22 06:30:59.446 28702 28702 I XmlParser: startElement itemName:description user:0
05-22 06:30:59.446 28702 28702 I XmlParser: endElement itemName:description user:0
05-22 06:30:59.446 28702 28702 I XmlParser: endElement itemName:group user:0
05-22 06:30:59.446 28702 28702 I XmlParser: endElement itemName:resource user:0
05-22 06:30:59.446 28702 28702 I XmlParser: startElement itemName:resource user:0
05-22 06:30:59.446 28702 28702 I XmlParser: startElement itemName:group user:0
05-22 06:30:59.446 28702 28702 I XmlParser: startElement itemName:id user:0
05-22 06:30:59.446 28702 28702 I XmlParser: endElement itemName:id user:0
05-22 06:30:59.446 28702 28702 I XmlParser: startElement itemName:name user:0
05-22 06:30:59.446 28702 28702 I XmlParser: endElement itemName:name user:0
05-22 06:30:59.446 28702 28702 I XmlParser: startElement itemName:define user:0
05-22 06:30:59.446 28702 28702 I XmlParser: endElement itemName:define user:0
05-22 06:30:59.446 28702 28702 I XmlParser: startElement itemName:description user:0
05-22 06:30:59.446 28702 28702 I XmlParser: endElement itemName:description user:0
05-22 06:30:59.446 28702 28702 I XmlParser: endElement itemName:group user:0
05-22 06:30:59.446 28702 28702 I XmlParser: startElement itemName:group user:0
05-22 06:30:59.446 28702 28702 I XmlParser: startElement itemName:id user:0
05-22 06:30:59.446 28702 28702 I XmlParser: endElement itemName:id user:0
05-22 06:30:59.446 28702 28702 I XmlParser: startElement itemName:name user:0
05-22 06:30:59.446 28702 28702 I XmlParser: endElement itemName:name user:0
05-22 06:30:59.446 28702 28702 I XmlParser: startElement itemName:define user:0
05-22 06:30:59.446 28702 28702 I XmlParser: endElement itemName:define user:0
05-22 06:30:59.446 28702 28702 I XmlParser: startElement itemName:description user:0
05-22 06:30:59.446 28702 28702 I XmlParser: endElement itemName:description user:0
05-22 06:30:59.446 28702 28702 I XmlParser: endElement itemName:group user:0
05-22 06:30:59.446 28702 28702 I XmlParser: startElement itemName:group user:0
05-22 06:30:59.447 28702 28702 I XmlParser: startElement itemName:id user:0
05-22 06:30:59.447 28702 28702 I XmlParser: endElement itemName:id user:0
05-22 06:30:59.447 28702 28702 I XmlParser: startElement itemName:name user:0
05-22 06:30:59.447 28702 28702 I XmlParser: endElement itemName:name user:0
05-22 06:30:59.447 28702 28702 I XmlParser: startElement itemName:define user:0
05-22 06:30:59.447 28702 28702 I XmlParser: endElement itemName:define user:0
05-22 06:30:59.447 28702 28702 I XmlParser: startElement itemName:description user:0
05-22 06:30:59.447 28702 28702 I XmlParser: endElement itemName:description user:0
05-22 06:30:59.447 28702 28702 I XmlParser: endElement itemName:group user:0
05-22 06:30:59.447 28702 28702 I XmlParser: startElement itemName:group user:0
05-22 06:30:59.447 28702 28702 I XmlParser: startElement itemName:id user:0
05-22 06:30:59.447 28702 28702 I XmlParser: endElement itemName:id user:0
05-22 06:30:59.447 28702 28702 I XmlParser: startElement itemName:name user:0
05-22 06:30:59.447 28702 28702 I XmlParser: endElement itemName:name user:0
05-22 06:30:59.447 28702 28702 I XmlParser: startElement itemName:define user:0
05-22 06:30:59.447 28702 28702 I XmlParser: endElement itemName:define user:0
05-22 06:30:59.447 28702 28702 I XmlParser: startElement itemName:description user:0
05-22 06:30:59.447 28702 28702 I XmlParser: endElement itemName:description user:0
05-22 06:30:59.447 28702 28702 I XmlParser: endElement itemName:group user:0
05-22 06:30:59.447 28702 28702 I XmlParser: startElement itemName:group user:0
05-22 06:30:59.447 28702 28702 I XmlParser: startElement itemName:id user:0
05-22 06:30:59.447 28702 28702 I XmlParser: endElement itemName:id user:0
05-22 06:30:59.447 28702 28702 I XmlParser: startElement itemName:name user:0
05-22 06:30:59.447 28702 28702 I XmlParser: endElement itemName:name user:0
05-22 06:30:59.447 28702 28702 I XmlParser: startElement itemName:define user:0
05-22 06:30:59.447 28702 28702 I XmlParser: endElement itemName:define user:0
05-22 06:30:59.447 28702 28702 I XmlParser: startElement itemName:description user:0
05-22 06:30:59.447 28702 28702 I XmlParser: endElement itemName:description user:0
05-22 06:30:59.447 28702 28702 I XmlParser: endElement itemName:group user:0
05-22 06:30:59.447 28702 28702 I XmlParser: endElement itemName:resource user:0
05-22 06:30:59.447 28702 28702 I libEGL  : egl_cache_t() !XML_VALUE_GETCORRECT NAME_MAXVALUESIZE
05-22 06:30:59.447 28702 28702 I libEGL  : egl_cache_t() maxKeySize:12288  maxTotalSize:2097152  maxValueSize:16384
05-22 06:30:59.449 28702 28702 E libfingersense_wrapper: Couldn't load FingerSense library with dlopen(). Error: dlopen failed: library "libfingersense.so" not found
05-22 06:30:59.454 28702 28702 I appproc : CLASSPATH=/system/framework/am.jar
05-22 06:30:59.454 28702 28702 I appproc : Command=app_process /system/bin com.android.commands.am.Am broadcast -a mono.android.intent.action.EXTERNAL_STORAGE_DIRECTORY -n Mono.Android.DebugRuntime/com.xamarin.mono.android.ExternalStorageDirectory 
05-22 06:30:59.459 28702 28702 I AndroidRuntime: readDownloadBoosterConfig: 'false'
05-22 06:30:59.552 28702 28702 E libmdmdetect: Failed to open /sys/bus/msm_subsys/devices/subsys0/name: Permission denied
05-22 06:30:59.583 28702 28702 W System  : ClassLoader referenced unknown path: /product/lib
05-22 06:30:59.599 28702 28702 I HWSERVICES: hwnative_get_component_register:libdrmbitmap,JNI
05-22 06:30:59.605 28702 28702 I Radio-JNI: register_android_hardware_Radio DONE
05-22 06:30:59.609 28702 28702 I android_hardware_fm.cpp: register_android_hardware_fm_fmradio
05-22 06:30:59.609 28702 28702 I android_hardware_fm.cpp: ========32bit long size = 4
05-22 06:30:59.609 28702 28702 I android_hardware_fm.cpp: FM: get chip type = Qualcomm
05-22 06:30:59.610 28702 28702 E QCOMM_FM_IF: find the id:fm and begins to open the devices
05-22 06:30:59.610 28702 28702 I android_hardware_fm.cpp: register_android_hardware_fm_fmradio, ret is 0
05-22 06:31:00.012  2174  2174 W HwKeyguardDragHelper: AnimationBlocked
05-22 06:31:00.019  2174  2174 I EventCenter: EventCenter Get :android.intent.action.TIME_TICK
05-22 06:31:00.030  2174  2174 W HwKeyguardDragHelper: AnimationBlocked
05-22 06:31:00.036  2174  2174 E DateLunarView: mDateString is: Tue, May 22
05-22 06:31:00.039  2174  2174 E DateLunarView: mDateString is: Tue, May 22
05-22 06:31:00.046  4027  4027 I HwLauncher: Model  onReceive intent=Intent { act=android.intent.action.TIME_TICK flg=0x50000014 (has extras) }
05-22 06:31:00.046  4027  4027 I HwLauncher: Model  onReceive user=UserHandle{0}
05-22 06:31:00.055  4027  4090 E HwLauncher: SettingsEx , no such field.
05-22 06:31:00.055  4027  4090 W HwLauncher: Clock getDataFormat the getSystemString failed.
05-22 06:31:00.597  1727  2134 E HwCHRWebMonitor: WebMonitor [mNetWorkIsSuck=0 mUIDIsSuck=]  WebSpeed [WEBSENDSEGS=0  WEBRESENDSEGS=0  WEBRECVSEGS=0  WEBERRSEGS=0  WEBOUTRSTS=0  WEBESTABLISRST=0  WEBRTTDURATION=0  WEBRTTSEGS=0  WEBSRTT=0  WEBSNDDUPACKS=0  SENDSEGS=0  RESENDSEGS=0  RECVSEGS=0  ERRSEGS=0  OUTRSTS=0  ESTABLISRST=0  RTTDURATION=0  RTTSEGS=0  SNDDUPACKS=0  suckTimes=0 recovage_times=0]
05-22 06:31:00.597  1727  2134 E HwCHRWifiRSSIGroupSummery: updateTcpSummery mRSSI:-52  HwCHRWifiRSSIGroup [rssi_index=4, rtt_tcp_packets=0, rtt_tcp_duration=0, rtt_lan_duration=64, rtt_lan_failures=0, rtt_lan_succ=12, rtt_lan_max=30, rtt_lan_min=2,same_area_frequency=0,adjacent_area_frequency=0]
05-22 06:31:00.601  1727  2134 E HwCHRWebMonitor: HwCHRWifiPacketCnt [mTXGood=5, mTXbad=0, mRXGood=0] rssi=-52
05-22 06:31:00.601  1727  2134 E HwCHRWebMonitor: Good NetWork Traffic , so mOnAppSuckTime, mUnModifyCount reset 0
05-22 06:31:01.677   672   672 I cnss-daemon: RTM_NEWNEIGH message received: 28
05-22 06:31:01.677   672   672 E cnss-daemon: Stale or unreachable neighbors, ndm state: 16
05-22 06:31:01.678   672   672 I cnss-daemon: RTM_NEWNEIGH message received: 28
05-22 06:31:01.678   672   672 I cnss-daemon: NDA_DST received: 192.168.10.1 ul: 17475776
05-22 06:31:01.678   672   672 I cnss-daemon: NDA_LLADDR received
05-22 06:31:01.762  2301  2301 E wpa_supp: RSSI=-52;LINKSPEED=54;NOISE=9999;FREQUENCY=2447;
05-22 06:31:03.341  2465 27659 I DownloadState: @@@@@@@@@@@@ uid :10120 download :false
05-22 06:31:03.341  2465 27659 I PGServer: report state:5 event type:2 pid:0 uid:10120 pkg:null to pid: 1727
05-22 06:31:04.219 28732 28732 I XmlParser: startElement itemName:resource user:-1330814948
05-22 06:31:04.219 28732 28732 I XmlParser: startElement itemName:group user:-1330814948
05-22 06:31:04.219 28732 28732 I XmlParser: startElement itemName:id user:-1330814948
05-22 06:31:04.219 28732 28732 I XmlParser: endElement itemName:id user:-1330814948
05-22 06:31:04.219 28732 28732 I XmlParser: startElement itemName:name user:-1330814948
05-22 06:31:04.219 28732 28732 I XmlParser: endElement itemName:name user:-1330814948
05-22 06:31:04.219 28732 28732 I XmlParser: startElement itemName:define user:-1330814948
05-22 06:31:04.219 28732 28732 I XmlParser: endElement itemName:define user:-1330814948
05-22 06:31:04.219 28732 28732 I XmlParser: startElement itemName:description user:-1330814948
05-22 06:31:04.219 28732 28732 I XmlParser: endElement itemName:description user:-1330814948
05-22 06:31:04.219 28732 28732 I XmlParser: endElement itemName:group user:-1330814948
05-22 06:31:04.219 28732 28732 I XmlParser: startElement itemName:group user:-1330814948
05-22 06:31:04.219 28732 28732 I XmlParser: startElement itemName:id user:-1330814948
05-22 06:31:04.219 28732 28732 I XmlParser: endElement itemName:id user:-1330814948
05-22 06:31:04.219 28732 28732 I XmlParser: startElement itemName:name user:-1330814948
05-22 06:31:04.220 28732 28732 I XmlParser: endElement itemName:name user:-1330814948
05-22 06:31:04.220 28732 28732 I XmlParser: startElement itemName:define user:-1330814948
05-22 06:31:04.220 28732 28732 E XmlParser: startElement mResult:12288
05-22 06:31:04.220 28732 28732 I XmlParser: endElement itemName:define user:-1330814948
05-22 06:31:04.220 28732 28732 I XmlParser: startElement itemName:description user:-1330814948
05-22 06:31:04.220 28732 28732 I XmlParser: endElement itemName:description user:-1330814948
05-22 06:31:04.220 28732 28732 I XmlParser: endElement itemName:group user:-1330814948
05-22 06:31:04.220 28732 28732 I XmlParser: startElement itemName:group user:-1330814948
05-22 06:31:04.220 28732 28732 I XmlParser: startElement itemName:id user:-1330814948
05-22 06:31:04.220 28732 28732 I XmlParser: endElement itemName:id user:-1330814948
05-22 06:31:04.220 28732 28732 I XmlParser: startElement itemName:name user:-1330814948
05-22 06:31:04.220 28732 28732 I XmlParser: endElement itemName:name user:-1330814948
05-22 06:31:04.220 28732 28732 I XmlParser: startElement itemName:define user:-1330814948
05-22 06:31:04.220 28732 28732 I XmlParser: endElement itemName:define user:-1330814948
05-22 06:31:04.220 28732 28732 I XmlParser: startElement itemName:description user:-1330814948
05-22 06:31:04.220 28732 28732 I XmlParser: endElement itemName:description user:-1330814948
05-22 06:31:04.220 28732 28732 I XmlParser: endElement itemName:group user:-1330814948
05-22 06:31:04.220 28732 28732 I XmlParser: startElement itemName:group user:-1330814948
05-22 06:31:04.220 28732 28732 I XmlParser: startElement itemName:id user:-1330814948
05-22 06:31:04.220 28732 28732 I XmlParser: endElement itemName:id user:-1330814948
05-22 06:31:04.220 28732 28732 I XmlParser: startElement itemName:name user:-1330814948
05-22 06:31:04.220 28732 28732 I XmlParser: endElement itemName:name user:-1330814948
05-22 06:31:04.220 28732 28732 I XmlParser: startElement itemName:define user:-1330814948
05-22 06:31:04.220 28732 28732 I XmlParser: endElement itemName:define user:-1330814948
05-22 06:31:04.220 28732 28732 I XmlParser: startElement itemName:description user:-1330814948
05-22 06:31:04.220 28732 28732 I XmlParser: endElement itemName:description user:-1330814948
05-22 06:31:04.220 28732 28732 I XmlParser: endElement itemName:group user:-1330814948
05-22 06:31:04.220 28732 28732 I XmlParser: startElement itemName:group user:-1330814948
05-22 06:31:04.220 28732 28732 I XmlParser: startElement itemName:id user:-1330814948
05-22 06:31:04.220 28732 28732 I XmlParser: endElement itemName:id user:-1330814948
05-22 06:31:04.220 28732 28732 I XmlParser: startElement itemName:name user:-1330814948
05-22 06:31:04.220 28732 28732 I XmlParser: endElement itemName:name user:-1330814948
05-22 06:31:04.220 28732 28732 I XmlParser: startElement itemName:define user:-1330814948
05-22 06:31:04.220 28732 28732 I XmlParser: endElement itemName:define user:-1330814948
05-22 06:31:04.220 28732 28732 I XmlParser: startElement itemName:description user:-1330814948
05-22 06:31:04.220 28732 28732 I XmlParser: endElement itemName:description user:-1330814948
05-22 06:31:04.220 28732 28732 I XmlParser: endElement itemName:group user:-1330814948
05-22 06:31:04.220 28732 28732 I XmlParser: endElement itemName:resource user:-1330814948
05-22 06:31:04.220 28732 28732 I XmlParser: startElement itemName:resource user:0
05-22 06:31:04.220 28732 28732 I XmlParser: startElement itemName:group user:0
05-22 06:31:04.220 28732 28732 I XmlParser: startElement itemName:id user:0
05-22 06:31:04.220 28732 28732 I XmlParser: endElement itemName:id user:0
05-22 06:31:04.220 28732 28732 I XmlParser: startElement itemName:name user:0
05-22 06:31:04.220 28732 28732 I XmlParser: endElement itemName:name user:0
05-22 06:31:04.220 28732 28732 I XmlParser: startElement itemName:define user:0
05-22 06:31:04.220 28732 28732 E XmlParser: startElement mResult:2097152
05-22 06:31:04.220 28732 28732 I XmlParser: endElement itemName:define user:0
05-22 06:31:04.220 28732 28732 I XmlParser: startElement itemName:description user:0
05-22 06:31:04.220 28732 28732 I XmlParser: endElement itemName:description user:0
05-22 06:31:04.220 28732 28732 I XmlParser: endElement itemName:group user:0
05-22 06:31:04.220 28732 28732 I XmlParser: startElement itemName:group user:0
05-22 06:31:04.220 28732 28732 I XmlParser: startElement itemName:id user:0
05-22 06:31:04.220 28732 28732 I XmlParser: endElement itemName:id user:0
05-22 06:31:04.221 28732 28732 I XmlParser: startElement itemName:name user:0
05-22 06:31:04.221 28732 28732 I XmlParser: endElement itemName:name user:0
05-22 06:31:04.221 28732 28732 I XmlParser: startElement itemName:define user:0
05-22 06:31:04.221 28732 28732 I XmlParser: endElement itemName:define user:0
05-22 06:31:04.221 28732 28732 I XmlParser: startElement itemName:description user:0
05-22 06:31:04.221 28732 28732 I XmlParser: endElement itemName:description user:0
05-22 06:31:04.221 28732 28732 I XmlParser: endElement itemName:group user:0
05-22 06:31:04.221 28732 28732 I XmlParser: startElement itemName:group user:0
05-22 06:31:04.221 28732 28732 I XmlParser: startElement itemName:id user:0
05-22 06:31:04.221 28732 28732 I XmlParser: endElement itemName:id user:0
05-22 06:31:04.221 28732 28732 I XmlParser: startElement itemName:name user:0
05-22 06:31:04.221 28732 28732 I XmlParser: endElement itemName:name user:0
05-22 06:31:04.221 28732 28732 I XmlParser: startElement itemName:define user:0
05-22 06:31:04.221 28732 28732 I XmlParser: endElement itemName:define user:0
05-22 06:31:04.221 28732 28732 I XmlParser: startElement itemName:description user:0
05-22 06:31:04.221 28732 28732 I XmlParser: endElement itemName:description user:0
05-22 06:31:04.221 28732 28732 I XmlParser: endElement itemName:group user:0
05-22 06:31:04.221 28732 28732 I XmlParser: startElement itemName:group user:0
05-22 06:31:04.221 28732 28732 I XmlParser: startElement itemName:id user:0
05-22 06:31:04.221 28732 28732 I XmlParser: endElement itemName:id user:0
05-22 06:31:04.221 28732 28732 I XmlParser: startElement itemName:name user:0
05-22 06:31:04.221 28732 28732 I XmlParser: endElement itemName:name user:0
05-22 06:31:04.221 28732 28732 I XmlParser: startElement itemName:define user:0
05-22 06:31:04.221 28732 28732 I XmlParser: endElement itemName:define user:0
05-22 06:31:04.221 28732 28732 I XmlParser: startElement itemName:description user:0
05-22 06:31:04.221 28732 28732 I XmlParser: endElement itemName:description user:0
05-22 06:31:04.221 28732 28732 I XmlParser: endElement itemName:group user:0
05-22 06:31:04.221 28732 28732 I XmlParser: startElement itemName:group user:0
05-22 06:31:04.221 28732 28732 I XmlParser: startElement itemName:id user:0
05-22 06:31:04.221 28732 28732 I XmlParser: endElement itemName:id user:0
05-22 06:31:04.221 28732 28732 I XmlParser: startElement itemName:name user:0
05-22 06:31:04.221 28732 28732 I XmlParser: endElement itemName:name user:0
05-22 06:31:04.221 28732 28732 I XmlParser: startElement itemName:define user:0
05-22 06:31:04.221 28732 28732 I XmlParser: endElement itemName:define user:0
05-22 06:31:04.221 28732 28732 I XmlParser: startElement itemName:description user:0
05-22 06:31:04.221 28732 28732 I XmlParser: endElement itemName:description user:0
05-22 06:31:04.221 28732 28732 I XmlParser: endElement itemName:group user:0
05-22 06:31:04.221 28732 28732 I XmlParser: endElement itemName:resource user:0
05-22 06:31:04.221 28732 28732 I XmlParser: startElement itemName:resource user:0
05-22 06:31:04.221 28732 28732 I XmlParser: startElement itemName:group user:0
05-22 06:31:04.221 28732 28732 I XmlParser: startElement itemName:id user:0
05-22 06:31:04.221 28732 28732 I XmlParser: endElement itemName:id user:0
05-22 06:31:04.221 28732 28732 I XmlParser: startElement itemName:name user:0
05-22 06:31:04.221 28732 28732 I XmlParser: endElement itemName:name user:0
05-22 06:31:04.221 28732 28732 I XmlParser: startElement itemName:define user:0
05-22 06:31:04.221 28732 28732 I XmlParser: endElement itemName:define user:0
05-22 06:31:04.221 28732 28732 I XmlParser: startElement itemName:description user:0
05-22 06:31:04.221 28732 28732 I XmlParser: endElement itemName:description user:0
05-22 06:31:04.221 28732 28732 I XmlParser: endElement itemName:group user:0
05-22 06:31:04.221 28732 28732 I XmlParser: startElement itemName:group user:0
05-22 06:31:04.221 28732 28732 I XmlParser: startElement itemName:id user:0
05-22 06:31:04.221 28732 28732 I XmlParser: endElement itemName:id user:0
05-22 06:31:04.221 28732 28732 I XmlParser: startElement itemName:name user:0
05-22 06:31:04.221 28732 28732 I XmlParser: endElement itemName:name user:0
05-22 06:31:04.221 28732 28732 I XmlParser: startElement itemName:define user:0
05-22 06:31:04.221 28732 28732 I XmlParser: endElement itemName:define user:0
05-22 06:31:04.221 28732 28732 I XmlParser: startElement itemName:description user:0
05-22 06:31:04.221 28732 28732 I XmlParser: endElement itemName:description user:0
05-22 06:31:04.221 28732 28732 I XmlParser: endElement itemName:group user:0
05-22 06:31:04.221 28732 28732 I XmlParser: startElement itemName:group user:0
05-22 06:31:04.221 28732 28732 I XmlParser: startElement itemName:id user:0
05-22 06:31:04.222 28732 28732 I XmlParser: endElement itemName:id user:0
05-22 06:31:04.222 28732 28732 I XmlParser: startElement itemName:name user:0
05-22 06:31:04.222 28732 28732 I XmlParser: endElement itemName:name user:0
05-22 06:31:04.222 28732 28732 I XmlParser: startElement itemName:define user:0
05-22 06:31:04.222 28732 28732 I XmlParser: endElement itemName:define user:0
05-22 06:31:04.222 28732 28732 I XmlParser: startElement itemName:description user:0
05-22 06:31:04.222 28732 28732 I XmlParser: endElement itemName:description user:0
05-22 06:31:04.222 28732 28732 I XmlParser: endElement itemName:group user:0
05-22 06:31:04.222 28732 28732 I XmlParser: startElement itemName:group user:0
05-22 06:31:04.222 28732 28732 I XmlParser: startElement itemName:id user:0
05-22 06:31:04.222 28732 28732 I XmlParser: endElement itemName:id user:0
05-22 06:31:04.222 28732 28732 I XmlParser: startElement itemName:name user:0
05-22 06:31:04.222 28732 28732 I XmlParser: endElement itemName:name user:0
05-22 06:31:04.222 28732 28732 I XmlParser: startElement itemName:define user:0
05-22 06:31:04.222 28732 28732 I XmlParser: endElement itemName:define user:0
05-22 06:31:04.222 28732 28732 I XmlParser: startElement itemName:description user:0
05-22 06:31:04.222 28732 28732 I XmlParser: endElement itemName:description user:0
05-22 06:31:04.222 28732 28732 I XmlParser: endElement itemName:group user:0
05-22 06:31:04.222 28732 28732 I XmlParser: startElement itemName:group user:0
05-22 06:31:04.222 28732 28732 I XmlParser: startElement itemName:id user:0
05-22 06:31:04.222 28732 28732 I XmlParser: endElement itemName:id user:0
05-22 06:31:04.222 28732 28732 I XmlParser: startElement itemName:name user:0
05-22 06:31:04.222 28732 28732 I XmlParser: endElement itemName:name user:0
05-22 06:31:04.222 28732 28732 I XmlParser: startElement itemName:define user:0
05-22 06:31:04.222 28732 28732 I XmlParser: endElement itemName:define user:0
05-22 06:31:04.222 28732 28732 I XmlParser: startElement itemName:description user:0
05-22 06:31:04.222 28732 28732 I XmlParser: endElement itemName:description user:0
05-22 06:31:04.222 28732 28732 I XmlParser: endElement itemName:group user:0
05-22 06:31:04.222 28732 28732 I XmlParser: endElement itemName:resource user:0
05-22 06:31:04.222 28732 28732 I libEGL  : egl_cache_t() !XML_VALUE_GETCORRECT NAME_MAXVALUESIZE
05-22 06:31:04.222 28732 28732 I libEGL  : egl_cache_t() maxKeySize:12288  maxTotalSize:2097152  maxValueSize:16384
05-22 06:31:04.224 28732 28732 E libfingersense_wrapper: Couldn't load FingerSense library with dlopen(). Error: dlopen failed: library "libfingersense.so" not found
05-22 06:31:04.229 28732 28732 I appproc : CLASSPATH=/system/framework/am.jar
05-22 06:31:04.229 28732 28732 I appproc : Command=app_process /system/bin com.android.commands.am.Am broadcast -a mono.android.intent.action.EXTERNAL_STORAGE_DIRECTORY -n Mono.Android.DebugRuntime/com.xamarin.mono.android.ExternalStorageDirectory 
05-22 06:31:04.234 28732 28732 I AndroidRuntime: readDownloadBoosterConfig: 'false'
05-22 06:31:04.327 28732 28732 E libmdmdetect: Failed to open /sys/bus/msm_subsys/devices/subsys0/name: Permission denied
05-22 06:31:04.358 28732 28732 W System  : ClassLoader referenced unknown path: /product/lib
05-22 06:31:04.374 28732 28732 I HWSERVICES: hwnative_get_component_register:libdrmbitmap,JNI
05-22 06:31:04.380 28732 28732 I Radio-JNI: register_android_hardware_Radio DONE
05-22 06:31:04.384 28732 28732 I android_hardware_fm.cpp: register_android_hardware_fm_fmradio
05-22 06:31:04.384 28732 28732 I android_hardware_fm.cpp: ========32bit long size = 4
05-22 06:31:04.384 28732 28732 I android_hardware_fm.cpp: FM: get chip type = Qualcomm
05-22 06:31:04.385 28732 28732 E QCOMM_FM_IF: find the id:fm and begins to open the devices
05-22 06:31:04.385 28732 28732 I android_hardware_fm.cpp: register_android_hardware_fm_fmradio, ret is 0
05-22 06:31:04.783  2301  2301 E wpa_supp: RSSI=-52;LINKSPEED=54;NOISE=9999;FREQUENCY=2447;
05-22 06:31:05.258 28743 28743 I XmlParser: startElement itemName:resource user:-1363529700
05-22 06:31:05.258 28743 28743 I XmlParser: startElement itemName:group user:-1363529700
05-22 06:31:05.258 28743 28743 I XmlParser: startElement itemName:id user:-1363529700
05-22 06:31:05.258 28743 28743 I XmlParser: endElement itemName:id user:-1363529700
05-22 06:31:05.258 28743 28743 I XmlParser: startElement itemName:name user:-1363529700
05-22 06:31:05.258 28743 28743 I XmlParser: endElement itemName:name user:-1363529700
05-22 06:31:05.258 28743 28743 I XmlParser: startElement itemName:define user:-1363529700
05-22 06:31:05.259 28743 28743 I XmlParser: endElement itemName:define user:-1363529700
05-22 06:31:05.259 28743 28743 I XmlParser: startElement itemName:description user:-1363529700
05-22 06:31:05.259 28743 28743 I XmlParser: endElement itemName:description user:-1363529700
05-22 06:31:05.259 28743 28743 I XmlParser: endElement itemName:group user:-1363529700
05-22 06:31:05.259 28743 28743 I XmlParser: startElement itemName:group user:-1363529700
05-22 06:31:05.259 28743 28743 I XmlParser: startElement itemName:id user:-1363529700
05-22 06:31:05.259 28743 28743 I XmlParser: endElement itemName:id user:-1363529700
05-22 06:31:05.259 28743 28743 I XmlParser: startElement itemName:name user:-1363529700
05-22 06:31:05.259 28743 28743 I XmlParser: endElement itemName:name user:-1363529700
05-22 06:31:05.259 28743 28743 I XmlParser: startElement itemName:define user:-1363529700
05-22 06:31:05.259 28743 28743 E XmlParser: startElement mResult:12288
05-22 06:31:05.259 28743 28743 I XmlParser: endElement itemName:define user:-1363529700
05-22 06:31:05.259 28743 28743 I XmlParser: startElement itemName:description user:-1363529700
05-22 06:31:05.259 28743 28743 I XmlParser: endElement itemName:description user:-1363529700
05-22 06:31:05.259 28743 28743 I XmlParser: endElement itemName:group user:-1363529700
05-22 06:31:05.259 28743 28743 I XmlParser: startElement itemName:group user:-1363529700
05-22 06:31:05.259 28743 28743 I XmlParser: startElement itemName:id user:-1363529700
05-22 06:31:05.259 28743 28743 I XmlParser: endElement itemName:id user:-1363529700
05-22 06:31:05.259 28743 28743 I XmlParser: startElement itemName:name user:-1363529700
05-22 06:31:05.259 28743 28743 I XmlParser: endElement itemName:name user:-1363529700
05-22 06:31:05.259 28743 28743 I XmlParser: startElement itemName:define user:-1363529700
05-22 06:31:05.259 28743 28743 I XmlParser: endElement itemName:define user:-1363529700
05-22 06:31:05.259 28743 28743 I XmlParser: startElement itemName:description user:-1363529700
05-22 06:31:05.259 28743 28743 I XmlParser: endElement itemName:description user:-1363529700
05-22 06:31:05.259 28743 28743 I XmlParser: endElement itemName:group user:-1363529700
05-22 06:31:05.259 28743 28743 I XmlParser: startElement itemName:group user:-1363529700
05-22 06:31:05.259 28743 28743 I XmlParser: startElement itemName:id user:-1363529700
05-22 06:31:05.259 28743 28743 I XmlParser: endElement itemName:id user:-1363529700
05-22 06:31:05.259 28743 28743 I XmlParser: startElement itemName:name user:-1363529700
05-22 06:31:05.259 28743 28743 I XmlParser: endElement itemName:name user:-1363529700
05-22 06:31:05.259 28743 28743 I XmlParser: startElement itemName:define user:-1363529700
05-22 06:31:05.259 28743 28743 I XmlParser: endElement itemName:define user:-1363529700
05-22 06:31:05.259 28743 28743 I XmlParser: startElement itemName:description user:-1363529700
05-22 06:31:05.259 28743 28743 I XmlParser: endElement itemName:description user:-1363529700
05-22 06:31:05.259 28743 28743 I XmlParser: endElement itemName:group user:-1363529700
05-22 06:31:05.259 28743 28743 I XmlParser: startElement itemName:group user:-1363529700
05-22 06:31:05.259 28743 28743 I XmlParser: startElement itemName:id user:-1363529700
05-22 06:31:05.259 28743 28743 I XmlParser: endElement itemName:id user:-1363529700
05-22 06:31:05.259 28743 28743 I XmlParser: startElement itemName:name user:-1363529700
05-22 06:31:05.259 28743 28743 I XmlParser: endElement itemName:name user:-1363529700
05-22 06:31:05.259 28743 28743 I XmlParser: startElement itemName:define user:-1363529700
05-22 06:31:05.259 28743 28743 I XmlParser: endElement itemName:define user:-1363529700
05-22 06:31:05.259 28743 28743 I XmlParser: startElement itemName:description user:-1363529700
05-22 06:31:05.259 28743 28743 I XmlParser: endElement itemName:description user:-1363529700
05-22 06:31:05.259 28743 28743 I XmlParser: endElement itemName:group user:-1363529700
05-22 06:31:05.259 28743 28743 I XmlParser: endElement itemName:resource user:-1363529700
05-22 06:31:05.259 28743 28743 I XmlParser: startElement itemName:resource user:0
05-22 06:31:05.259 28743 28743 I XmlParser: startElement itemName:group user:0
05-22 06:31:05.259 28743 28743 I XmlParser: startElement itemName:id user:0
05-22 06:31:05.260 28743 28743 I XmlParser: endElement itemName:id user:0
05-22 06:31:05.260 28743 28743 I XmlParser: startElement itemName:name user:0
05-22 06:31:05.260 28743 28743 I XmlParser: endElement itemName:name user:0
05-22 06:31:05.260 28743 28743 I XmlParser: startElement itemName:define user:0
05-22 06:31:05.260 28743 28743 E XmlParser: startElement mResult:2097152
05-22 06:31:05.260 28743 28743 I XmlParser: endElement itemName:define user:0
05-22 06:31:05.260 28743 28743 I XmlParser: startElement itemName:description user:0
05-22 06:31:05.260 28743 28743 I XmlParser: endElement itemName:description user:0
05-22 06:31:05.260 28743 28743 I XmlParser: endElement itemName:group user:0
05-22 06:31:05.260 28743 28743 I XmlParser: startElement itemName:group user:0
05-22 06:31:05.260 28743 28743 I XmlParser: startElement itemName:id user:0
05-22 06:31:05.260 28743 28743 I XmlParser: endElement itemName:id user:0
05-22 06:31:05.260 28743 28743 I XmlParser: startElement itemName:name user:0
05-22 06:31:05.260 28743 28743 I XmlParser: endElement itemName:name user:0
05-22 06:31:05.260 28743 28743 I XmlParser: startElement itemName:define user:0
05-22 06:31:05.260 28743 28743 I XmlParser: endElement itemName:define user:0
05-22 06:31:05.260 28743 28743 I XmlParser: startElement itemName:description user:0
05-22 06:31:05.260 28743 28743 I XmlParser: endElement itemName:description user:0
05-22 06:31:05.260 28743 28743 I XmlParser: endElement itemName:group user:0
05-22 06:31:05.260 28743 28743 I XmlParser: startElement itemName:group user:0
05-22 06:31:05.260 28743 28743 I XmlParser: startElement itemName:id user:0
05-22 06:31:05.260 28743 28743 I XmlParser: endElement itemName:id user:0
05-22 06:31:05.260 28743 28743 I XmlParser: startElement itemName:name user:0
05-22 06:31:05.260 28743 28743 I XmlParser: endElement itemName:name user:0
05-22 06:31:05.260 28743 28743 I XmlParser: startElement itemName:define user:0
05-22 06:31:05.260 28743 28743 I XmlParser: endElement itemName:define user:0
05-22 06:31:05.260 28743 28743 I XmlParser: startElement itemName:description user:0
05-22 06:31:05.260 28743 28743 I XmlParser: endElement itemName:description user:0
05-22 06:31:05.260 28743 28743 I XmlParser: endElement itemName:group user:0
05-22 06:31:05.260 28743 28743 I XmlParser: startElement itemName:group user:0
05-22 06:31:05.260 28743 28743 I XmlParser: startElement itemName:id user:0
05-22 06:31:05.260 28743 28743 I XmlParser: endElement itemName:id user:0
05-22 06:31:05.260 28743 28743 I XmlParser: startElement itemName:name user:0
05-22 06:31:05.260 28743 28743 I XmlParser: endElement itemName:name user:0
05-22 06:31:05.260 28743 28743 I XmlParser: startElement itemName:define user:0
05-22 06:31:05.260 28743 28743 I XmlParser: endElement itemName:define user:0
05-22 06:31:05.260 28743 28743 I XmlParser: startElement itemName:description user:0
05-22 06:31:05.260 28743 28743 I XmlParser: endElement itemName:description user:0
05-22 06:31:05.260 28743 28743 I XmlParser: endElement itemName:group user:0
05-22 06:31:05.260 28743 28743 I XmlParser: startElement itemName:group user:0
05-22 06:31:05.260 28743 28743 I XmlParser: startElement itemName:id user:0
05-22 06:31:05.260 28743 28743 I XmlParser: endElement itemName:id user:0
05-22 06:31:05.260 28743 28743 I XmlParser: startElement itemName:name user:0
05-22 06:31:05.260 28743 28743 I XmlParser: endElement itemName:name user:0
05-22 06:31:05.260 28743 28743 I XmlParser: startElement itemName:define user:0
05-22 06:31:05.260 28743 28743 I XmlParser: endElement itemName:define user:0
05-22 06:31:05.260 28743 28743 I XmlParser: startElement itemName:description user:0
05-22 06:31:05.260 28743 28743 I XmlParser: endElement itemName:description user:0
05-22 06:31:05.260 28743 28743 I XmlParser: endElement itemName:group user:0
05-22 06:31:05.260 28743 28743 I XmlParser: endElement itemName:resource user:0
05-22 06:31:05.260 28743 28743 I XmlParser: startElement itemName:resource user:0
05-22 06:31:05.260 28743 28743 I XmlParser: startElement itemName:group user:0
05-22 06:31:05.260 28743 28743 I XmlParser: startElement itemName:id user:0
05-22 06:31:05.260 28743 28743 I XmlParser: endElement itemName:id user:0
05-22 06:31:05.260 28743 28743 I XmlParser: startElement itemName:name user:0
05-22 06:31:05.260 28743 28743 I XmlParser: endElement itemName:name user:0
05-22 06:31:05.260 28743 28743 I XmlParser: startElement itemName:define user:0
05-22 06:31:05.260 28743 28743 I XmlParser: endElement itemName:define user:0
05-22 06:31:05.260 28743 28743 I XmlParser: startElement itemName:description user:0
05-22 06:31:05.260 28743 28743 I XmlParser: endElement itemName:description user:0
05-22 06:31:05.261 28743 28743 I XmlParser: endElement itemName:group user:0
05-22 06:31:05.261 28743 28743 I XmlParser: startElement itemName:group user:0
05-22 06:31:05.261 28743 28743 I XmlParser: startElement itemName:id user:0
05-22 06:31:05.261 28743 28743 I XmlParser: endElement itemName:id user:0
05-22 06:31:05.261 28743 28743 I XmlParser: startElement itemName:name user:0
05-22 06:31:05.261 28743 28743 I XmlParser: endElement itemName:name user:0
05-22 06:31:05.261 28743 28743 I XmlParser: startElement itemName:define user:0
05-22 06:31:05.261 28743 28743 I XmlParser: endElement itemName:define user:0
05-22 06:31:05.261 28743 28743 I XmlParser: startElement itemName:description user:0
05-22 06:31:05.261 28743 28743 I XmlParser: endElement itemName:description user:0
05-22 06:31:05.261 28743 28743 I XmlParser: endElement itemName:group user:0
05-22 06:31:05.261 28743 28743 I XmlParser: startElement itemName:group user:0
05-22 06:31:05.261 28743 28743 I XmlParser: startElement itemName:id user:0
05-22 06:31:05.261 28743 28743 I XmlParser: endElement itemName:id user:0
05-22 06:31:05.261 28743 28743 I XmlParser: startElement itemName:name user:0
05-22 06:31:05.261 28743 28743 I XmlParser: endElement itemName:name user:0
05-22 06:31:05.261 28743 28743 I XmlParser: startElement itemName:define user:0
05-22 06:31:05.261 28743 28743 I XmlParser: endElement itemName:define user:0
05-22 06:31:05.261 28743 28743 I XmlParser: startElement itemName:description user:0
05-22 06:31:05.261 28743 28743 I XmlParser: endElement itemName:description user:0
05-22 06:31:05.261 28743 28743 I XmlParser: endElement itemName:group user:0
05-22 06:31:05.261 28743 28743 I XmlParser: startElement itemName:group user:0
05-22 06:31:05.261 28743 28743 I XmlParser: startElement itemName:id user:0
05-22 06:31:05.261 28743 28743 I XmlParser: endElement itemName:id user:0
05-22 06:31:05.261 28743 28743 I XmlParser: startElement itemName:name user:0
05-22 06:31:05.261 28743 28743 I XmlParser: endElement itemName:name user:0
05-22 06:31:05.261 28743 28743 I XmlParser: startElement itemName:define user:0
05-22 06:31:05.261 28743 28743 I XmlParser: endElement itemName:define user:0
05-22 06:31:05.261 28743 28743 I XmlParser: startElement itemName:description user:0
05-22 06:31:05.261 28743 28743 I XmlParser: endElement itemName:description user:0
05-22 06:31:05.261 28743 28743 I XmlParser: endElement itemName:group user:0
05-22 06:31:05.261 28743 28743 I XmlParser: startElement itemName:group user:0
05-22 06:31:05.261 28743 28743 I XmlParser: startElement itemName:id user:0
05-22 06:31:05.261 28743 28743 I XmlParser: endElement itemName:id user:0
05-22 06:31:05.261 28743 28743 I XmlParser: startElement itemName:name user:0
05-22 06:31:05.261 28743 28743 I XmlParser: endElement itemName:name user:0
05-22 06:31:05.261 28743 28743 I XmlParser: startElement itemName:define user:0
05-22 06:31:05.261 28743 28743 I XmlParser: endElement itemName:define user:0
05-22 06:31:05.261 28743 28743 I XmlParser: startElement itemName:description user:0
05-22 06:31:05.261 28743 28743 I XmlParser: endElement itemName:description user:0
05-22 06:31:05.261 28743 28743 I XmlParser: endElement itemName:group user:0
05-22 06:31:05.261 28743 28743 I XmlParser: endElement itemName:resource user:0
05-22 06:31:05.261 28743 28743 I libEGL  : egl_cache_t() !XML_VALUE_GETCORRECT NAME_MAXVALUESIZE
05-22 06:31:05.261 28743 28743 I libEGL  : egl_cache_t() maxKeySize:12288  maxTotalSize:2097152  maxValueSize:16384
05-22 06:31:05.263 28743 28743 E libfingersense_wrapper: Couldn't load FingerSense library with dlopen(). Error: dlopen failed: library "libfingersense.so" not found
05-22 06:31:05.268 28743 28743 I appproc : CLASSPATH=/system/framework/am.jar
05-22 06:31:05.269 28743 28743 I appproc : Command=app_process /system/bin com.android.commands.am.Am start -a android.intent.action.MAIN -c android.intent.category.LAUNCHER -n aTello.aTello/md515f5ae8ae1b65c33bd713bb83ba46775.MainActivity 
05-22 06:31:05.274 28743 28743 I AndroidRuntime: readDownloadBoosterConfig: 'false'
05-22 06:31:05.366 28743 28743 E libmdmdetect: Failed to open /sys/bus/msm_subsys/devices/subsys0/name: Permission denied
05-22 06:31:05.397 28743 28743 W System  : ClassLoader referenced unknown path: /product/lib
05-22 06:31:05.413 28743 28743 I HWSERVICES: hwnative_get_component_register:libdrmbitmap,JNI
05-22 06:31:05.419 28743 28743 I Radio-JNI: register_android_hardware_Radio DONE
05-22 06:31:05.423 28743 28743 I android_hardware_fm.cpp: register_android_hardware_fm_fmradio
05-22 06:31:05.423 28743 28743 I android_hardware_fm.cpp: ========32bit long size = 4
05-22 06:31:05.423 28743 28743 I android_hardware_fm.cpp: FM: get chip type = Qualcomm
05-22 06:31:05.424 28743 28743 E QCOMM_FM_IF: find the id:fm and begins to open the devices
05-22 06:31:05.424 28743 28743 I android_hardware_fm.cpp: register_android_hardware_fm_fmradio, ret is 0
05-22 06:31:05.448  1727  1825 W AwareLog: RMS.AwareSceneRecognize: SceneRec sceneType :8, eventType:1, pkg=aTello.aTello
05-22 06:31:05.458  4027 28756 W HwLauncher: Launcher.MotionManager stopMotionAppsReco service flg 403 is unavailable
05-22 06:31:05.460  1727  1863 I HwPointEventFilter: do not support AFT because of no config
05-22 06:31:05.461   670  1143 I logserver: handle_logfile_events, Object Path:/data/system/dropbox/, mask=0x00000080
05-22 06:31:05.461   670  1143 I logserver: process_one_event, event->len=48, name=system_server_wtf@1526970665460.txt
05-22 06:31:05.462   670  1143 I logserver: [find_first_match 2795]  commercial versoin(1), beta version(0): 1
05-22 06:31:05.475 28758 28758 I         : power log dlsym ok
05-22 06:31:05.481 28758 28758 I art     : Late-enabling -Xcheck:jni
05-22 06:31:05.497 28758 28765 I art     : Debugger is no longer active
05-22 06:31:05.497 28758 28765 I art     : Starting a blocking GC Instrumentation
05-22 06:31:05.504   684  1947 E Parcel  : Reading a NULL string not supported here.
05-22 06:31:05.504   684  1947 E Parcel  : Reading a NULL string not supported here.
05-22 06:31:05.560  1727 13385 I PG Utils: configBrightnessRange ratioMin = 1404  ratioMax = 7254  autoLimit = 4329
05-22 06:31:05.571  2174  2174 I HwPointEventFilter: do not support AFT because of no config
05-22 06:31:05.571  4027  4027 I HwLauncher: Model  onReceive intent=Intent { act=android.intent.action.CONFIGURATION_CHANGED flg=0x70000010 }
05-22 06:31:05.571  4027  4027 I HwLauncher: Model  onReceive user=UserHandle{0}
05-22 06:31:05.572  4027  4027 I HwLauncher: Launcher.Utilities updateOrientToPortrait original orientation = 2
05-22 06:31:05.572  1727  2072 I InputReader: Reconfiguring input devices.  changes=0x00000004
05-22 06:31:05.572  1727  2072 I InputReader: Device reconfigured: id=3, name='huawei,ts_kit', size 720x1280, orientation 1, mode 1, display id 0
05-22 06:31:05.573  4027  4027 I HwLauncher: Launcher.Settings  updateIconTitleSize fontSize = 12.0
05-22 06:31:05.576  2174  2174 I HwPointEventFilter: do not support AFT because of no config
05-22 06:31:05.586  2174  2174 I HwPointEventFilter: do not support AFT because of no config
05-22 06:31:05.590 21334 21334 I GoogleInputMethod: onStartInput() : Dummy InputConnection bound
05-22 06:31:05.603  1727  2134 E HwCHRWebMonitor: WebMonitor [mNetWorkIsSuck=0 mUIDIsSuck=]  WebSpeed [WEBSENDSEGS=0  WEBRESENDSEGS=0  WEBRECVSEGS=0  WEBERRSEGS=0  WEBOUTRSTS=0  WEBESTABLISRST=0  WEBRTTDURATION=0  WEBRTTSEGS=0  WEBSRTT=0  WEBSNDDUPACKS=0  SENDSEGS=0  RESENDSEGS=0  RECVSEGS=0  ERRSEGS=0  OUTRSTS=0  ESTABLISRST=0  RTTDURATION=0  RTTSEGS=0  SNDDUPACKS=0  suckTimes=0 recovage_times=0]
05-22 06:31:05.603  1727  2134 E HwCHRWifiRSSIGroupSummery: updateTcpSummery mRSSI:-52  HwCHRWifiRSSIGroup [rssi_index=4, rtt_tcp_packets=0, rtt_tcp_duration=0, rtt_lan_duration=64, rtt_lan_failures=0, rtt_lan_succ=12, rtt_lan_max=30, rtt_lan_min=2,same_area_frequency=0,adjacent_area_frequency=0]
05-22 06:31:05.606  2174  2174 I HwPointEventFilter: do not support AFT because of no config
05-22 06:31:05.609  1727  2134 E HwCHRWebMonitor: HwCHRWifiPacketCnt [mTXGood=6, mTXbad=0, mRXGood=9827] rssi=-52
05-22 06:31:05.612 28758 28758 W monodroid: Creating public update directory: `/data/user/0/aTello.aTello/files/.__override__`
05-22 06:31:05.612 28758 28758 W monodroid: Using override path: /data/user/0/aTello.aTello/files/.__override__
05-22 06:31:05.613 28758 28758 W monodroid: Using override path: /storage/emulated/0/Android/data/aTello.aTello/files/.__override__
05-22 06:31:05.613 28758 28758 W monodroid: Trying to load sgen from: /data/user/0/aTello.aTello/files/.__override__/libmonosgen-2.0.so
05-22 06:31:05.613 28758 28758 W monodroid: Trying to load sgen from: /storage/emulated/0/Android/data/aTello.aTello/files/.__override__/libmonosgen-2.0.so
05-22 06:31:05.613 28758 28758 W monodroid: Trying to load sgen from: /storage/emulated/0/../legacy/Android/data/aTello.aTello/files/.__override__/libmonosgen-2.0.so
05-22 06:31:05.613 28758 28758 W monodroid: Trying to load sgen from: /data/app/aTello.aTello-1/lib/arm/libmonosgen-2.0.so
05-22 06:31:05.613 28758 28758 W monodroid: Trying to load sgen from: /data/user/0/aTello.aTello/files/.__override__/links/libmonosgen-2.0.so
05-22 06:31:05.618 28758 28758 W monodroid-debug: Trying to initialize the debugger with options: --debugger-agent=transport=dt_socket,loglevel=0,address=127.0.0.1:29340,server=y,embedding=1
05-22 06:31:05.627  1727  2134 E HwCHRWebMonitor: running processName=aTello.aTello
05-22 06:31:05.644  2174  2174 W HwKeyguardDragHelper: AnimationBlocked
05-22 06:31:05.654 20236 23410 I AsyncOpDispatcher: 35-GetDeviceDataUploadOptInStatusOperation
05-22 06:31:05.665  2174  2174 I HwPointEventFilter: do not support AFT because of no config
05-22 06:31:05.679 28758 28758 W monodroid-debug: Accepted stdout connection: 49
05-22 06:31:05.683  2174  2174 E DateLunarView: mDateString is: Tue, May 22
05-22 06:31:05.686  2174  2174 E DateLunarView: mDateString is: Tue, May 22
05-22 06:31:05.722  2174  2174 W HwKeyguardDragHelper: AnimationBlocked
05-22 06:31:05.751  2174  2174 W HwKeyguardDragHelper: AnimationBlocked
05-22 06:31:05.752  2174  2174 W HwKeyguardDragHelper: AnimationBlocked
05-22 06:31:05.754  1727 12675 E HsmCoreServiceImpl: onTransact in code is: 103
05-22 06:31:05.754  1727 12675 I MediaProcessHandler: playingUids: 
05-22 06:31:06.604 28758 28758 W monodroid-gc: GREF GC Threshold: 46080
05-22 06:31:06.623 28758 28758 W monodroid: Calling into managed runtime init
05-22 06:31:07.397 28758 28758 I HwCust  : Constructor found for class android.app.HwCustActivityImpl
05-22 06:31:07.621 28758 28758 W Mono    : The request to load the assembly mscorlib v4.0.0.0 was remapped to v2.0.5.0
05-22 06:31:07.790  2301  2301 E wpa_supp: RSSI=-53;LINKSPEED=54;NOISE=9999;FREQUENCY=2447;
05-22 06:31:08.346  2465 27659 I DownloadState: @@@@@@@@@@@@ uid :10120 download :true
05-22 06:31:08.346  2465 27659 I PGServer: report state:5 event type:1 pid:0 uid:10120 pkg:null to pid: 1727
05-22 06:31:08.383 28758 28758 I MediaPlayer: [HSM] stayAwake false uid: 10120, pid: 28758
05-22 06:31:08.384  1727 15759 E HsmCoreServiceImpl: onTransact in code is: 102
05-22 06:31:08.384  1727 15759 I MediaProcessHandler: processOp opType: 1, uid: 10120, pid: 28758
05-22 06:31:08.384  1727 15759 W MediaProcessHandler: remove target not exist, maybe the UI process: uid: 10120, pid: 28758
05-22 06:31:08.433 28758 28758 I MediaPlayer: setDataSource(58, 1524, 29131)
05-22 06:31:08.435   666   972 I MediaPlayerService: MediaPlayerService::Client::setDataSource local file://?FileDescriptor=18&Offset=1524&Length=29131&Path=/data/app/aTello.aTello-1
05-22 06:31:08.439   666 28796 W MediaExtractor: creating media extractor in calling process
05-22 06:31:08.440 28758 28788 W Mono    : The request to load the assembly System v4.0.0.0 was remapped to v2.0.5.0
05-22 06:31:08.444   666 28796 I MediaExtractor: extractor created in uid: 1013 (media)
05-22 06:31:08.444   666 28796 W MP3Extractor: [MP3Extractor.cpp:MP3Extractor:428]#, File is Online
05-22 06:31:08.460  1727  1825 W AwareLog: RMS.AwareSceneRecognize: SceneRec sceneType :8, eventType:0, pkg=null
05-22 06:31:08.556 28758 28758 I HwSecImmHelper: mSecurityInputMethodService is null
05-22 06:31:08.562 28758 28758 I HwPointEventFilter: do not support AFT because of no config
05-22 06:31:08.588  2174  2174 I PhoneStatusBarPolicy: updateBluetooth:::setBluetoothBatteryEnable false.
05-22 06:31:08.588  2174  2174 I PhoneStatusBarPolicy: updateBluetooth::bluetoothEnabled:true, bluetoothConnected=false, bluetoothTransfering=false
05-22 06:31:08.619 28758 28799 I Adreno  : QUALCOMM build                   : 28fbe1e, I1c3536cac6
05-22 06:31:08.619 28758 28799 I Adreno  : Build Date                       : 12/27/16
05-22 06:31:08.619 28758 28799 I Adreno  : OpenGL ES Shader Compiler Version: XE031.09.00.04
05-22 06:31:08.619 28758 28799 I Adreno  : Local Branch                     : 
05-22 06:31:08.619 28758 28799 I Adreno  : Remote Branch                    : 
05-22 06:31:08.619 28758 28799 I Adreno  : Remote Branch                    : 
05-22 06:31:08.619 28758 28799 I Adreno  : Reconstruct Branch               : 
05-22 06:31:08.631 28758 28799 I OpenGLRenderer: Initialized EGL, version 1.4
05-22 06:31:08.653  2455 10880 I QtiTetherService: limitReached Alert received limitName: globalAlert on Interface: lo
