05-22 06:31:35.666  1727  2134 E HwCHRWebMonitor: WebMonitor [mNetWorkIsSuck=0 mUIDIsSuck=]  WebSpeed [WEBSENDSEGS=0  WEBRESENDSEGS=0  WEBRECVSEGS=0  WEBERRSEGS=0  WEBOUTRSTS=0  WEBESTABLISRST=0  WEBRTTDURATION=0  WEBRTTSEGS=0  WEBSRTT=0  WEBSNDDUPACKS=0  SENDSEGS=0  RESENDSEGS=0  RECVSEGS=0  ERRSEGS=0  OUTRSTS=0  ESTABLISRST=0  RTTDURATION=0  RTTSEGS=0  SNDDUPACKS=0  suckTimes=0 recovage_times=0]
05-22 06:31:35.666  1727  2134 E HwCHRWifiRSSIGroupSummery: updateTcpSummery mRSSI:-51  HwCHRWifiRSSIGroup [rssi_index=4, rtt_tcp_packets=0, rtt_tcp_duration=0, rtt_lan_duration=69, rtt_lan_failures=0, rtt_lan_succ=13, rtt_lan_max=30, rtt_lan_min=2,same_area_frequency=0,adjacent_area_frequency=0]
05-22 06:31:35.671  1727  2134 E HwCHRWebMonitor: HwCHRWifiPacketCnt [mTXGood=120, mTXbad=0, mRXGood=1] rssi=-51
05-22 06:31:35.671  1727  2134 E HwCHRWebMonitor: Good NetWork Traffic , so mOnAppSuckTime, mUnModifyCount reset 0
05-22 06:31:36.225   655   655 E Thermal-daemon: [pa_0] temp_new :28  temp_old :27
05-22 06:31:36.226   655   655 E ThermalBinder: mThermalService is NULL!
05-22 06:31:36.226   655   655 E Thermal-daemon: Report temperature: [pa_0] temp :28  report_threshold:1
05-22 06:31:36.330  1727  2072 E libfingersense_wrapper: libfingersense.so was not loaded
05-22 06:31:36.332 28758 28758 I ViewRootImpl: mView : DecorView@7f2db58[MainActivity], mWinFrame : Rect(0, 0 - 1184, 720), mWidth : 1184, mHeight : 720
05-22 06:31:36.412  1727  2072 E libfingersense_wrapper: libfingersense.so was not loaded
05-22 06:31:36.814  1727  2072 E libfingersense_wrapper: libfingersense.so was not loaded
05-22 06:31:36.816 28758 28758 I ViewRootImpl: mView : DecorView@7f2db58[MainActivity], mWinFrame : Rect(0, 0 - 1184, 720), mWidth : 1184, mHeight : 720
05-22 06:31:36.864  1727  2072 E libfingersense_wrapper: libfingersense.so was not loaded
05-22 06:31:37.098  1727  2072 E libfingersense_wrapper: libfingersense.so was not loaded
05-22 06:31:37.100 28758 28758 I ViewRootImpl: mView : DecorView@7f2db58[MainActivity], mWinFrame : Rect(0, 0 - 1184, 720), mWidth : 1184, mHeight : 720
05-22 06:31:37.165  1727  2072 E libfingersense_wrapper: libfingersense.so was not loaded
05-22 06:31:37.382  1727  2072 E libfingersense_wrapper: libfingersense.so was not loaded
05-22 06:31:37.384 28758 28758 I ViewRootImpl: mView : DecorView@7f2db58[MainActivity], mWinFrame : Rect(0, 0 - 1184, 720), mWidth : 1184, mHeight : 720
05-22 06:31:37.431  1727  2072 E libfingersense_wrapper: libfingersense.so was not loaded
05-22 06:31:37.882  2301  2301 E wpa_supp: RSSI=-50;LINKSPEED=54;NOISE=9999;FREQUENCY=2447;
05-22 06:31:38.186  2455  2475 I QtiTetherService: limitReached Alert received limitName: globalAlert on Interface: wlan0
05-22 06:31:38.212  1727  2088 I TetherStatsReporting: getTetherStats() called NetworkStats: elapsedRealtime=124476454
05-22 06:31:38.212  1727  2088 I TetherStatsReporting:   [0] iface=wlan0 uid=0 set=DEFAULT tag=0x0 roaming=NO rxBytes=33169077 rxPackets=37682 txBytes=295044 txPackets=2098 operations=0
05-22 06:31:38.212  1727  2088 I TetherStatsReporting:  proc=
05-22 06:31:38.212  1727  2088 I TetherStatsReporting:  actuid=-1
05-22 06:31:38.212  1727  2088 I TetherStatsReporting:   [1] iface=wlan0 uid=0 set=FOREGROUND tag=0x0 roaming=NO rxBytes=0 rxPackets=0 txBytes=0 txPackets=0 operations=0
05-22 06:31:38.212  1727  2088 I TetherStatsReporting:  proc=
05-22 06:31:38.212  1727  2088 I TetherStatsReporting:  actuid=-1
05-22 06:31:38.212  1727  2088 I TetherStatsReporting:   [2] iface=wlan0 uid=1000 set=DEFAULT tag=0x0 roaming=NO rxBytes=1728500 rxPackets=1359 txBytes=83385 txPackets=1159 operations=0
05-22 06:31:38.212  1727  2088 I TetherStatsReporting:  proc=
05-22 06:31:38.212  1727  2088 I TetherStatsReporting:  actuid=-1
05-22 06:31:38.212  1727  2088 I TetherStatsReporting:   [3] iface=wlan0 uid=1000 set=FOREGROUND tag=0x0 roaming=NO rxBytes=0 rxPackets=0 txBytes=0 txPackets=0 operations=0
05-22 06:31:38.212  1727  2088 I TetherStatsReporting:  proc=
05-22 06:31:38.212  1727  2088 I TetherStatsReporting:  actuid=-1
05-22 06:31:38.212  1727  2088 I TetherStatsReporting:   [4] iface=wlan0 uid=10009 set=DEFAULT tag=0x0 roaming=NO rxBytes=23618 rxPackets=32 txBytes=6342 txPackets=45 operations=0
05-22 06:31:38.212  1727  2088 I TetherStatsReporting:  proc=
05-22 06:31:38.212  1727  2088 I TetherStatsReporting:  actuid=-1
05-22 06:31:38.212  1727  2088 I TetherStatsReporting:   [5] iface=wlan0 uid=10009 set=FOREGROUND tag=0x0 roaming=NO rxBytes=0 rxPackets=0 txBytes=0 txPackets=0 operations=0
05-22 06:31:38.212  1727  2088 I TetherStatsReporting:  proc=
05-22 06:31:38.212  1727  2088 I TetherStatsReporting:  actuid=-1
05-22 06:31:38.212  1727  2088 I TetherStatsReporting:   [6] iface=wlan0 uid=10010 set=DEFAULT tag=0x0 roaming=NO rxBytes=0 rxPackets=0 txBytes=468 txPackets=9 operations=0
05-22 06:31:38.212  1727  2088 I TetherStatsReporting:  proc=
05-22 06:31:38.212  1727  2088 I TetherStatsReporting:  actuid=-1
05-22 06:31:38.212  1727  2088 I TetherStatsReporting:   [7] iface=wlan0 uid=10010 set=FOREGROUND tag=0x0 roaming=NO rxBytes=0 rxPackets=0 txBytes=0 txPackets=0 operations=0
05-22 06:31:38.212  1727  2088 I TetherStatsReporting:  proc=
05-22 06:31:38.212  1727  2088 I TetherStatsReporting:  actuid=-1
05-22 06:31:38.212  1727  2088 I TetherStatsReporting:   [8] iface=wlan0 uid=10016 set=DEFAULT tag=0x0 roaming=NO rxBytes=13307798 rxPackets=11220 txBytes=1121915 txPackets=7834 operations=0
05-22 06:31:38.212  1727  2088 I TetherStatsReporting:  proc=
05-22 06:31:38.212  1727  2088 I TetherStatsReporting:  actuid=-1
05-22 06:31:38.212  1727  2088 I TetherStatsReporting:   [9] iface=wlan0 uid=10016 set=FOREGROUND tag=0x0 roaming=NO rxBytes=0 rxPackets=0 txBytes=0 txPackets=0 operations=0
05-22 06:31:38.212  1727  2088 I TetherStatsReporting:  proc=
05-22 06:31:38.212  1727  2088 I TetherStatsReporting:  actuid=-1
05-22 06:31:38.212  1727  2088 I TetherStatsReporting:   [10] iface=wlan0 uid=10039 set=DEFAULT tag=0x0 roaming=NO rxBytes=27245409 rxPackets=18837 txBytes=705432 txPackets=9889 operations=0
05-22 06:31:38.212  1727  2088 I TetherStatsReporting:  proc=
05-22 06:31:38.212  1727  2088 I TetherStatsReporting:  actuid=-1
05-22 06:31:38.212  1727  2088 I TetherStatsReporting:   [11] iface=wlan0 uid=10039 set=FOREGROUND tag=0x0 roaming=NO rxBytes=0 rxPackets=0 txBytes=0 txPackets=0 operations=0
05-22 06:31:38.212  1727  2088 I TetherStatsReporting:  proc=
05-22 06:31:38.212  1727  2088 I TetherStatsReporting:  actuid=-1
05-22 06:31:38.212  1727  2088 I TetherStatsReporting:   [12] iface=wlan0 uid=10042 set=DEFAULT tag=0x0 roaming=NO rxBytes=23820 rxPackets=35 txBytes=11569 txPackets=48 operations=0
05-22 06:31:38.212  1727  2088 I TetherStatsReporting:  proc=
05-22 06:31:38.212  1727  2088 I TetherStatsReporting:  actuid=-1
05-22 06:31:38.212  1727  2088 I TetherStatsReporting:   [13] iface=wlan0 uid=10042 set=FOREGROUND tag=0x0 roaming=NO rxBytes=0 rxPackets=0 txBytes=0 txPackets=0 operations=0
05-22 06:31:38.212  1727  2088 I TetherStatsReporting:  proc=
05-22 06:31:38.212  1727  2088 I TetherStatsReporting:  actuid=-1
05-22 06:31:38.212  1727  2088 I TetherStatsReporting:   [14] iface=wlan0 uid=10043 set=DEFAULT tag=0x0 roaming=NO rxBytes=958672 rxPackets=772 txBytes=52459 txPackets=339 operations=0
05-22 06:31:38.212  1727  2088 I TetherStatsReporting:  proc=
05-22 06:31:38.212  1727  2088 I TetherStatsReporting:  actuid=-1
05-22 06:31:38.212  1727  2088 I TetherStatsReporting:   [15] iface=wlan0 uid=10043 set=FOREGROUND tag=0x0 roaming=NO rxBytes=0 rxPackets=0 txBytes=0 txPackets=0 operations=0
05-22 06:31:38.212  1727  2088 I TetherStatsReporting:  proc=
05-22 06:31:38.212  1727  2088 I TetherStatsReporting:  actuid=-1
05-22 06:31:38.212  1727  2088 I TetherStatsReporting:   [16] iface=wlan0 uid=10061 set=DEFAULT tag=0x0 roaming=NO rxBytes=15521 rxPackets=34 txBytes=4439 txPackets=40 operations=0
05-22 06:31:38.212  1727  2088 I TetherStatsReporting:  proc=
05-22 06:31:38.212  1727  2088 I TetherStatsReporting:  actuid=-1
05-22 06:31:38.212  1727  2088 I TetherStatsReporting:   [17] iface=wlan0 uid=10061 set=FOREGROUND tag=0x0 roaming=NO rxBytes=0 rxPackets=0 txBytes=0 txPackets=0 operations=0
05-22 06:31:38.212  1727  2088 I TetherStatsReporting:  proc=
05-22 06:31:38.212  1727  2088 I TetherStatsReporting:  actuid=-1
05-22 06:31:38.212  1727  2088 I TetherStatsReporting:   [18] iface=wlan0 uid=10063 set=DEFAULT tag=0x0 roaming=NO rxBytes=80 rxPackets=2 txBytes=120 txPackets=2 operations=0
05-22 06:31:38.212  1727  2088 I TetherStatsReporting:  proc=
05-22 06:31:38.212  1727  2088 I TetherStatsReporting:  actuid=-1
05-22 06:31:38.212  1727  2088 I TetherStatsReporting:   [19] iface=wlan0 uid=10063 set=FOREGROUND tag=0x0 roaming=NO rxBytes=0 rxPackets=0 txBytes=0 txPackets=0 operations=0
05-22 06:31:38.212  1727  2088 I TetherStatsReporting:  proc=
05-22 06:31:38.212  1727  2088 I TetherStatsReporting:  actuid=-1
05-22 06:31:38.212  1727  2088 I TetherStatsReporting:   [20] iface=wlan0 uid=10080 set=DEFAULT tag=0x0 roaming=NO rxBytes=45525 rxPackets=81 txBytes=24126 txPackets=91 operations=0
05-22 06:31:38.212  1727  2088 I TetherStatsReporting:  proc=
05-22 06:31:38.212  1727  2088 I TetherStatsReporting:  actuid=-1
05-22 06:31:38.212  1727  2088 I TetherStatsReporting:   [21] iface=wlan0 uid=10080 set=FOREGROUND tag=0x0 roaming=NO rxBytes=0 rxPackets=0 txBytes=0 txPackets=0 operations=0
05-22 06:31:38.212  1727  2088 I TetherStatsReporting:  proc=
05-22 06:31:38.212  1727  2088 I TetherStatsReporting:  actuid=-1
05-22 06:31:38.212  1727  2088 I TetherStatsReporting:   [22] iface=wlan0 uid=10081 set=DEFAULT tag=0x0 roaming=NO rxBytes=12450 rxPackets=28 txBytes=5147 txPackets=29 operations=0
05-22 06:31:38.212  1727  2088 I TetherStatsReporting:  proc=
05-22 06:31:38.212  1727  2088 I TetherStatsReporting:  actuid=-1
05-22 06:31:38.212  1727  2088 I TetherStatsReporting:   [23] iface=wlan0 uid=10081 set=FOREGROUND tag=0x0 roaming=NO rxBytes=0 rxPackets=0 txBytes=0 txPackets=0 operations=0
05-22 06:31:38.212  1727  2088 I TetherStatsReporting:  proc=
05-22 06:31:38.212  1727  2088 I TetherStatsReporting:  actuid=-1
05-22 06:31:38.212  1727  2088 I TetherStatsReporting:   [24] iface=wlan0 uid=10083 set=DEFAULT tag=0x0 roaming=NO rxBytes=192041 rxPackets=266 txBytes=81517 txPackets=310 operations=0
05-22 06:31:38.212  1727  2088 I TetherStatsReporting:  proc=
05-22 06:31:38.212  1727  2088 I TetherStatsReporting:  actuid=-1
05-22 06:31:38.212  1727  2088 I TetherStatsReporting:   [25] iface=wlan0 uid=10083 set=FOREGROUND tag=0x0 roaming=NO rxBytes=0 rxPackets=0 txBytes=0 txPackets=0 operations=0
05-22 06:31:38.212  1727  2088 I TetherStatsReporting:  proc=
05-22 06:31:38.212  1727  2088 I TetherStatsReporting:  actuid=-1
05-22 06:31:38.212  1727  2088 I TetherStatsReporting:   [26] iface=wlan0 uid=10088 set=DEFAULT tag=0x0 roaming=NO rxBytes=10447 rxPackets=16 txBytes=2631 txPackets=23 operations=0
05-22 06:31:38.212  1727  2088 I TetherStatsReporting:  proc=
05-22 06:31:38.212  1727  2088 I TetherStatsReporting:  actuid=-1
05-22 06:31:38.212  1727  2088 I TetherStatsReporting:   [27] iface=wlan0 uid=10088 set=FOREGROUND tag=0x0 roaming=NO rxBytes=0 rxPackets=0 txBytes=0 txPackets=0 operations=0
05-22 06:31:38.212  1727  2088 I TetherStatsReporting:  proc=
05-22 06:31:38.212  1727  2088 I TetherStatsReporting:  actuid=-1
05-22 06:31:38.212  1727  2088 I TetherStatsReporting:   [28] iface=wlan0
05-22 06:31:38.212  1727  2088 I TetherStatsReporting: combining tether stats
05-22 06:31:38.240  2309  2509 E HwSystemManager: NatTrafficNotifyService:imsi is null, so return
05-22 06:31:40.673  1727  2134 E HwCHRWebMonitor: WebMonitor [mNetWorkIsSuck=0 mUIDIsSuck=]  WebSpeed [WEBSENDSEGS=0  WEBRESENDSEGS=0  WEBRECVSEGS=0  WEBERRSEGS=0  WEBOUTRSTS=0  WEBESTABLISRST=0  WEBRTTDURATION=0  WEBRTTSEGS=0  WEBSRTT=0  WEBSNDDUPACKS=0  SENDSEGS=0  RESENDSEGS=0  RECVSEGS=0  ERRSEGS=0  OUTRSTS=0  ESTABLISRST=0  RTTDURATION=0  RTTSEGS=0  SNDDUPACKS=0  suckTimes=0 recovage_times=0]
05-22 06:31:40.673  1727  2134 E HwCHRWifiRSSIGroupSummery: updateTcpSummery mRSSI:-50  HwCHRWifiRSSIGroup [rssi_index=4, rtt_tcp_packets=0, rtt_tcp_duration=0, rtt_lan_duration=69, rtt_lan_failures=0, rtt_lan_succ=13, rtt_lan_max=30, rtt_lan_min=2,same_area_frequency=0,adjacent_area_frequency=0]
05-22 06:31:40.678  1727  2134 E HwCHRWebMonitor: HwCHRWifiPacketCnt [mTXGood=118, mTXbad=0, mRXGood=0] rssi=-50
05-22 06:31:40.678  1727  2134 E HwCHRWebMonitor: Good NetWork Traffic , so mOnAppSuckTime, mUnModifyCount reset 0
05-22 06:31:40.891  2301  2301 E wpa_supp: RSSI=-50;LINKSPEED=54;NOISE=9999;FREQUENCY=2447;
05-22 06:31:41.558   672   672 I cnss-daemon: RTM_NEWNEIGH message received: 28
05-22 06:31:41.558   672   672 E cnss-daemon: Stale or unreachable neighbors, ndm state: 4
05-22 06:31:42.323  2455  2474 I QtiTetherService: limitReached Alert received limitName: globalAlert on Interface: wlan0
05-22 06:31:42.344  1727  2088 I TetherStatsReporting: getTetherStats() called NetworkStats: elapsedRealtime=124480595
05-22 06:31:42.344  1727  2088 I TetherStatsReporting:   [0] iface=wlan0 uid=0 set=DEFAULT tag=0x0 roaming=NO rxBytes=33169077 rxPackets=37682 txBytes=295044 txPackets=2098 operations=0
05-22 06:31:42.344  1727  2088 I TetherStatsReporting:  proc=
05-22 06:31:42.344  1727  2088 I TetherStatsReporting:  actuid=-1
05-22 06:31:42.344  1727  2088 I TetherStatsReporting:   [1] iface=wlan0 uid=0 set=FOREGROUND tag=0x0 roaming=NO rxBytes=0 rxPackets=0 txBytes=0 txPackets=0 operations=0
05-22 06:31:42.344  1727  2088 I TetherStatsReporting:  proc=
05-22 06:31:42.344  1727  2088 I TetherStatsReporting:  actuid=-1
05-22 06:31:42.344  1727  2088 I TetherStatsReporting:   [2] iface=wlan0 uid=1000 set=DEFAULT tag=0x0 roaming=NO rxBytes=1728500 rxPackets=1359 txBytes=83385 txPackets=1159 operations=0
05-22 06:31:42.344  1727  2088 I TetherStatsReporting:  proc=
05-22 06:31:42.344  1727  2088 I TetherStatsReporting:  actuid=-1
05-22 06:31:42.344  1727  2088 I TetherStatsReporting:   [3] iface=wlan0 uid=1000 set=FOREGROUND tag=0x0 roaming=NO rxBytes=0 rxPackets=0 txBytes=0 txPackets=0 operations=0
05-22 06:31:42.344  1727  2088 I TetherStatsReporting:  proc=
05-22 06:31:42.344  1727  2088 I TetherStatsReporting:  actuid=-1
05-22 06:31:42.344  1727  2088 I TetherStatsReporting:   [4] iface=wlan0 uid=10009 set=DEFAULT tag=0x0 roaming=NO rxBytes=23618 rxPackets=32 txBytes=6342 txPackets=45 operations=0
05-22 06:31:42.344  1727  2088 I TetherStatsReporting:  proc=
05-22 06:31:42.344  1727  2088 I TetherStatsReporting:  actuid=-1
05-22 06:31:42.344  1727  2088 I TetherStatsReporting:   [5] iface=wlan0 uid=10009 set=FOREGROUND tag=0x0 roaming=NO rxBytes=0 rxPackets=0 txBytes=0 txPackets=0 operations=0
05-22 06:31:42.344  1727  2088 I TetherStatsReporting:  proc=
05-22 06:31:42.344  1727  2088 I TetherStatsReporting:  actuid=-1
05-22 06:31:42.344  1727  2088 I TetherStatsReporting:   [6] iface=wlan0 uid=10010 set=DEFAULT tag=0x0 roaming=NO rxBytes=0 rxPackets=0 txBytes=468 txPackets=9 operations=0
05-22 06:31:42.344  1727  2088 I TetherStatsReporting:  proc=
05-22 06:31:42.344  1727  2088 I TetherStatsReporting:  actuid=-1
05-22 06:31:42.344  1727  2088 I TetherStatsReporting:   [7] iface=wlan0 uid=10010 set=FOREGROUND tag=0x0 roaming=NO rxBytes=0 rxPackets=0 txBytes=0 txPackets=0 operations=0
05-22 06:31:42.344  1727  2088 I TetherStatsReporting:  proc=
05-22 06:31:42.344  1727  2088 I TetherStatsReporting:  actuid=-1
05-22 06:31:42.344  1727  2088 I TetherStatsReporting:   [8] iface=wlan0 uid=10016 set=DEFAULT tag=0x0 roaming=NO rxBytes=13307798 rxPackets=11220 txBytes=1121915 txPackets=7834 operations=0
05-22 06:31:42.344  1727  2088 I TetherStatsReporting:  proc=
05-22 06:31:42.344  1727  2088 I TetherStatsReporting:  actuid=-1
05-22 06:31:42.344  1727  2088 I TetherStatsReporting:   [9] iface=wlan0 uid=10016 set=FOREGROUND tag=0x0 roaming=NO rxBytes=0 rxPackets=0 txBytes=0 txPackets=0 operations=0
05-22 06:31:42.344  1727  2088 I TetherStatsReporting:  proc=
05-22 06:31:42.344  1727  2088 I TetherStatsReporting:  actuid=-1
05-22 06:31:42.344  1727  2088 I TetherStatsReporting:   [10] iface=wlan0 uid=10039 set=DEFAULT tag=0x0 roaming=NO rxBytes=27245409 rxPackets=18837 txBytes=705432 txPackets=9889 operations=0
05-22 06:31:42.344  1727  2088 I TetherStatsReporting:  proc=
05-22 06:31:42.344  1727  2088 I TetherStatsReporting:  actuid=-1
05-22 06:31:42.344  1727  2088 I TetherStatsReporting:   [11] iface=wlan0 uid=10039 set=FOREGROUND tag=0x0 roaming=NO rxBytes=0 rxPackets=0 txBytes=0 txPackets=0 operations=0
05-22 06:31:42.344  1727  2088 I TetherStatsReporting:  proc=
05-22 06:31:42.344  1727  2088 I TetherStatsReporting:  actuid=-1
05-22 06:31:42.344  1727  2088 I TetherStatsReporting:   [12] iface=wlan0 uid=10042 set=DEFAULT tag=0x0 roaming=NO rxBytes=23820 rxPackets=35 txBytes=11569 txPackets=48 operations=0
05-22 06:31:42.344  1727  2088 I TetherStatsReporting:  proc=
05-22 06:31:42.344  1727  2088 I TetherStatsReporting:  actuid=-1
05-22 06:31:42.344  1727  2088 I TetherStatsReporting:   [13] iface=wlan0 uid=10042 set=FOREGROUND tag=0x0 roaming=NO rxBytes=0 rxPackets=0 txBytes=0 txPackets=0 operations=0
05-22 06:31:42.344  1727  2088 I TetherStatsReporting:  proc=
05-22 06:31:42.344  1727  2088 I TetherStatsReporting:  actuid=-1
05-22 06:31:42.344  1727  2088 I TetherStatsReporting:   [14] iface=wlan0 uid=10043 set=DEFAULT tag=0x0 roaming=NO rxBytes=958672 rxPackets=772 txBytes=52459 txPackets=339 operations=0
05-22 06:31:42.344  1727  2088 I TetherStatsReporting:  proc=
05-22 06:31:42.344  1727  2088 I TetherStatsReporting:  actuid=-1
05-22 06:31:42.344  1727  2088 I TetherStatsReporting:   [15] iface=wlan0 uid=10043 set=FOREGROUND tag=0x0 roaming=NO rxBytes=0 rxPackets=0 txBytes=0 txPackets=0 operations=0
05-22 06:31:42.344  1727  2088 I TetherStatsReporting:  proc=
05-22 06:31:42.344  1727  2088 I TetherStatsReporting:  actuid=-1
05-22 06:31:42.344  1727  2088 I TetherStatsReporting:   [16] iface=wlan0 uid=10061 set=DEFAULT tag=0x0 roaming=NO rxBytes=15521 rxPackets=34 txBytes=4439 txPackets=40 operations=0
05-22 06:31:42.344  1727  2088 I TetherStatsReporting:  proc=
05-22 06:31:42.344  1727  2088 I TetherStatsReporting:  actuid=-1
05-22 06:31:42.344  1727  2088 I TetherStatsReporting:   [17] iface=wlan0 uid=10061 set=FOREGROUND tag=0x0 roaming=NO rxBytes=0 rxPackets=0 txBytes=0 txPackets=0 operations=0
05-22 06:31:42.344  1727  2088 I TetherStatsReporting:  proc=
05-22 06:31:42.344  1727  2088 I TetherStatsReporting:  actuid=-1
05-22 06:31:42.344  1727  2088 I TetherStatsReporting:   [18] iface=wlan0 uid=10063 set=DEFAULT tag=0x0 roaming=NO rxBytes=80 rxPackets=2 txBytes=120 txPackets=2 operations=0
05-22 06:31:42.344  1727  2088 I TetherStatsReporting:  proc=
05-22 06:31:42.344  1727  2088 I TetherStatsReporting:  actuid=-1
05-22 06:31:42.344  1727  2088 I TetherStatsReporting:   [19] iface=wlan0 uid=10063 set=FOREGROUND tag=0x0 roaming=NO rxBytes=0 rxPackets=0 txBytes=0 txPackets=0 operations=0
05-22 06:31:42.344  1727  2088 I TetherStatsReporting:  proc=
05-22 06:31:42.344  1727  2088 I TetherStatsReporting:  actuid=-1
05-22 06:31:42.344  1727  2088 I TetherStatsReporting:   [20] iface=wlan0 uid=10080 set=DEFAULT tag=0x0 roaming=NO rxBytes=45525 rxPackets=81 txBytes=24126 txPackets=91 operations=0
05-22 06:31:42.344  1727  2088 I TetherStatsReporting:  proc=
05-22 06:31:42.344  1727  2088 I TetherStatsReporting:  actuid=-1
05-22 06:31:42.344  1727  2088 I TetherStatsReporting:   [21] iface=wlan0 uid=10080 set=FOREGROUND tag=0x0 roaming=NO rxBytes=0 rxPackets=0 txBytes=0 txPackets=0 operations=0
05-22 06:31:42.344  1727  2088 I TetherStatsReporting:  proc=
05-22 06:31:42.344  1727  2088 I TetherStatsReporting:  actuid=-1
05-22 06:31:42.344  1727  2088 I TetherStatsReporting:   [22] iface=wlan0 uid=10081 set=DEFAULT tag=0x0 roaming=NO rxBytes=12450 rxPackets=28 txBytes=5147 txPackets=29 operations=0
05-22 06:31:42.344  1727  2088 I TetherStatsReporting:  proc=
05-22 06:31:42.344  1727  2088 I TetherStatsReporting:  actuid=-1
05-22 06:31:42.344  1727  2088 I TetherStatsReporting:   [23] iface=wlan0 uid=10081 set=FOREGROUND tag=0x0 roaming=NO rxBytes=0 rxPackets=0 txBytes=0 txPackets=0 operations=0
05-22 06:31:42.344  1727  2088 I TetherStatsReporting:  proc=
05-22 06:31:42.344  1727  2088 I TetherStatsReporting:  actuid=-1
05-22 06:31:42.344  1727  2088 I TetherStatsReporting:   [24] iface=wlan0 uid=10083 set=DEFAULT tag=0x0 roaming=NO rxBytes=192041 rxPackets=266 txBytes=81517 txPackets=310 operations=0
05-22 06:31:42.344  1727  2088 I TetherStatsReporting:  proc=
05-22 06:31:42.344  1727  2088 I TetherStatsReporting:  actuid=-1
05-22 06:31:42.344  1727  2088 I TetherStatsReporting:   [25] iface=wlan0 uid=10083 set=FOREGROUND tag=0x0 roaming=NO rxBytes=0 rxPackets=0 txBytes=0 txPackets=0 operations=0
05-22 06:31:42.344  1727  2088 I TetherStatsReporting:  proc=
05-22 06:31:42.344  1727  2088 I TetherStatsReporting:  actuid=-1
05-22 06:31:42.344  1727  2088 I TetherStatsReporting:   [26] iface=wlan0 uid=10088 set=DEFAULT tag=0x0 roaming=NO rxBytes=10447 rxPackets=16 txBytes=2631 txPackets=23 operations=0
05-22 06:31:42.344  1727  2088 I TetherStatsReporting:  proc=
05-22 06:31:42.344  1727  2088 I TetherStatsReporting:  actuid=-1
05-22 06:31:42.344  1727  2088 I TetherStatsReporting:   [27] iface=wlan0 uid=10088 set=FOREGROUND tag=0x0 roaming=NO rxBytes=0 rxPackets=0 txBytes=0 txPackets=0 operations=0
05-22 06:31:42.344  1727  2088 I TetherStatsReporting:  proc=
05-22 06:31:42.344  1727  2088 I TetherStatsReporting:  actuid=-1
05-22 06:31:42.344  1727  2088 I TetherStatsReporting:   [28] iface=wlan0
05-22 06:31:42.345  1727  2088 I TetherStatsReporting: combining tether stats
05-22 06:31:42.375  2309  2509 E HwSystemManager: NatTrafficNotifyService:imsi is null, so return
05-22 06:31:43.897  2301  2301 E wpa_supp: RSSI=-50;LINKSPEED=54;NOISE=9999;FREQUENCY=2447;
05-22 06:31:45.684  1727  2134 E HwCHRWebMonitor: WebMonitor [mNetWorkIsSuck=0 mUIDIsSuck=]  WebSpeed [WEBSENDSEGS=0  WEBRESENDSEGS=0  WEBRECVSEGS=0  WEBERRSEGS=0  WEBOUTRSTS=0  WEBESTABLISRST=0  WEBRTTDURATION=0  WEBRTTSEGS=0  WEBSRTT=0  WEBSNDDUPACKS=0  SENDSEGS=0  RESENDSEGS=0  RECVSEGS=0  ERRSEGS=0  OUTRSTS=0  ESTABLISRST=0  RTTDURATION=0  RTTSEGS=0  SNDDUPACKS=0  suckTimes=0 recovage_times=0]
05-22 06:31:45.684  1727  2134 E HwCHRWifiRSSIGroupSummery: updateTcpSummery mRSSI:-50  HwCHRWifiRSSIGroup [rssi_index=4, rtt_tcp_packets=0, rtt_tcp_duration=0, rtt_lan_duration=69, rtt_lan_failures=0, rtt_lan_succ=13, rtt_lan_max=30, rtt_lan_min=2,same_area_frequency=0,adjacent_area_frequency=0]
05-22 06:31:45.693  1727  2134 E HwCHRWebMonitor: HwCHRWifiPacketCnt [mTXGood=119, mTXbad=0, mRXGood=0] rssi=-50
05-22 06:31:45.693  1727  2134 E HwCHRWebMonitor: Good NetWork Traffic , so mOnAppSuckTime, mUnModifyCount reset 0
05-22 06:31:45.843   672   672 I cnss-daemon: RTM_NEWNEIGH message received: 28
05-22 06:31:45.843   672   672 I cnss-daemon: NDA_DST received: 192.168.10.1 ul: 17475776
05-22 06:31:45.843   672   672 I cnss-daemon: NDA_LLADDR received
05-22 06:31:45.867  1727  2134 E HwCHRWifiRSSIGroupSummery: updatArpSummery mRSSI:-50  HwCHRWifiRSSIGroup [rssi_index=4, rtt_tcp_packets=0, rtt_tcp_duration=0, rtt_lan_duration=75, rtt_lan_failures=0, rtt_lan_succ=14, rtt_lan_max=30, rtt_lan_min=2,same_area_frequency=0,adjacent_area_frequency=0]
05-22 06:31:46.451  2455 10880 I QtiTetherService: limitReached Alert received limitName: globalAlert on Interface: wlan0
05-22 06:31:46.483  1727  2088 I TetherStatsReporting: getTetherStats() called NetworkStats: elapsedRealtime=124484728
05-22 06:31:46.483  1727  2088 I TetherStatsReporting:   [0] iface=wlan0 uid=0 set=DEFAULT tag=0x0 roaming=NO rxBytes=33169077 rxPackets=37682 txBytes=295044 txPackets=2098 operations=0
05-22 06:31:46.483  1727  2088 I TetherStatsReporting:  proc=
05-22 06:31:46.483  1727  2088 I TetherStatsReporting:  actuid=-1
05-22 06:31:46.483  1727  2088 I TetherStatsReporting:   [1] iface=wlan0 uid=0 set=FOREGROUND tag=0x0 roaming=NO rxBytes=0 rxPackets=0 txBytes=0 txPackets=0 operations=0
05-22 06:31:46.483  1727  2088 I TetherStatsReporting:  proc=
05-22 06:31:46.483  1727  2088 I TetherStatsReporting:  actuid=-1
05-22 06:31:46.483  1727  2088 I TetherStatsReporting:   [2] iface=wlan0 uid=1000 set=DEFAULT tag=0x0 roaming=NO rxBytes=1728500 rxPackets=1359 txBytes=83385 txPackets=1159 operations=0
05-22 06:31:46.483  1727  2088 I TetherStatsReporting:  proc=
05-22 06:31:46.483  1727  2088 I TetherStatsReporting:  actuid=-1
05-22 06:31:46.483  1727  2088 I TetherStatsReporting:   [3] iface=wlan0 uid=1000 set=FOREGROUND tag=0x0 roaming=NO rxBytes=0 rxPackets=0 txBytes=0 txPackets=0 operations=0
05-22 06:31:46.483  1727  2088 I TetherStatsReporting:  proc=
05-22 06:31:46.483  1727  2088 I TetherStatsReporting:  actuid=-1
05-22 06:31:46.483  1727  2088 I TetherStatsReporting:   [4] iface=wlan0 uid=10009 set=DEFAULT tag=0x0 roaming=NO rxBytes=23618 rxPackets=32 txBytes=6342 txPackets=45 operations=0
05-22 06:31:46.483  1727  2088 I TetherStatsReporting:  proc=
05-22 06:31:46.483  1727  2088 I TetherStatsReporting:  actuid=-1
05-22 06:31:46.483  1727  2088 I TetherStatsReporting:   [5] iface=wlan0 uid=10009 set=FOREGROUND tag=0x0 roaming=NO rxBytes=0 rxPackets=0 txBytes=0 txPackets=0 operations=0
05-22 06:31:46.483  1727  2088 I TetherStatsReporting:  proc=
05-22 06:31:46.483  1727  2088 I TetherStatsReporting:  actuid=-1
05-22 06:31:46.483  1727  2088 I TetherStatsReporting:   [6] iface=wlan0 uid=10010 set=DEFAULT tag=0x0 roaming=NO rxBytes=0 rxPackets=0 txBytes=468 txPackets=9 operations=0
05-22 06:31:46.483  1727  2088 I TetherStatsReporting:  proc=
05-22 06:31:46.483  1727  2088 I TetherStatsReporting:  actuid=-1
05-22 06:31:46.483  1727  2088 I TetherStatsReporting:   [7] iface=wlan0 uid=10010 set=FOREGROUND tag=0x0 roaming=NO rxBytes=0 rxPackets=0 txBytes=0 txPackets=0 operations=0
05-22 06:31:46.483  1727  2088 I TetherStatsReporting:  proc=
05-22 06:31:46.483  1727  2088 I TetherStatsReporting:  actuid=-1
05-22 06:31:46.483  1727  2088 I TetherStatsReporting:   [8] iface=wlan0 uid=10016 set=DEFAULT tag=0x0 roaming=NO rxBytes=13307798 rxPackets=11220 txBytes=1121915 txPackets=7834 operations=0
05-22 06:31:46.483  1727  2088 I TetherStatsReporting:  proc=
05-22 06:31:46.483  1727  2088 I TetherStatsReporting:  actuid=-1
05-22 06:31:46.483  1727  2088 I TetherStatsReporting:   [9] iface=wlan0 uid=10016 set=FOREGROUND tag=0x0 roaming=NO rxBytes=0 rxPackets=0 txBytes=0 txPackets=0 operations=0
05-22 06:31:46.483  1727  2088 I TetherStatsReporting:  proc=
05-22 06:31:46.483  1727  2088 I TetherStatsReporting:  actuid=-1
05-22 06:31:46.483  1727  2088 I TetherStatsReporting:   [10] iface=wlan0 uid=10039 set=DEFAULT tag=0x0 roaming=NO rxBytes=27245409 rxPackets=18837 txBytes=705432 txPackets=9889 operations=0
05-22 06:31:46.483  1727  2088 I TetherStatsReporting:  proc=
05-22 06:31:46.483  1727  2088 I TetherStatsReporting:  actuid=-1
05-22 06:31:46.483  1727  2088 I TetherStatsReporting:   [11] iface=wlan0 uid=10039 set=FOREGROUND tag=0x0 roaming=NO rxBytes=0 rxPackets=0 txBytes=0 txPackets=0 operations=0
05-22 06:31:46.483  1727  2088 I TetherStatsReporting:  proc=
05-22 06:31:46.483  1727  2088 I TetherStatsReporting:  actuid=-1
05-22 06:31:46.483  1727  2088 I TetherStatsReporting:   [12] iface=wlan0 uid=10042 set=DEFAULT tag=0x0 roaming=NO rxBytes=23820 rxPackets=35 txBytes=11569 txPackets=48 operations=0
05-22 06:31:46.483  1727  2088 I TetherStatsReporting:  proc=
05-22 06:31:46.483  1727  2088 I TetherStatsReporting:  actuid=-1
05-22 06:31:46.483  1727  2088 I TetherStatsReporting:   [13] iface=wlan0 uid=10042 set=FOREGROUND tag=0x0 roaming=NO rxBytes=0 rxPackets=0 txBytes=0 txPackets=0 operations=0
05-22 06:31:46.483  1727  2088 I TetherStatsReporting:  proc=
05-22 06:31:46.483  1727  2088 I TetherStatsReporting:  actuid=-1
05-22 06:31:46.483  1727  2088 I TetherStatsReporting:   [14] iface=wlan0 uid=10043 set=DEFAULT tag=0x0 roaming=NO rxBytes=958672 rxPackets=772 txBytes=52459 txPackets=339 operations=0
05-22 06:31:46.483  1727  2088 I TetherStatsReporting:  proc=
05-22 06:31:46.483  1727  2088 I TetherStatsReporting:  actuid=-1
05-22 06:31:46.483  1727  2088 I TetherStatsReporting:   [15] iface=wlan0 uid=10043 set=FOREGROUND tag=0x0 roaming=NO rxBytes=0 rxPackets=0 txBytes=0 txPackets=0 operations=0
05-22 06:31:46.483  1727  2088 I TetherStatsReporting:  proc=
05-22 06:31:46.483  1727  2088 I TetherStatsReporting:  actuid=-1
05-22 06:31:46.483  1727  2088 I TetherStatsReporting:   [16] iface=wlan0 uid=10061 set=DEFAULT tag=0x0 roaming=NO rxBytes=15521 rxPackets=34 txBytes=4439 txPackets=40 operations=0
05-22 06:31:46.483  1727  2088 I TetherStatsReporting:  proc=
05-22 06:31:46.483  1727  2088 I TetherStatsReporting:  actuid=-1
05-22 06:31:46.483  1727  2088 I TetherStatsReporting:   [17] iface=wlan0 uid=10061 set=FOREGROUND tag=0x0 roaming=NO rxBytes=0 rxPackets=0 txBytes=0 txPackets=0 operations=0
05-22 06:31:46.483  1727  2088 I TetherStatsReporting:  proc=
05-22 06:31:46.483  1727  2088 I TetherStatsReporting:  actuid=-1
05-22 06:31:46.483  1727  2088 I TetherStatsReporting:   [18] iface=wlan0 uid=10063 set=DEFAULT tag=0x0 roaming=NO rxBytes=80 rxPackets=2 txBytes=120 txPackets=2 operations=0
05-22 06:31:46.483  1727  2088 I TetherStatsReporting:  proc=
05-22 06:31:46.483  1727  2088 I TetherStatsReporting:  actuid=-1
05-22 06:31:46.483  1727  2088 I TetherStatsReporting:   [19] iface=wlan0 uid=10063 set=FOREGROUND tag=0x0 roaming=NO rxBytes=0 rxPackets=0 txBytes=0 txPackets=0 operations=0
05-22 06:31:46.483  1727  2088 I TetherStatsReporting:  proc=
05-22 06:31:46.483  1727  2088 I TetherStatsReporting:  actuid=-1
05-22 06:31:46.483  1727  2088 I TetherStatsReporting:   [20] iface=wlan0 uid=10080 set=DEFAULT tag=0x0 roaming=NO rxBytes=45525 rxPackets=81 txBytes=24126 txPackets=91 operations=0
05-22 06:31:46.483  1727  2088 I TetherStatsReporting:  proc=
05-22 06:31:46.483  1727  2088 I TetherStatsReporting:  actuid=-1
05-22 06:31:46.483  1727  2088 I TetherStatsReporting:   [21] iface=wlan0 uid=10080 set=FOREGROUND tag=0x0 roaming=NO rxBytes=0 rxPackets=0 txBytes=0 txPackets=0 operations=0
05-22 06:31:46.483  1727  2088 I TetherStatsReporting:  proc=
05-22 06:31:46.483  1727  2088 I TetherStatsReporting:  actuid=-1
05-22 06:31:46.483  1727  2088 I TetherStatsReporting:   [22] iface=wlan0 uid=10081 set=DEFAULT tag=0x0 roaming=NO rxBytes=12450 rxPackets=28 txBytes=5147 txPackets=29 operations=0
05-22 06:31:46.483  1727  2088 I TetherStatsReporting:  proc=
05-22 06:31:46.483  1727  2088 I TetherStatsReporting:  actuid=-1
05-22 06:31:46.483  1727  2088 I TetherStatsReporting:   [23] iface=wlan0 uid=10081 set=FOREGROUND tag=0x0 roaming=NO rxBytes=0 rxPackets=0 txBytes=0 txPackets=0 operations=0
05-22 06:31:46.483  1727  2088 I TetherStatsReporting:  proc=
05-22 06:31:46.483  1727  2088 I TetherStatsReporting:  actuid=-1
05-22 06:31:46.483  1727  2088 I TetherStatsReporting:   [24] iface=wlan0 uid=10083 set=DEFAULT tag=0x0 roaming=NO rxBytes=192041 rxPackets=266 txBytes=81517 txPackets=310 operations=0
05-22 06:31:46.483  1727  2088 I TetherStatsReporting:  proc=
05-22 06:31:46.483  1727  2088 I TetherStatsReporting:  actuid=-1
05-22 06:31:46.483  1727  2088 I TetherStatsReporting:   [25] iface=wlan0 uid=10083 set=FOREGROUND tag=0x0 roaming=NO rxBytes=0 rxPackets=0 txBytes=0 txPackets=0 operations=0
05-22 06:31:46.483  1727  2088 I TetherStatsReporting:  proc=
05-22 06:31:46.483  1727  2088 I TetherStatsReporting:  actuid=-1
05-22 06:31:46.483  1727  2088 I TetherStatsReporting:   [26] iface=wlan0 uid=10088 set=DEFAULT tag=0x0 roaming=NO rxBytes=10447 rxPackets=16 txBytes=2631 txPackets=23 operations=0
05-22 06:31:46.483  1727  2088 I TetherStatsReporting:  proc=
05-22 06:31:46.483  1727  2088 I TetherStatsReporting:  actuid=-1
05-22 06:31:46.483  1727  2088 I TetherStatsReporting:   [27] iface=wlan0 uid=10088 set=FOREGROUND tag=0x0 roaming=NO rxBytes=0 rxPackets=0 txBytes=0 txPackets=0 operations=0
05-22 06:31:46.483  1727  2088 I TetherStatsReporting:  proc=
05-22 06:31:46.483  1727  2088 I TetherStatsReporting:  actuid=-1
05-22 06:31:46.483  1727  2088 I TetherStatsReporting:   [28] iface=wlan0
05-22 06:31:46.483  1727  2088 I TetherStatsReporting: combining tether stats
05-22 06:31:46.511  2309  2509 E HwSystemManager: NatTrafficNotifyService:imsi is null, so return
05-22 06:31:46.907  2301  2301 E wpa_supp: RSSI=-49;LINKSPEED=54;NOISE=9999;FREQUENCY=2447;
05-22 06:31:48.729 20236 28840 W blqz    : [{0}] Failed to resolve name. status={1}
05-22 06:31:49.916  2301  2301 E wpa_supp: RSSI=-50;LINKSPEED=54;NOISE=9999;FREQUENCY=2447;
05-22 06:31:50.269 20297 28845 W blqz    : [{0}] Failed to resolve name. status={1}
05-22 06:31:50.586  2455  2475 I QtiTetherService: limitReached Alert received limitName: globalAlert on Interface: wlan0
05-22 06:31:50.607  1727  2088 I TetherStatsReporting: getTetherStats() called NetworkStats: elapsedRealtime=124488858
05-22 06:31:50.607  1727  2088 I TetherStatsReporting:   [0] iface=wlan0 uid=0 set=DEFAULT tag=0x0 roaming=NO rxBytes=33169077 rxPackets=37682 txBytes=295044 txPackets=2098 operations=0
05-22 06:31:50.607  1727  2088 I TetherStatsReporting:  proc=
05-22 06:31:50.607  1727  2088 I TetherStatsReporting:  actuid=-1
05-22 06:31:50.607  1727  2088 I TetherStatsReporting:   [1] iface=wlan0 uid=0 set=FOREGROUND tag=0x0 roaming=NO rxBytes=0 rxPackets=0 txBytes=0 txPackets=0 operations=0
05-22 06:31:50.607  1727  2088 I TetherStatsReporting:  proc=
05-22 06:31:50.607  1727  2088 I TetherStatsReporting:  actuid=-1
05-22 06:31:50.607  1727  2088 I TetherStatsReporting:   [2] iface=wlan0 uid=1000 set=DEFAULT tag=0x0 roaming=NO rxBytes=1728500 rxPackets=1359 txBytes=83385 txPackets=1159 operations=0
05-22 06:31:50.607  1727  2088 I TetherStatsReporting:  proc=
05-22 06:31:50.607  1727  2088 I TetherStatsReporting:  actuid=-1
05-22 06:31:50.607  1727  2088 I TetherStatsReporting:   [3] iface=wlan0 uid=1000 set=FOREGROUND tag=0x0 roaming=NO rxBytes=0 rxPackets=0 txBytes=0 txPackets=0 operations=0
05-22 06:31:50.607  1727  2088 I TetherStatsReporting:  proc=
05-22 06:31:50.607  1727  2088 I TetherStatsReporting:  actuid=-1
05-22 06:31:50.607  1727  2088 I TetherStatsReporting:   [4] iface=wlan0 uid=10009 set=DEFAULT tag=0x0 roaming=NO rxBytes=23618 rxPackets=32 txBytes=6342 txPackets=45 operations=0
05-22 06:31:50.607  1727  2088 I TetherStatsReporting:  proc=
05-22 06:31:50.607  1727  2088 I TetherStatsReporting:  actuid=-1
05-22 06:31:50.607  1727  2088 I TetherStatsReporting:   [5] iface=wlan0 uid=10009 set=FOREGROUND tag=0x0 roaming=NO rxBytes=0 rxPackets=0 txBytes=0 txPackets=0 operations=0
05-22 06:31:50.607  1727  2088 I TetherStatsReporting:  proc=
05-22 06:31:50.607  1727  2088 I TetherStatsReporting:  actuid=-1
05-22 06:31:50.607  1727  2088 I TetherStatsReporting:   [6] iface=wlan0 uid=10010 set=DEFAULT tag=0x0 roaming=NO rxBytes=0 rxPackets=0 txBytes=468 txPackets=9 operations=0
05-22 06:31:50.607  1727  2088 I TetherStatsReporting:  proc=
05-22 06:31:50.607  1727  2088 I TetherStatsReporting:  actuid=-1
05-22 06:31:50.607  1727  2088 I TetherStatsReporting:   [7] iface=wlan0 uid=10010 set=FOREGROUND tag=0x0 roaming=NO rxBytes=0 rxPackets=0 txBytes=0 txPackets=0 operations=0
05-22 06:31:50.607  1727  2088 I TetherStatsReporting:  proc=
05-22 06:31:50.607  1727  2088 I TetherStatsReporting:  actuid=-1
05-22 06:31:50.607  1727  2088 I TetherStatsReporting:   [8] iface=wlan0 uid=10016 set=DEFAULT tag=0x0 roaming=NO rxBytes=13307798 rxPackets=11220 txBytes=1121915 txPackets=7834 operations=0
05-22 06:31:50.607  1727  2088 I TetherStatsReporting:  proc=
05-22 06:31:50.607  1727  2088 I TetherStatsReporting:  actuid=-1
05-22 06:31:50.607  1727  2088 I TetherStatsReporting:   [9] iface=wlan0 uid=10016 set=FOREGROUND tag=0x0 roaming=NO rxBytes=0 rxPackets=0 txBytes=0 txPackets=0 operations=0
05-22 06:31:50.607  1727  2088 I TetherStatsReporting:  proc=
05-22 06:31:50.607  1727  2088 I TetherStatsReporting:  actuid=-1
05-22 06:31:50.607  1727  2088 I TetherStatsReporting:   [10] iface=wlan0 uid=10039 set=DEFAULT tag=0x0 roaming=NO rxBytes=27245409 rxPackets=18837 txBytes=705432 txPackets=9889 operations=0
05-22 06:31:50.607  1727  2088 I TetherStatsReporting:  proc=
05-22 06:31:50.607  1727  2088 I TetherStatsReporting:  actuid=-1
05-22 06:31:50.607  1727  2088 I TetherStatsReporting:   [11] iface=wlan0 uid=10039 set=FOREGROUND tag=0x0 roaming=NO rxBytes=0 rxPackets=0 txBytes=0 txPackets=0 operations=0
05-22 06:31:50.607  1727  2088 I TetherStatsReporting:  proc=
05-22 06:31:50.607  1727  2088 I TetherStatsReporting:  actuid=-1
05-22 06:31:50.607  1727  2088 I TetherStatsReporting:   [12] iface=wlan0 uid=10042 set=DEFAULT tag=0x0 roaming=NO rxBytes=23820 rxPackets=35 txBytes=11569 txPackets=48 operations=0
05-22 06:31:50.607  1727  2088 I TetherStatsReporting:  proc=
05-22 06:31:50.607  1727  2088 I TetherStatsReporting:  actuid=-1
05-22 06:31:50.607  1727  2088 I TetherStatsReporting:   [13] iface=wlan0 uid=10042 set=FOREGROUND tag=0x0 roaming=NO rxBytes=0 rxPackets=0 txBytes=0 txPackets=0 operations=0
05-22 06:31:50.607  1727  2088 I TetherStatsReporting:  proc=
05-22 06:31:50.607  1727  2088 I TetherStatsReporting:  actuid=-1
05-22 06:31:50.607  1727  2088 I TetherStatsReporting:   [14] iface=wlan0 uid=10043 set=DEFAULT tag=0x0 roaming=NO rxBytes=958672 rxPackets=772 txBytes=52459 txPackets=339 operations=0
05-22 06:31:50.607  1727  2088 I TetherStatsReporting:  proc=
05-22 06:31:50.607  1727  2088 I TetherStatsReporting:  actuid=-1
05-22 06:31:50.607  1727  2088 I TetherStatsReporting:   [15] iface=wlan0 uid=10043 set=FOREGROUND tag=0x0 roaming=NO rxBytes=0 rxPackets=0 txBytes=0 txPackets=0 operations=0
05-22 06:31:50.607  1727  2088 I TetherStatsReporting:  proc=
05-22 06:31:50.607  1727  2088 I TetherStatsReporting:  actuid=-1
05-22 06:31:50.607  1727  2088 I TetherStatsReporting:   [16] iface=wlan0 uid=10061 set=DEFAULT tag=0x0 roaming=NO rxBytes=15521 rxPackets=34 txBytes=4439 txPackets=40 operations=0
05-22 06:31:50.607  1727  2088 I TetherStatsReporting:  proc=
05-22 06:31:50.607  1727  2088 I TetherStatsReporting:  actuid=-1
05-22 06:31:50.607  1727  2088 I TetherStatsReporting:   [17] iface=wlan0 uid=10061 set=FOREGROUND tag=0x0 roaming=NO rxBytes=0 rxPackets=0 txBytes=0 txPackets=0 operations=0
05-22 06:31:50.607  1727  2088 I TetherStatsReporting:  proc=
05-22 06:31:50.607  1727  2088 I TetherStatsReporting:  actuid=-1
05-22 06:31:50.607  1727  2088 I TetherStatsReporting:   [18] iface=wlan0 uid=10063 set=DEFAULT tag=0x0 roaming=NO rxBytes=80 rxPackets=2 txBytes=120 txPackets=2 operations=0
05-22 06:31:50.607  1727  2088 I TetherStatsReporting:  proc=
05-22 06:31:50.607  1727  2088 I TetherStatsReporting:  actuid=-1
05-22 06:31:50.607  1727  2088 I TetherStatsReporting:   [19] iface=wlan0 uid=10063 set=FOREGROUND tag=0x0 roaming=NO rxBytes=0 rxPackets=0 txBytes=0 txPackets=0 operations=0
05-22 06:31:50.607  1727  2088 I TetherStatsReporting:  proc=
05-22 06:31:50.607  1727  2088 I TetherStatsReporting:  actuid=-1
05-22 06:31:50.607  1727  2088 I TetherStatsReporting:   [20] iface=wlan0 uid=10080 set=DEFAULT tag=0x0 roaming=NO rxBytes=45525 rxPackets=81 txBytes=24126 txPackets=91 operations=0
05-22 06:31:50.607  1727  2088 I TetherStatsReporting:  proc=
05-22 06:31:50.607  1727  2088 I TetherStatsReporting:  actuid=-1
05-22 06:31:50.607  1727  2088 I TetherStatsReporting:   [21] iface=wlan0 uid=10080 set=FOREGROUND tag=0x0 roaming=NO rxBytes=0 rxPackets=0 txBytes=0 txPackets=0 operations=0
05-22 06:31:50.607  1727  2088 I TetherStatsReporting:  proc=
05-22 06:31:50.607  1727  2088 I TetherStatsReporting:  actuid=-1
05-22 06:31:50.607  1727  2088 I TetherStatsReporting:   [22] iface=wlan0 uid=10081 set=DEFAULT tag=0x0 roaming=NO rxBytes=12450 rxPackets=28 txBytes=5147 txPackets=29 operations=0
05-22 06:31:50.607  1727  2088 I TetherStatsReporting:  proc=
05-22 06:31:50.607  1727  2088 I TetherStatsReporting:  actuid=-1
05-22 06:31:50.607  1727  2088 I TetherStatsReporting:   [23] iface=wlan0 uid=10081 set=FOREGROUND tag=0x0 roaming=NO rxBytes=0 rxPackets=0 txBytes=0 txPackets=0 operations=0
05-22 06:31:50.607  1727  2088 I TetherStatsReporting:  proc=
05-22 06:31:50.607  1727  2088 I TetherStatsReporting:  actuid=-1
05-22 06:31:50.607  1727  2088 I TetherStatsReporting:   [24] iface=wlan0 uid=10083 set=DEFAULT tag=0x0 roaming=NO rxBytes=192041 rxPackets=266 txBytes=81517 txPackets=310 operations=0
05-22 06:31:50.607  1727  2088 I TetherStatsReporting:  proc=
05-22 06:31:50.607  1727  2088 I TetherStatsReporting:  actuid=-1
05-22 06:31:50.607  1727  2088 I TetherStatsReporting:   [25] iface=wlan0 uid=10083 set=FOREGROUND tag=0x0 roaming=NO rxBytes=0 rxPackets=0 txBytes=0 txPackets=0 operations=0
05-22 06:31:50.607  1727  2088 I TetherStatsReporting:  proc=
05-22 06:31:50.607  1727  2088 I TetherStatsReporting:  actuid=-1
05-22 06:31:50.607  1727  2088 I TetherStatsReporting:   [26] iface=wlan0 uid=10088 set=DEFAULT tag=0x0 roaming=NO rxBytes=10447 rxPackets=16 txBytes=2631 txPackets=23 operations=0
05-22 06:31:50.607  1727  2088 I TetherStatsReporting:  proc=
05-22 06:31:50.607  1727  2088 I TetherStatsReporting:  actuid=-1
05-22 06:31:50.607  1727  2088 I TetherStatsReporting:   [27] iface=wlan0 uid=10088 set=FOREGROUND tag=0x0 roaming=NO rxBytes=0 rxPackets=0 txBytes=0 txPackets=0 operations=0
05-22 06:31:50.607  1727  2088 I TetherStatsReporting:  proc=
05-22 06:31:50.607  1727  2088 I TetherStatsReporting:  actuid=-1
05-22 06:31:50.607  1727  2088 I TetherStatsReporting:   [28] iface=wlan0
05-22 06:31:50.608  1727  2088 I TetherStatsReporting: combining tether stats
05-22 06:31:50.622 28843 28843 I XmlParser: startElement itemName:resource user:-1350369252
05-22 06:31:50.622 28843 28843 I XmlParser: startElement itemName:group user:-1350369252
05-22 06:31:50.622 28843 28843 I XmlParser: startElement itemName:id user:-1350369252
05-22 06:31:50.622 28843 28843 I XmlParser: endElement itemName:id user:-1350369252
05-22 06:31:50.622 28843 28843 I XmlParser: startElement itemName:name user:-1350369252
05-22 06:31:50.622 28843 28843 I XmlParser: endElement itemName:name user:-1350369252
05-22 06:31:50.622 28843 28843 I XmlParser: startElement itemName:define user:-1350369252
05-22 06:31:50.622 28843 28843 I XmlParser: endElement itemName:define user:-1350369252
05-22 06:31:50.622 28843 28843 I XmlParser: startElement itemName:description user:-1350369252
05-22 06:31:50.622 28843 28843 I XmlParser: endElement itemName:description user:-1350369252
05-22 06:31:50.622 28843 28843 I XmlParser: endElement itemName:group user:-1350369252
05-22 06:31:50.622 28843 28843 I XmlParser: startElement itemName:group user:-1350369252
05-22 06:31:50.622 28843 28843 I XmlParser: startElement itemName:id user:-1350369252
05-22 06:31:50.622 28843 28843 I XmlParser: endElement itemName:id user:-1350369252
05-22 06:31:50.622 28843 28843 I XmlParser: startElement itemName:name user:-1350369252
05-22 06:31:50.622 28843 28843 I XmlParser: endElement itemName:name user:-1350369252
05-22 06:31:50.622 28843 28843 I XmlParser: startElement itemName:define user:-1350369252
05-22 06:31:50.622 28843 28843 E XmlParser: startElement mResult:12288
05-22 06:31:50.622 28843 28843 I XmlParser: endElement itemName:define user:-1350369252
05-22 06:31:50.622 28843 28843 I XmlParser: startElement itemName:description user:-1350369252
05-22 06:31:50.622 28843 28843 I XmlParser: endElement itemName:description user:-1350369252
05-22 06:31:50.622 28843 28843 I XmlParser: endElement itemName:group user:-1350369252
05-22 06:31:50.622 28843 28843 I XmlParser: startElement itemName:group user:-1350369252
05-22 06:31:50.622 28843 28843 I XmlParser: startElement itemName:id user:-1350369252
05-22 06:31:50.622 28843 28843 I XmlParser: endElement itemName:id user:-1350369252
05-22 06:31:50.622 28843 28843 I XmlParser: startElement itemName:name user:-1350369252
05-22 06:31:50.622 28843 28843 I XmlParser: endElement itemName:name user:-1350369252
05-22 06:31:50.622 28843 28843 I XmlParser: startElement itemName:define user:-1350369252
05-22 06:31:50.623 28843 28843 I XmlParser: endElement itemName:define user:-1350369252
05-22 06:31:50.623 28843 28843 I XmlParser: startElement itemName:description user:-1350369252
05-22 06:31:50.623 28843 28843 I XmlParser: endElement itemName:description user:-1350369252
05-22 06:31:50.623 28843 28843 I XmlParser: endElement itemName:group user:-1350369252
05-22 06:31:50.623 28843 28843 I XmlParser: startElement itemName:group user:-1350369252
05-22 06:31:50.623 28843 28843 I XmlParser: startElement itemName:id user:-1350369252
05-22 06:31:50.623 28843 28843 I XmlParser: endElement itemName:id user:-1350369252
05-22 06:31:50.623 28843 28843 I XmlParser: startElement itemName:name user:-1350369252
05-22 06:31:50.623 28843 28843 I XmlParser: endElement itemName:name user:-1350369252
05-22 06:31:50.623 28843 28843 I XmlParser: startElement itemName:define user:-1350369252
05-22 06:31:50.623 28843 28843 I XmlParser: endElement itemName:define user:-1350369252
05-22 06:31:50.623 28843 28843 I XmlParser: startElement itemName:description user:-1350369252
05-22 06:31:50.623 28843 28843 I XmlParser: endElement itemName:description user:-1350369252
05-22 06:31:50.623 28843 28843 I XmlParser: endElement itemName:group user:-1350369252
05-22 06:31:50.623 28843 28843 I XmlParser: startElement itemName:group user:-1350369252
05-22 06:31:50.623 28843 28843 I XmlParser: startElement itemName:id user:-1350369252
05-22 06:31:50.623 28843 28843 I XmlParser: endElement itemName:id user:-1350369252
05-22 06:31:50.623 28843 28843 I XmlParser: startElement itemName:name user:-1350369252
05-22 06:31:50.623 28843 28843 I XmlParser: endElement itemName:name user:-1350369252
05-22 06:31:50.623 28843 28843 I XmlParser: startElement itemName:define user:-1350369252
05-22 06:31:50.623 28843 28843 I XmlParser: endElement itemName:define user:-1350369252
05-22 06:31:50.623 28843 28843 I XmlParser: startElement itemName:description user:-1350369252
05-22 06:31:50.623 28843 28843 I XmlParser: endElement itemName:description user:-1350369252
05-22 06:31:50.623 28843 28843 I XmlParser: endElement itemName:group user:-1350369252
05-22 06:31:50.623 28843 28843 I XmlParser: endElement itemName:resource user:-1350369252
05-22 06:31:50.623 28843 28843 I XmlParser: startElement itemName:resource user:0
05-22 06:31:50.623 28843 28843 I XmlParser: startElement itemName:group user:0
05-22 06:31:50.623 28843 28843 I XmlParser: startElement itemName:id user:0
05-22 06:31:50.623 28843 28843 I XmlParser: endElement itemName:id user:0
05-22 06:31:50.623 28843 28843 I XmlParser: startElement itemName:name user:0
05-22 06:31:50.623 28843 28843 I XmlParser: endElement itemName:name user:0
05-22 06:31:50.623 28843 28843 I XmlParser: startElement itemName:define user:0
05-22 06:31:50.623 28843 28843 E XmlParser: startElement mResult:2097152
05-22 06:31:50.623 28843 28843 I XmlParser: endElement itemName:define user:0
05-22 06:31:50.623 28843 28843 I XmlParser: startElement itemName:description user:0
05-22 06:31:50.623 28843 28843 I XmlParser: endElement itemName:description user:0
05-22 06:31:50.623 28843 28843 I XmlParser: endElement itemName:group user:0
05-22 06:31:50.623 28843 28843 I XmlParser: startElement itemName:group user:0
05-22 06:31:50.623 28843 28843 I XmlParser: startElement itemName:id user:0
05-22 06:31:50.623 28843 28843 I XmlParser: endElement itemName:id user:0
05-22 06:31:50.623 28843 28843 I XmlParser: startElement itemName:name user:0
05-22 06:31:50.623 28843 28843 I XmlParser: endElement itemName:name user:0
05-22 06:31:50.623 28843 28843 I XmlParser: startElement itemName:define user:0
05-22 06:31:50.623 28843 28843 I XmlParser: endElement itemName:define user:0
05-22 06:31:50.623 28843 28843 I XmlParser: startElement itemName:description user:0
05-22 06:31:50.623 28843 28843 I XmlParser: endElement itemName:description user:0
05-22 06:31:50.623 28843 28843 I XmlParser: endElement itemName:group user:0
05-22 06:31:50.623 28843 28843 I XmlParser: startElement itemName:group user:0
05-22 06:31:50.623 28843 28843 I XmlParser: startElement itemName:id user:0
05-22 06:31:50.623 28843 28843 I XmlParser: endElement itemName:id user:0
05-22 06:31:50.623 28843 28843 I XmlParser: startElement itemName:name user:0
05-22 06:31:50.623 28843 28843 I XmlParser: endElement itemName:name user:0
05-22 06:31:50.623 28843 28843 I XmlParser: startElement itemName:define user:0
05-22 06:31:50.623 28843 28843 I XmlParser: endElement itemName:define user:0
05-22 06:31:50.623 28843 28843 I XmlParser: startElement itemName:description user:0
05-22 06:31:50.624 28843 28843 I XmlParser: endElement itemName:description user:0
05-22 06:31:50.624 28843 28843 I XmlParser: endElement itemName:group user:0
05-22 06:31:50.624 28843 28843 I XmlParser: startElement itemName:group user:0
05-22 06:31:50.624 28843 28843 I XmlParser: startElement itemName:id user:0
05-22 06:31:50.624 28843 28843 I XmlParser: endElement itemName:id user:0
05-22 06:31:50.624 28843 28843 I XmlParser: startElement itemName:name user:0
05-22 06:31:50.624 28843 28843 I XmlParser: endElement itemName:name user:0
05-22 06:31:50.624 28843 28843 I XmlParser: startElement itemName:define user:0
05-22 06:31:50.624 28843 28843 I XmlParser: endElement itemName:define user:0
05-22 06:31:50.624 28843 28843 I XmlParser: startElement itemName:description user:0
05-22 06:31:50.624 28843 28843 I XmlParser: endElement itemName:description user:0
05-22 06:31:50.624 28843 28843 I XmlParser: endElement itemName:group user:0
05-22 06:31:50.624 28843 28843 I XmlParser: startElement itemName:group user:0
