05-22 06:31:08.670  1727  2088 I TetherStatsReporting: getTetherStats() called NetworkStats: elapsedRealtime=124446924
05-22 06:31:08.670  1727  2088 I TetherStatsReporting:   [0] iface=wlan0 uid=0 set=DEFAULT tag=0x0 roaming=NO rxBytes=33169077 rxPackets=37682 txBytes=295044 txPackets=2098 operations=0
05-22 06:31:08.670  1727  2088 I TetherStatsReporting:  proc=
05-22 06:31:08.670  1727  2088 I TetherStatsReporting:  actuid=-1
05-22 06:31:08.670  1727  2088 I TetherStatsReporting:   [1] iface=wlan0 uid=0 set=FOREGROUND tag=0x0 roaming=NO rxBytes=0 rxPackets=0 txBytes=0 txPackets=0 operations=0
05-22 06:31:08.670  1727  2088 I TetherStatsReporting:  proc=
05-22 06:31:08.670  1727  2088 I TetherStatsReporting:  actuid=-1
05-22 06:31:08.670  1727  2088 I TetherStatsReporting:   [2] iface=wlan0 uid=1000 set=DEFAULT tag=0x0 roaming=NO rxBytes=1728500 rxPackets=1359 txBytes=83385 txPackets=1159 operations=0
05-22 06:31:08.670  1727  2088 I TetherStatsReporting:  proc=
05-22 06:31:08.670  1727  2088 I TetherStatsReporting:  actuid=-1
05-22 06:31:08.670  1727  2088 I TetherStatsReporting:   [3] iface=wlan0 uid=1000 set=FOREGROUND tag=0x0 roaming=NO rxBytes=0 rxPackets=0 txBytes=0 txPackets=0 operations=0
05-22 06:31:08.670  1727  2088 I TetherStatsReporting:  proc=
05-22 06:31:08.670  1727  2088 I TetherStatsReporting:  actuid=-1
05-22 06:31:08.670  1727  2088 I TetherStatsReporting:   [4] iface=wlan0 uid=10009 set=DEFAULT tag=0x0 roaming=NO rxBytes=23618 rxPackets=32 txBytes=6342 txPackets=45 operations=0
05-22 06:31:08.670  1727  2088 I TetherStatsReporting:  proc=
05-22 06:31:08.670  1727  2088 I TetherStatsReporting:  actuid=-1
05-22 06:31:08.670  1727  2088 I TetherStatsReporting:   [5] iface=wlan0 uid=10009 set=FOREGROUND tag=0x0 roaming=NO rxBytes=0 rxPackets=0 txBytes=0 txPackets=0 operations=0
05-22 06:31:08.670  1727  2088 I TetherStatsReporting:  proc=
05-22 06:31:08.670  1727  2088 I TetherStatsReporting:  actuid=-1
05-22 06:31:08.670  1727  2088 I TetherStatsReporting:   [6] iface=wlan0 uid=10010 set=DEFAULT tag=0x0 roaming=NO rxBytes=0 rxPackets=0 txBytes=468 txPackets=9 operations=0
05-22 06:31:08.670  1727  2088 I TetherStatsReporting:  proc=
05-22 06:31:08.670  1727  2088 I TetherStatsReporting:  actuid=-1
05-22 06:31:08.670  1727  2088 I TetherStatsReporting:   [7] iface=wlan0 uid=10010 set=FOREGROUND tag=0x0 roaming=NO rxBytes=0 rxPackets=0 txBytes=0 txPackets=0 operations=0
05-22 06:31:08.670  1727  2088 I TetherStatsReporting:  proc=
05-22 06:31:08.670  1727  2088 I TetherStatsReporting:  actuid=-1
05-22 06:31:08.670  1727  2088 I TetherStatsReporting:   [8] iface=wlan0 uid=10016 set=DEFAULT tag=0x0 roaming=NO rxBytes=13307798 rxPackets=11220 txBytes=1121915 txPackets=7834 operations=0
05-22 06:31:08.670  1727  2088 I TetherStatsReporting:  proc=
05-22 06:31:08.670  1727  2088 I TetherStatsReporting:  actuid=-1
05-22 06:31:08.670  1727  2088 I TetherStatsReporting:   [9] iface=wlan0 uid=10016 set=FOREGROUND tag=0x0 roaming=NO rxBytes=0 rxPackets=0 txBytes=0 txPackets=0 operations=0
05-22 06:31:08.670  1727  2088 I TetherStatsReporting:  proc=
05-22 06:31:08.670  1727  2088 I TetherStatsReporting:  actuid=-1
05-22 06:31:08.670  1727  2088 I TetherStatsReporting:   [10] iface=wlan0 uid=10039 set=DEFAULT tag=0x0 roaming=NO rxBytes=27245409 rxPackets=18837 txBytes=705432 txPackets=9889 operations=0
05-22 06:31:08.670  1727  2088 I TetherStatsReporting:  proc=
05-22 06:31:08.670  1727  2088 I TetherStatsReporting:  actuid=-1
05-22 06:31:08.670  1727  2088 I TetherStatsReporting:   [11] iface=wlan0 uid=10039 set=FOREGROUND tag=0x0 roaming=NO rxBytes=0 rxPackets=0 txBytes=0 txPackets=0 operations=0
05-22 06:31:08.670  1727  2088 I TetherStatsReporting:  proc=
05-22 06:31:08.670  1727  2088 I TetherStatsReporting:  actuid=-1
05-22 06:31:08.670  1727  2088 I TetherStatsReporting:   [12] iface=wlan0 uid=10042 set=DEFAULT tag=0x0 roaming=NO rxBytes=23820 rxPackets=35 txBytes=11569 txPackets=48 operations=0
05-22 06:31:08.670  1727  2088 I TetherStatsReporting:  proc=
05-22 06:31:08.670  1727  2088 I TetherStatsReporting:  actuid=-1
05-22 06:31:08.670  1727  2088 I TetherStatsReporting:   [13] iface=wlan0 uid=10042 set=FOREGROUND tag=0x0 roaming=NO rxBytes=0 rxPackets=0 txBytes=0 txPackets=0 operations=0
05-22 06:31:08.670  1727  2088 I TetherStatsReporting:  proc=
05-22 06:31:08.670  1727  2088 I TetherStatsReporting:  actuid=-1
05-22 06:31:08.670  1727  2088 I TetherStatsReporting:   [14] iface=wlan0 uid=10043 set=DEFAULT tag=0x0 roaming=NO rxBytes=958672 rxPackets=772 txBytes=52459 txPackets=339 operations=0
05-22 06:31:08.670  1727  2088 I TetherStatsReporting:  proc=
05-22 06:31:08.670  1727  2088 I TetherStatsReporting:  actuid=-1
05-22 06:31:08.670  1727  2088 I TetherStatsReporting:   [15] iface=wlan0 uid=10043 set=FOREGROUND tag=0x0 roaming=NO rxBytes=0 rxPackets=0 txBytes=0 txPackets=0 operations=0
05-22 06:31:08.670  1727  2088 I TetherStatsReporting:  proc=
05-22 06:31:08.670  1727  2088 I TetherStatsReporting:  actuid=-1
05-22 06:31:08.670  1727  2088 I TetherStatsReporting:   [16] iface=wlan0 uid=10061 set=DEFAULT tag=0x0 roaming=NO rxBytes=15521 rxPackets=34 txBytes=4439 txPackets=40 operations=0
05-22 06:31:08.670  1727  2088 I TetherStatsReporting:  proc=
05-22 06:31:08.670  1727  2088 I TetherStatsReporting:  actuid=-1
05-22 06:31:08.670  1727  2088 I TetherStatsReporting:   [17] iface=wlan0 uid=10061 set=FOREGROUND tag=0x0 roaming=NO rxBytes=0 rxPackets=0 txBytes=0 txPackets=0 operations=0
05-22 06:31:08.670  1727  2088 I TetherStatsReporting:  proc=
05-22 06:31:08.670  1727  2088 I TetherStatsReporting:  actuid=-1
05-22 06:31:08.670  1727  2088 I TetherStatsReporting:   [18] iface=wlan0 uid=10063 set=DEFAULT tag=0x0 roaming=NO rxBytes=80 rxPackets=2 txBytes=120 txPackets=2 operations=0
05-22 06:31:08.670  1727  2088 I TetherStatsReporting:  proc=
05-22 06:31:08.670  1727  2088 I TetherStatsReporting:  actuid=-1
05-22 06:31:08.670  1727  2088 I TetherStatsReporting:   [19] iface=wlan0 uid=10063 set=FOREGROUND tag=0x0 roaming=NO rxBytes=0 rxPackets=0 txBytes=0 txPackets=0 operations=0
05-22 06:31:08.670  1727  2088 I TetherStatsReporting:  proc=
05-22 06:31:08.670  1727  2088 I TetherStatsReporting:  actuid=-1
05-22 06:31:08.670  1727  2088 I TetherStatsReporting:   [20] iface=wlan0 uid=10080 set=DEFAULT tag=0x0 roaming=NO rxBytes=45525 rxPackets=81 txBytes=24126 txPackets=91 operations=0
05-22 06:31:08.670  1727  2088 I TetherStatsReporting:  proc=
05-22 06:31:08.670  1727  2088 I TetherStatsReporting:  actuid=-1
05-22 06:31:08.670  1727  2088 I TetherStatsReporting:   [21] iface=wlan0 uid=10080 set=FOREGROUND tag=0x0 roaming=NO rxBytes=0 rxPackets=0 txBytes=0 txPackets=0 operations=0
05-22 06:31:08.670  1727  2088 I TetherStatsReporting:  proc=
05-22 06:31:08.670  1727  2088 I TetherStatsReporting:  actuid=-1
05-22 06:31:08.670  1727  2088 I TetherStatsReporting:   [22] iface=wlan0 uid=10081 set=DEFAULT tag=0x0 roaming=NO rxBytes=12450 rxPackets=28 txBytes=5147 txPackets=29 operations=0
05-22 06:31:08.670  1727  2088 I TetherStatsReporting:  proc=
05-22 06:31:08.670  1727  2088 I TetherStatsReporting:  actuid=-1
05-22 06:31:08.670  1727  2088 I TetherStatsReporting:   [23] iface=wlan0 uid=10081 set=FOREGROUND tag=0x0 roaming=NO rxBytes=0 rxPackets=0 txBytes=0 txPackets=0 operations=0
05-22 06:31:08.670  1727  2088 I TetherStatsReporting:  proc=
05-22 06:31:08.670  1727  2088 I TetherStatsReporting:  actuid=-1
05-22 06:31:08.670  1727  2088 I TetherStatsReporting:   [24] iface=wlan0 uid=10083 set=DEFAULT tag=0x0 roaming=NO rxBytes=192041 rxPackets=266 txBytes=81517 txPackets=310 operations=0
05-22 06:31:08.670  1727  2088 I TetherStatsReporting:  proc=
05-22 06:31:08.670  1727  2088 I TetherStatsReporting:  actuid=-1
05-22 06:31:08.670  1727  2088 I TetherStatsReporting:   [25] iface=wlan0 uid=10083 set=FOREGROUND tag=0x0 roaming=NO rxBytes=0 rxPackets=0 txBytes=0 txPackets=0 operations=0
05-22 06:31:08.670  1727  2088 I TetherStatsReporting:  proc=
05-22 06:31:08.670  1727  2088 I TetherStatsReporting:  actuid=-1
05-22 06:31:08.670  1727  2088 I TetherStatsReporting:   [26] iface=wlan0 uid=10088 set=DEFAULT tag=0x0 roaming=NO rxBytes=10447 rxPackets=16 txBytes=2631 txPackets=23 operations=0
05-22 06:31:08.670  1727  2088 I TetherStatsReporting:  proc=
05-22 06:31:08.670  1727  2088 I TetherStatsReporting:  actuid=-1
05-22 06:31:08.670  1727  2088 I TetherStatsReporting:   [27] iface=wlan0 uid=10088 set=FOREGROUND tag=0x0 roaming=NO rxBytes=0 rxPackets=0 txBytes=0 txPackets=0 operations=0
05-22 06:31:08.670  1727  2088 I TetherStatsReporting:  proc=
05-22 06:31:08.670  1727  2088 I TetherStatsReporting:  actuid=-1
05-22 06:31:08.670  1727  2088 I TetherStatsReporting:   [28] iface=wlan0
05-22 06:31:08.670  1727  2088 I TetherStatsReporting: combining tether stats
05-22 06:31:08.681 28758 28792 W Mono    : The request to load the assembly System.Core v4.0.0.0 was remapped to v2.0.5.0
05-22 06:31:08.682  2309  2509 E HwSystemManager: NatTrafficNotifyService:imsi is null, so return
05-22 06:31:08.734   670   820 W JankService: virtual bool android::JankManualDumpLogAnalyser::processEntry(android::LogEntry *, int, bool), not beta version or commercial log off
05-22 06:31:08.742  1727  1863 I ActivityManager: Displayed aTello.aTello/md515f5ae8ae1b65c33bd713bb83ba46775.MainActivity: +3s280ms
05-22 06:31:08.744 21334 21334 I GoogleInputMethod: onStartInput() : Dummy InputConnection bound
05-22 06:31:08.751   670   820 W JankService: START_APP: JL_APP_LAUNCHING_END and JL_APP_LAUNCHING_BEGIN too long| span:3280 > C(2500), C
05-22 06:31:08.778   670   820 E libc    : Access denied finding property "persist.sys.smart_power"
05-22 06:31:08.889 28758 28793 I mono-stdout: Current version: 24
05-22 06:31:08.895 28758 28793 I CrossTTS: Current version: 24
05-22 06:31:08.962 28758 28793 I TextToSpeech: Sucessfully bound to com.google.android.tts
05-22 06:31:08.963 24748 24748 I TTS     : Creating Google TTS service, version 3.14.9
05-22 06:31:08.963 24748 24748 I TTS     : Loading library tts_android_neon
05-22 06:31:08.967 24748 28805 I TTS     : Initializing en-us-x-sfg-lstm-embedded from apk
05-22 06:31:08.969 28758 28758 I TextToSpeech: Connected to ComponentInfo{com.google.android.tts/com.google.android.tts.service.GoogleTTSService}
05-22 06:31:08.976 24748 24759 I TTS     : For default lang en-us is name en-US-language (en-us-x-sfg-server)
05-22 06:31:08.976 28758 28806 I TextToSpeech: Set up connection to ComponentInfo{com.google.android.tts/com.google.android.tts.service.GoogleTTSService}
05-22 06:31:09.036 24748 24760 I TTS     : For default lang en-us is name en-US-language (en-us-x-sfg-server)
05-22 06:31:09.038 28758 28807 I mono-stdout: 25
05-22 06:31:09.518  1727  1863 I art     : Starting a blocking GC Explicit
05-22 06:31:09.571   666   972 I MediaPlayerService: MediaPlayerService::getOMX
05-22 06:31:09.572 28758 28811 I OMXClient: MuxOMX ctor
05-22 06:31:09.575   666   666 I OMXMaster: makeComponentInstance(OMX.qcom.video.decoder.avc) in mediaserver process
05-22 06:31:09.591   666   666 E         : Service not available yet
05-22 06:31:09.595   666   666 I OMX-VDEC-1080P: Video slvp perflock acquired
05-22 06:31:09.596   666   666 I OMX-VDEC-1080P: component_init: OMX.qcom.video.decoder.avc : fd=18
05-22 06:31:09.606   666   666 I OMX-VDEC-1080P: omx_vdec::component_init() success : fd=18
05-22 06:31:09.607 28758 28811 I ACodec  : In onAllocateComponent create compenent, codec name: OMX.qcom.video.decoder.avc
05-22 06:31:09.612 28758 28810 I MediaCodec: [OMX.qcom.video.decoder.avc] setting surface generation to 29448193
05-22 06:31:09.614   666  8889 E OMX-VDEC-1080P: Extension: OMX.google.android.index.storeANWBufferInMetadata not implemented
05-22 06:31:09.614 28758 28811 I HwExtendedCodec: mime is [video/avc] at setVideoFormat
05-22 06:31:09.615   666   972 E OMX-VDEC-1080P: Extension: OMX.google.android.index.storeANWBufferInMetadata not implemented
05-22 06:31:09.615   666   972 E OMX-VDEC-1080P: Extension: OMX.google.android.index.configureVideoTunnelMode not implemented
05-22 06:31:09.615   666   972 E OMX-VDEC-1080P: Extension: OMX.google.android.index.useAndroidNativeBuffer is supported
05-22 06:31:09.616   666  9286 E OMXNodeInstance: getParameter(29a004a:qcom.decoder.avc, ??(0x7f000044)) ERROR: UnsupportedSetting(0x80001019)
05-22 06:31:09.617   666   972 E OMXNodeInstance: getParameter(29a004a:qcom.decoder.avc, ??(0x7f000044)) ERROR: UnsupportedSetting(0x80001019)
05-22 06:31:09.630   666  9286 E C2DColorConvert: unknown format passed for luma alignment number
05-22 06:31:09.630   666   666 E C2DColorConvert: unknown format passed for luma alignment number
05-22 06:31:09.631   666  2252 E C2DColorConvert: unknown format passed for luma alignment number
05-22 06:31:09.632   666  1171 E OMX-VDEC-1080P: Extension: OMX.google.android.index.describeHDRStaticInfo not implemented
05-22 06:31:09.632   666  2252 E C2DColorConvert: unknown format passed for luma alignment number
05-22 06:31:09.633   666   666 E OMX-VDEC-1080P: Does not handle dataspace request
05-22 06:31:09.633   666   666 E OMXNodeInstance: getConfig(29a004a:qcom.decoder.avc, ??(0x7f000062)) ERROR: UnsupportedSetting(0x80001019)
05-22 06:31:09.634  1727  1758 W System.err: java.lang.SecurityException: uid 10120 does not have android.permission.UPDATE_DEVICE_STATS.
05-22 06:31:09.634  1727  1758 W System.err: 	at android.app.ContextImpl.enforce(ContextImpl.java:1760)
05-22 06:31:09.634  1727  1758 W System.err: 	at android.app.ContextImpl.enforcePermission(ContextImpl.java:1773)
05-22 06:31:09.634  1727  1758 W System.err: 	at com.android.server.am.BatteryStatsService.enforceCallingPermission(BatteryStatsService.java:1204)
05-22 06:31:09.634  1727  1758 W System.err: 	at com.android.server.am.BatteryStatsService.noteStartVideo(BatteryStatsService.java:760)
05-22 06:31:09.635  1727  1758 W System.err: 	at com.android.internal.app.IBatteryStats$Stub.onTransact(IBatteryStats.java:72)
05-22 06:31:09.635  1727  1758 W System.err: 	at android.os.Binder.execTransact(Binder.java:565)
05-22 06:31:09.646   666  9286 E C2DColorConvert: unknown format passed for luma alignment number
05-22 06:31:09.646   666  2252 E C2DColorConvert: unknown format passed for luma alignment number
05-22 06:31:09.648   666  1171 E C2DColorConvert: unknown format passed for luma alignment number
05-22 06:31:09.658   666  8889 E OMX-VDEC-1080P: Extension: OMX.img.index.scalingdown not implemented
05-22 06:31:09.659   608   704 E qdmemalloc: getSize: Unrecognized pixel format: 0x13
05-22 06:31:09.659   608   704 W GraphicBufferAllocator: alloc(960, 720, 19, 02002900, ...) failed -22 (Invalid argument)
05-22 06:31:09.659   608   704 E         : GraphicBufferAlloc::createGraphicBuffer(w=960, h=720) failed (Invalid argument), handle=0x0
05-22 06:31:09.659   608   704 E BufferQueueProducer: [SurfaceView - aTello.aTello/md515f5ae8ae1b65c33bd713bb83ba46775.MainActivity] dequeueBuffer: createGraphicBuffer failed
05-22 06:31:09.660 28758 28811 E ACodec  : dequeueBuffer failed: BAD_VALUE(-22).
05-22 06:31:09.660   608  2690 E qdmemalloc: getSize: Unrecognized pixel format: 0x13
05-22 06:31:09.660   608  2690 W GraphicBufferAllocator: alloc(960, 720, 19, 02002900, ...) failed -22 (Invalid argument)
05-22 06:31:09.660   608  2690 E         : GraphicBufferAlloc::createGraphicBuffer(w=960, h=720) failed (Invalid argument), handle=0x0
05-22 06:31:09.660   608  2690 E BufferQueueProducer: [SurfaceView - aTello.aTello/md515f5ae8ae1b65c33bd713bb83ba46775.MainActivity] dequeueBuffer: createGraphicBuffer failed
05-22 06:31:09.660 28758 28811 E ACodec  : dequeueBuffer failed: BAD_VALUE(-22).
05-22 06:31:09.702  1727  1863 I art     : Explicit concurrent mark sweep GC freed 32922(1900KB) AllocSpace objects, 13(408KB) LOS objects, 33% free, 23MB/35MB, paused 2.893ms total 183.108ms
05-22 06:31:09.706 28758 28808 I mono-stdout: 1
05-22 06:31:09.708 28758 28808 I mono-stdout: 2
05-22 06:31:09.714   608  2690 E qdmemalloc: getSize: Unrecognized pixel format: 0x13
05-22 06:31:09.714   608  2690 W GraphicBufferAllocator: alloc(960, 720, 19, 02002900, ...) failed -22 (Invalid argument)
05-22 06:31:09.714   608  2690 E         : GraphicBufferAlloc::createGraphicBuffer(w=960, h=720) failed (Invalid argument), handle=0x0
05-22 06:31:09.715   608  2690 E BufferQueueProducer: [SurfaceView - aTello.aTello/md515f5ae8ae1b65c33bd713bb83ba46775.MainActivity] dequeueBuffer: createGraphicBuffer failed
05-22 06:31:09.715 28758 28811 E ACodec  : dequeueBuffer failed: BAD_VALUE(-22).
05-22 06:31:09.718   666  8889 E C2DColorConvert: unknown format passed for luma alignment number
05-22 06:31:09.719   666  9286 E OMX-VDEC-1080P: Does not handle dataspace request
05-22 06:31:09.719   666  9286 E OMXNodeInstance: getConfig(29a004a:qcom.decoder.avc, ??(0x7f000062)) ERROR: UnsupportedSetting(0x80001019)
05-22 06:31:09.720   666  2252 E OMX-VDEC-1080P: Error: free_buffer , Port Index Invalid
05-22 06:31:09.720   666  2252 E OMXNodeInstance: freeBuffer(29a004a:qcom.decoder.avc, Output:1 0x16) ERROR: BadPortIndex(0x8000101b)
05-22 06:31:09.720   666   666 E OMX-VDEC-1080P: Error: free_buffer , Port Index Invalid
05-22 06:31:09.720   666   666 E OMXNodeInstance: freeBuffer(29a004a:qcom.decoder.avc, Output:1 0x15) ERROR: BadPortIndex(0x8000101b)
05-22 06:31:09.720   666  1171 E OMX-VDEC-1080P: Error: free_buffer , Port Index Invalid
05-22 06:31:09.720   666  1171 E OMXNodeInstance: freeBuffer(29a004a:qcom.decoder.avc, Output:1 0x14) ERROR: BadPortIndex(0x8000101b)
05-22 06:31:09.721   666  9286 E OMX-VDEC-1080P: Error: free_buffer , Port Index Invalid
05-22 06:31:09.721   666  9286 E OMXNodeInstance: freeBuffer(29a004a:qcom.decoder.avc, Output:1 0x13) ERROR: BadPortIndex(0x8000101b)
05-22 06:31:09.721   666  8889 E OMX-VDEC-1080P: Error: free_buffer , Port Index Invalid
05-22 06:31:09.721   666  8889 E OMXNodeInstance: freeBuffer(29a004a:qcom.decoder.avc, Output:1 0x12) ERROR: BadPortIndex(0x8000101b)
05-22 06:31:09.721   666   972 E OMX-VDEC-1080P: Error: free_buffer , Port Index Invalid
05-22 06:31:09.721   666   972 E OMXNodeInstance: freeBuffer(29a004a:qcom.decoder.avc, Output:1 0x11) ERROR: BadPortIndex(0x8000101b)
05-22 06:31:09.722   666  2252 E OMX-VDEC-1080P: Error: free_buffer , Port Index Invalid
05-22 06:31:09.722   666  2252 E OMXNodeInstance: freeBuffer(29a004a:qcom.decoder.avc, Output:1 0x10) ERROR: BadPortIndex(0x8000101b)
05-22 06:31:09.722   666   666 E OMX-VDEC-1080P: Error: free_buffer , Port Index Invalid
05-22 06:31:09.722   666   666 E OMXNodeInstance: freeBuffer(29a004a:qcom.decoder.avc, Output:1 0xf) ERROR: BadPortIndex(0x8000101b)
05-22 06:31:09.722   666  9286 E OMX-VDEC-1080P: Error: free_buffer , Port Index Invalid
05-22 06:31:09.722   666  9286 E OMXNodeInstance: freeBuffer(29a004a:qcom.decoder.avc, Output:1 0xe) ERROR: BadPortIndex(0x8000101b)
05-22 06:31:09.723   666  1171 E OMX-VDEC-1080P: Error: free_buffer , Port Index Invalid
05-22 06:31:09.723   666  1171 E OMXNodeInstance: freeBuffer(29a004a:qcom.decoder.avc, Output:1 0xd) ERROR: BadPortIndex(0x8000101b)
05-22 06:31:09.723   666  8889 E OMX-VDEC-1080P: Error: free_buffer , Port Index Invalid
05-22 06:31:09.723   666  8889 E OMXNodeInstance: freeBuffer(29a004a:qcom.decoder.avc, Output:1 0xc) ERROR: BadPortIndex(0x8000101b)
05-22 06:31:09.723   666   972 E OMX-VDEC-1080P: Error: free_buffer , Port Index Invalid
05-22 06:31:09.723   666   972 E OMXNodeInstance: freeBuffer(29a004a:qcom.decoder.avc, Output:1 0xb) ERROR: BadPortIndex(0x8000101b)
05-22 06:31:09.724   666   666 E OMX-VDEC-1080P: Error: free_buffer , Port Index Invalid
05-22 06:31:09.724   666   666 E OMXNodeInstance: freeBuffer(29a004a:qcom.decoder.avc, Output:1 0xa) ERROR: BadPortIndex(0x8000101b)
05-22 06:31:09.724   666  2252 E OMX-VDEC-1080P: Error: free_buffer , Port Index Invalid
05-22 06:31:09.724   666  2252 E OMXNodeInstance: freeBuffer(29a004a:qcom.decoder.avc, Output:1 0x9) ERROR: BadPortIndex(0x8000101b)
05-22 06:31:09.724   666  9286 E OMX-VDEC-1080P: Error: free_buffer , Port Index Invalid
05-22 06:31:09.724   666  9286 E OMXNodeInstance: freeBuffer(29a004a:qcom.decoder.avc, Output:1 0x8) ERROR: BadPortIndex(0x8000101b)
05-22 06:31:09.725   666  1171 E OMX-VDEC-1080P: Error: free_buffer , Port Index Invalid
05-22 06:31:09.725   666  1171 E OMXNodeInstance: freeBuffer(29a004a:qcom.decoder.avc, Output:1 0x7) ERROR: BadPortIndex(0x8000101b)
05-22 06:31:09.725   666  8889 E OMX-VDEC-1080P: Error: free_buffer , Port Index Invalid
05-22 06:31:09.725   666  8889 E OMXNodeInstance: freeBuffer(29a004a:qcom.decoder.avc, Output:1 0x6) ERROR: BadPortIndex(0x8000101b)
05-22 06:31:09.725   666   972 E OMX-VDEC-1080P: Error: free_buffer , Port Index Invalid
05-22 06:31:09.725   666   972 E OMXNodeInstance: freeBuffer(29a004a:qcom.decoder.avc, Output:1 0x5) ERROR: BadPortIndex(0x8000101b)
05-22 06:31:09.747 28758 28793 I mono-stdout: 1
05-22 06:31:09.747 28758 28793 I mono-stdout: 2
05-22 06:31:09.762 28758 28808 I mono-stdout: 1
05-22 06:31:09.763 28758 28808 I mono-stdout: 2
05-22 06:31:09.770 28758 28794 I mono-stdout: 1
05-22 06:31:09.771 28758 28794 I mono-stdout: 2
05-22 06:31:09.786 28758 28794 I mono-stdout: 1
05-22 06:31:10.614  1727  2134 E HwCHRWebMonitor: WebMonitor [mNetWorkIsSuck=0 mUIDIsSuck=]  WebSpeed [WEBSENDSEGS=0  WEBRESENDSEGS=0  WEBRECVSEGS=0  WEBERRSEGS=0  WEBOUTRSTS=0  WEBESTABLISRST=0  WEBRTTDURATION=0  WEBRTTSEGS=0  WEBSRTT=0  WEBSNDDUPACKS=0  SENDSEGS=0  RESENDSEGS=0  RECVSEGS=0  ERRSEGS=0  OUTRSTS=0  ESTABLISRST=0  RTTDURATION=0  RTTSEGS=0  SNDDUPACKS=0  suckTimes=0 recovage_times=0]
05-22 06:31:10.615  1727  2134 E HwCHRWifiRSSIGroupSummery: updateTcpSummery mRSSI:-53  HwCHRWifiRSSIGroup [rssi_index=4, rtt_tcp_packets=0, rtt_tcp_duration=0, rtt_lan_duration=64, rtt_lan_failures=0, rtt_lan_succ=12, rtt_lan_max=30, rtt_lan_min=2,same_area_frequency=0,adjacent_area_frequency=0]
05-22 06:31:10.619  1727  2134 E HwCHRWebMonitor: HwCHRWifiPacketCnt [mTXGood=51, mTXbad=0, mRXGood=0] rssi=-53
05-22 06:31:10.619  1727  2134 E HwCHRWebMonitor: Good NetWork Traffic , so mOnAppSuckTime, mUnModifyCount reset 0
05-22 06:31:10.800  2301  2301 E wpa_supp: RSSI=-55;LINKSPEED=54;NOISE=9999;FREQUENCY=2447;
05-22 06:31:11.115 24748 28805 I TTS     : Done initializing en-us-x-sfg-lstm-embedded
05-22 06:31:11.115 24748 28803 I TTS     : Synthesis request for locale eng-USA and name en-US-language
05-22 06:31:11.119 24748 28803 I TTS     : TTS dispatch: en-us-x-sfg-lstm-embedded
05-22 06:31:11.122   658   990 I Huawei_audio_cust: huawei_audio huawei_choose_HandsFree_device_incall_forHWtest: test Type =4
05-22 06:31:11.122   658   990 I Huawei_audio_cust: huawei_audio huawei_choose_Handset_device_incall_forHWtest: test Type =4
05-22 06:31:11.122   658   990 I Huawei_audio_cust: get_spk_pa_type: pa is tfa9895
05-22 06:31:11.122   658   990 I Huawei_audio_cust: huawei_set_voice_lvm_mode: this device not support voice lvm
05-22 06:31:11.122   658   990 I Huawei_audio_cust: huawei_common_set_parameters: exit with code(0)
05-22 06:31:11.122   658   990 I Huawei_audio_cust: huawei_north_america_set_parameters: exit with code(0)
05-22 06:31:11.124   658  1098 I APM_AudioPolicyManager: getOutputForDevice() device 2, stream 3, samplingRate 0, format 0, channelMask 3, flags 0
05-22 06:31:11.124   658  1098 I APM_AudioPolicyManager: getOutputForDevice() returns output 29
05-22 06:31:11.125   658   990 I Huawei_audio_cust: huawei_audio huawei_choose_HandsFree_device_incall_forHWtest: test Type =4
05-22 06:31:11.125   658   990 I Huawei_audio_cust: huawei_audio huawei_choose_Handset_device_incall_forHWtest: test Type =4
05-22 06:31:11.125   658   990 I Huawei_audio_cust: get_spk_pa_type: pa is tfa9895
05-22 06:31:11.125   658   990 I Huawei_audio_cust: huawei_set_voice_lvm_mode: this device not support voice lvm
05-22 06:31:11.125   658   990 I Huawei_audio_cust: huawei_common_set_parameters: exit with code(0)
05-22 06:31:11.125   658   990 I Huawei_audio_cust: huawei_north_america_set_parameters: exit with code(0)
05-22 06:31:11.126   658  1370 I APM_AudioPolicyManager: getOutputForDevice() device 2, stream 3, samplingRate 0, format 0, channelMask 3, flags 0
05-22 06:31:11.126   658  1370 I APM_AudioPolicyManager: getOutputForDevice() returns output 29
05-22 06:31:11.127   658   990 I Huawei_audio_cust: huawei_audio huawei_choose_HandsFree_device_incall_forHWtest: test Type =4
05-22 06:31:11.127   658   990 I Huawei_audio_cust: huawei_audio huawei_choose_Handset_device_incall_forHWtest: test Type =4
05-22 06:31:11.127   658   990 I Huawei_audio_cust: get_spk_pa_type: pa is tfa9895
05-22 06:31:11.127   658   990 I Huawei_audio_cust: huawei_set_voice_lvm_mode: this device not support voice lvm
05-22 06:31:11.127   658   990 I Huawei_audio_cust: huawei_common_set_parameters: exit with code(0)
05-22 06:31:11.127   658   990 I Huawei_audio_cust: huawei_north_america_set_parameters: exit with code(0)
05-22 06:31:11.128   658  1371 I APM_AudioPolicyManager: getOutputForDevice() device 2, stream 3, samplingRate 0, format 0, channelMask 3, flags 0
05-22 06:31:11.129   658  1371 I APM_AudioPolicyManager: getOutputForDevice() returns output 29
05-22 06:31:11.131   658  1098 I APM_AudioPolicyManager: getOutputForAttr() attr usage=1 content=1 flags=0
05-22 06:31:11.131   658  1098 I APM_AudioPolicyManager: getOutputForDevice() device 2, stream 3, samplingRate 22050, format 1, channelMask 1, flags 0
05-22 06:31:11.132   658  1098 I APM_AudioPolicyManager: getOutputForDevice() returns output 29
05-22 06:31:11.132   658  1098 I APM_AudioPolicyManager: getOutputForAttr() returns output 29 stream 3
05-22 06:31:11.132   658  1370 I Huawei_audio_cust: get_spk_pa_type: pa is tfa9895
05-22 06:31:11.133   658  1370 I audio_hw_primary: adev_get_parameters: exit: returns - 
05-22 06:31:11.133   658  1370 I hash_map_utils: key: 'mode' value: ''
05-22 06:31:11.133   658  1370 I AudioMixer: NumTracks(0)
05-22 06:31:11.133   658  1370 I AudioMixer: Pid:658 add track (0)
05-22 06:31:11.167   658  1098 I APM_AudioPolicyManager: startOutput() output 29, stream 3, session 977
05-22 06:31:11.167   658  1098 I APM_AudioPolicyManager: getNewOutputDevice() selected device 2
05-22 06:31:11.167   658  1098 I APM_AudioPolicyManager: setOutputDevice() device 0x0002 delayMs 0 force 1
05-22 06:31:11.167   658  1098 I APM_AudioPolicyManager: setOutputDevice() changing to device 0x0002 , muteWaitMs 0
05-22 06:31:11.169   658  1058 I Huawei_audio_cust: huawei_audio huawei_choose_HandsFree_device_incall_forHWtest: test Type =4
05-22 06:31:11.169   658  1058 I Huawei_audio_cust: huawei_audio huawei_choose_Handset_device_incall_forHWtest: test Type =4
05-22 06:31:11.169   658  1058 I Huawei_audio_cust: get_spk_pa_type: pa is tfa9895
05-22 06:31:11.169   658  1058 I Huawei_audio_cust: huawei_set_voice_lvm_mode: this device not support voice lvm
05-22 06:31:11.169   658  1058 I Huawei_audio_cust: huawei_common_set_parameters: exit with code(0)
05-22 06:31:11.169   658  1058 I Huawei_audio_cust: huawei_north_america_set_parameters: exit with code(0)
05-22 06:31:11.169   658  1058 I Huawei_audio_cust: huawei_audio huawei_choose_HandsFree_device_incall_forHWtest: test Type =4
05-22 06:31:11.169   658  1058 I Huawei_audio_cust: huawei_audio huawei_choose_Handset_device_incall_forHWtest: test Type =4
05-22 06:31:11.169   658  1058 I Huawei_audio_cust: get_spk_pa_type: pa is tfa9895
05-22 06:31:11.169   658  1058 I Huawei_audio_cust: huawei_set_voice_lvm_mode: this device not support voice lvm
05-22 06:31:11.169   658  1058 I Huawei_audio_cust: huawei_common_set_parameters: exit with code(0)
05-22 06:31:11.169   658  1058 I Huawei_audio_cust: huawei_north_america_set_parameters: exit with code(0)
05-22 06:31:11.170   658  1098 I APM_AudioPolicyManager: setOutputDevice() createAudioPatch returned 0 patchHandle 604 num_sources 1 num_sinks 1
05-22 06:31:11.170  2465  2547 I PGServer: report state:2 event type:1 pid:24748 uid:10058 pkg:null to pid: 1727
05-22 06:31:11.170   658  1098 I APM_AudioPolicyManager: checkOutputForStrategy() getDeviceForStrategy strategy=3 newDevice=2 oldDevice=2
05-22 06:31:11.172  1727  8446 E HsmCoreServiceImpl: onTransact in code is: 102
05-22 06:31:11.172  1727  8446 I MediaProcessHandler: processOp opType: 0, uid: 10058, pid: 24748
05-22 06:31:11.173  1727  1727 I AudioSystem-JNI: listAudioPorts AudioSystem::listAudioPorts numPorts 12 generation 80 generation1 80
05-22 06:31:11.174   658  1058 I Huawei_audio_cust: huawei_common_get_output_device_FM: huawei_audio select fm(0) device(0x2)exit
05-22 06:31:11.174   658  1058 I Huawei_audio_cust: huawei_north_america_get_output_device: select North American device 0
05-22 06:31:11.174   658  1058 I msm8916_platform: platform_check_and_set_codec_backend_cfg:becf: afe: bitwidth 16, samplerate 48000 channels 2, backend_idx 0 usecase = 0 device (speaker)
05-22 06:31:11.174   658  1058 I msm8916_platform: platform_check_and_set_codec_backend_cfg: becf: new_snd_devices[0] is speaker
05-22 06:31:11.174   658  1058 I msm8916_platform: platform_check_codec_backend_cfg:becf: afe: Codec selected backend: 0 current bit width: 16 sample rate: 48000 channels: 2
05-22 06:31:11.174   658  1058 I msm8916_platform: platform_check_codec_backend_cfg:becf: afe: Codec selected backend: 0 updated bit width: 16 and sample rate: 48000
05-22 06:31:11.174   658  1058 E msm8916_platform: platform_check_backends_match: Invalid snd_device = 
05-22 06:31:11.175   658  1058 I soundtrigger: audio_extn_sound_trigger_update_device_status: device 0x2 of type 0 for Event 1, with Raise=0
05-22 06:31:11.175   658  1058 I audio_hw_primary: select_devices Selected apptype: 69936
05-22 06:31:11.175   658  1058 I audio_hw_utils: audio_extn_utils_send_app_type_cfg PLAYBACK app_type 69936, acdb_dev_id 14, sample_rate 48000
05-22 06:31:11.175   658  1058 I audio_hw_utils: audio_extn_utils_send_app_type_cfg:becf: adm: app_type 69936, acdb_dev_id 14, sample_rate 48000
05-22 06:31:11.176   658  1058 E ACDB-LOADER: Error: ACDB AFE returned = -19
05-22 06:31:11.176   658  1058 I ACDB-LOADER: ACDB -> SmartPA get speaker number 0
05-22 06:31:11.176   658  1058 I ACDB-LOADER: ACDB -> SmartPA get topology failed
05-22 06:31:11.913   658  1058 I AudioTrackShared: server obtain null buf part1:0 rear:16170 front:16170 mFrameCount:4096
05-22 06:31:11.933  1727 15759 E HsmCoreServiceImpl: onTransact in code is: 102
05-22 06:31:11.933  1727 15759 I MediaProcessHandler: processOp opType: 1, uid: 10058, pid: 24748
05-22 06:31:11.936  2465  2547 I AudioState: release session->not remove session id: 977, uid:10058 refCount:1
05-22 06:31:11.936  2465  2547 I AudioState: not stop auido out because auido active pid: 24748 uid:10058
05-22 06:31:12.030   658  1058 I AudioMixer: Pid:658 deleteTrackName(0)
05-22 06:31:12.032  2465  2547 I DeviceMonitor: last release audio mix uid:10058 pid:-2
05-22 06:31:12.052   658   991 I APM_AudioPolicyManager: stopOutput() output 29, stream 3, session 977
05-22 06:31:12.052   658   991 I APM_AudioPolicyManager: getNewOutputDevice() selected device 0
05-22 06:31:12.052   658   991 I APM_AudioPolicyManager: setOutputDevice() device 0x0000 delayMs 160 force 0
05-22 06:31:12.052   658   991 I APM_AudioPolicyManager: setOutputDevice() setting same device 0x0000 or null device
05-22 06:31:12.052   658   991 I APM_AudioPolicyManager: checkOutputForStrategy() getDeviceForStrategy strategy=3 newDevice=2 oldDevice=2
05-22 06:31:12.054  2465  2547 I PGServer: report state:2 event type:2 pid:24748 uid:10058 pkg:null to pid: 1727
05-22 06:31:12.076   672   672 I cnss-daemon: RTM_NEWNEIGH message received: 28
05-22 06:31:12.077   672   672 E cnss-daemon: Stale or unreachable neighbors, ndm state: 4
05-22 06:31:13.386  2455  2475 I QtiTetherService: limitReached Alert received limitName: globalAlert on Interface: wlan0
05-22 06:31:13.407  1727  2088 I TetherStatsReporting: getTetherStats() called NetworkStats: elapsedRealtime=124451657
05-22 06:31:13.407  1727  2088 I TetherStatsReporting:   [0] iface=wlan0 uid=0 set=DEFAULT tag=0x0 roaming=NO rxBytes=33169077 rxPackets=37682 txBytes=295044 txPackets=2098 operations=0
05-22 06:31:13.407  1727  2088 I TetherStatsReporting:  proc=
05-22 06:31:13.407  1727  2088 I TetherStatsReporting:  actuid=-1
05-22 06:31:13.407  1727  2088 I TetherStatsReporting:   [1] iface=wlan0 uid=0 set=FOREGROUND tag=0x0 roaming=NO rxBytes=0 rxPackets=0 txBytes=0 txPackets=0 operations=0
05-22 06:31:13.407  1727  2088 I TetherStatsReporting:  proc=
05-22 06:31:13.407  1727  2088 I TetherStatsReporting:  actuid=-1
05-22 06:31:13.407  1727  2088 I TetherStatsReporting:   [2] iface=wlan0 uid=1000 set=DEFAULT tag=0x0 roaming=NO rxBytes=1728500 rxPackets=1359 txBytes=83385 txPackets=1159 operations=0
05-22 06:31:13.407  1727  2088 I TetherStatsReporting:  proc=
05-22 06:31:13.407  1727  2088 I TetherStatsReporting:  actuid=-1
05-22 06:31:13.407  1727  2088 I TetherStatsReporting:   [3] iface=wlan0 uid=1000 set=FOREGROUND tag=0x0 roaming=NO rxBytes=0 rxPackets=0 txBytes=0 txPackets=0 operations=0
05-22 06:31:13.407  1727  2088 I TetherStatsReporting:  proc=
05-22 06:31:13.407  1727  2088 I TetherStatsReporting:  actuid=-1
05-22 06:31:13.407  1727  2088 I TetherStatsReporting:   [4] iface=wlan0 uid=10009 set=DEFAULT tag=0x0 roaming=NO rxBytes=23618 rxPackets=32 txBytes=6342 txPackets=45 operations=0
05-22 06:31:13.407  1727  2088 I TetherStatsReporting:  proc=
05-22 06:31:13.407  1727  2088 I TetherStatsReporting:  actuid=-1
05-22 06:31:13.407  1727  2088 I TetherStatsReporting:   [5] iface=wlan0 uid=10009 set=FOREGROUND tag=0x0 roaming=NO rxBytes=0 rxPackets=0 txBytes=0 txPackets=0 operations=0
05-22 06:31:13.407  1727  2088 I TetherStatsReporting:  proc=
05-22 06:31:13.407  1727  2088 I TetherStatsReporting:  actuid=-1
05-22 06:31:13.407  1727  2088 I TetherStatsReporting:   [6] iface=wlan0 uid=10010 set=DEFAULT tag=0x0 roaming=NO rxBytes=0 rxPackets=0 txBytes=468 txPackets=9 operations=0
05-22 06:31:13.407  1727  2088 I TetherStatsReporting:  proc=
05-22 06:31:13.407  1727  2088 I TetherStatsReporting:  actuid=-1
05-22 06:31:13.407  1727  2088 I TetherStatsReporting:   [7] iface=wlan0 uid=10010 set=FOREGROUND tag=0x0 roaming=NO rxBytes=0 rxPackets=0 txBytes=0 txPackets=0 operations=0
05-22 06:31:13.407  1727  2088 I TetherStatsReporting:  proc=
05-22 06:31:13.407  1727  2088 I TetherStatsReporting:  actuid=-1
05-22 06:31:13.407  1727  2088 I TetherStatsReporting:   [8] iface=wlan0 uid=10016 set=DEFAULT tag=0x0 roaming=NO rxBytes=13307798 rxPackets=11220 txBytes=1121915 txPackets=7834 operations=0
05-22 06:31:13.407  1727  2088 I TetherStatsReporting:  proc=
05-22 06:31:13.407  1727  2088 I TetherStatsReporting:  actuid=-1
05-22 06:31:13.407  1727  2088 I TetherStatsReporting:   [9] iface=wlan0 uid=10016 set=FOREGROUND tag=0x0 roaming=NO rxBytes=0 rxPackets=0 txBytes=0 txPackets=0 operations=0
05-22 06:31:13.407  1727  2088 I TetherStatsReporting:  proc=
05-22 06:31:13.407  1727  2088 I TetherStatsReporting:  actuid=-1
05-22 06:31:13.407  1727  2088 I TetherStatsReporting:   [10] iface=wlan0 uid=10039 set=DEFAULT tag=0x0 roaming=NO rxBytes=27245409 rxPackets=18837 txBytes=705432 txPackets=9889 operations=0
05-22 06:31:13.407  1727  2088 I TetherStatsReporting:  proc=
05-22 06:31:13.407  1727  2088 I TetherStatsReporting:  actuid=-1
05-22 06:31:13.407  1727  2088 I TetherStatsReporting:   [11] iface=wlan0 uid=10039 set=FOREGROUND tag=0x0 roaming=NO rxBytes=0 rxPackets=0 txBytes=0 txPackets=0 operations=0
05-22 06:31:13.407  1727  2088 I TetherStatsReporting:  proc=
05-22 06:31:13.407  1727  2088 I TetherStatsReporting:  actuid=-1
05-22 06:31:13.407  1727  2088 I TetherStatsReporting:   [12] iface=wlan0 uid=10042 set=DEFAULT tag=0x0 roaming=NO rxBytes=23820 rxPackets=35 txBytes=11569 txPackets=48 operations=0
05-22 06:31:13.407  1727  2088 I TetherStatsReporting:  proc=
05-22 06:31:13.407  1727  2088 I TetherStatsReporting:  actuid=-1
05-22 06:31:13.407  1727  2088 I TetherStatsReporting:   [13] iface=wlan0 uid=10042 set=FOREGROUND tag=0x0 roaming=NO rxBytes=0 rxPackets=0 txBytes=0 txPackets=0 operations=0
05-22 06:31:13.407  1727  2088 I TetherStatsReporting:  proc=
05-22 06:31:13.407  1727  2088 I TetherStatsReporting:  actuid=-1
05-22 06:31:13.407  1727  2088 I TetherStatsReporting:   [14] iface=wlan0 uid=10043 set=DEFAULT tag=0x0 roaming=NO rxBytes=958672 rxPackets=772 txBytes=52459 txPackets=339 operations=0
05-22 06:31:13.407  1727  2088 I TetherStatsReporting:  proc=
05-22 06:31:13.407  1727  2088 I TetherStatsReporting:  actuid=-1
05-22 06:31:13.407  1727  2088 I TetherStatsReporting:   [15] iface=wlan0 uid=10043 set=FOREGROUND tag=0x0 roaming=NO rxBytes=0 rxPackets=0 txBytes=0 txPackets=0 operations=0
05-22 06:31:13.407  1727  2088 I TetherStatsReporting:  proc=
05-22 06:31:13.407  1727  2088 I TetherStatsReporting:  actuid=-1
05-22 06:31:13.407  1727  2088 I TetherStatsReporting:   [16] iface=wlan0 uid=10061 set=DEFAULT tag=0x0 roaming=NO rxBytes=15521 rxPackets=34 txBytes=4439 txPackets=40 operations=0
05-22 06:31:13.407  1727  2088 I TetherStatsReporting:  proc=
05-22 06:31:13.407  1727  2088 I TetherStatsReporting:  actuid=-1
05-22 06:31:13.407  1727  2088 I TetherStatsReporting:   [17] iface=wlan0 uid=10061 set=FOREGROUND tag=0x0 roaming=NO rxBytes=0 rxPackets=0 txBytes=0 txPackets=0 operations=0
05-22 06:31:13.407  1727  2088 I TetherStatsReporting:  proc=
05-22 06:31:13.407  1727  2088 I TetherStatsReporting:  actuid=-1
05-22 06:31:13.407  1727  2088 I TetherStatsReporting:   [18] iface=wlan0 uid=10063 set=DEFAULT tag=0x0 roaming=NO rxBytes=80 rxPackets=2 txBytes=120 txPackets=2 operations=0
05-22 06:31:13.407  1727  2088 I TetherStatsReporting:  proc=
05-22 06:31:13.407  1727  2088 I TetherStatsReporting:  actuid=-1
05-22 06:31:13.407  1727  2088 I TetherStatsReporting:   [19] iface=wlan0 uid=10063 set=FOREGROUND tag=0x0 roaming=NO rxBytes=0 rxPackets=0 txBytes=0 txPackets=0 operations=0
05-22 06:31:13.407  1727  2088 I TetherStatsReporting:  proc=
05-22 06:31:13.407  1727  2088 I TetherStatsReporting:  actuid=-1
05-22 06:31:13.407  1727  2088 I TetherStatsReporting:   [20] iface=wlan0 uid=10080 set=DEFAULT tag=0x0 roaming=NO rxBytes=45525 rxPackets=81 txBytes=24126 txPackets=91 operations=0
05-22 06:31:13.407  1727  2088 I TetherStatsReporting:  proc=
05-22 06:31:13.407  1727  2088 I TetherStatsReporting:  actuid=-1
05-22 06:31:13.407  1727  2088 I TetherStatsReporting:   [21] iface=wlan0 uid=10080 set=FOREGROUND tag=0x0 roaming=NO rxBytes=0 rxPackets=0 txBytes=0 txPackets=0 operations=0
05-22 06:31:13.407  1727  2088 I TetherStatsReporting:  proc=
05-22 06:31:13.407  1727  2088 I TetherStatsReporting:  actuid=-1
05-22 06:31:13.407  1727  2088 I TetherStatsReporting:   [22] iface=wlan0 uid=10081 set=DEFAULT tag=0x0 roaming=NO rxBytes=12450 rxPackets=28 txBytes=5147 txPackets=29 operations=0
05-22 06:31:13.407  1727  2088 I TetherStatsReporting:  proc=
05-22 06:31:13.407  1727  2088 I TetherStatsReporting:  actuid=-1
05-22 06:31:13.407  1727  2088 I TetherStatsReporting:   [23] iface=wlan0 uid=10081 set=FOREGROUND tag=0x0 roaming=NO rxBytes=0 rxPackets=0 txBytes=0 txPackets=0 operations=0
05-22 06:31:13.407  1727  2088 I TetherStatsReporting:  proc=
05-22 06:31:13.407  1727  2088 I TetherStatsReporting:  actuid=-1
05-22 06:31:13.407  1727  2088 I TetherStatsReporting:   [24] iface=wlan0 uid=10083 set=DEFAULT tag=0x0 roaming=NO rxBytes=192041 rxPackets=266 txBytes=81517 txPackets=310 operations=0
05-22 06:31:13.407  1727  2088 I TetherStatsReporting:  proc=
05-22 06:31:13.407  1727  2088 I TetherStatsReporting:  actuid=-1
05-22 06:31:13.407  1727  2088 I TetherStatsReporting:   [25] iface=wlan0 uid=10083 set=FOREGROUND tag=0x0 roaming=NO rxBytes=0 rxPackets=0 txBytes=0 txPackets=0 operations=0
05-22 06:31:13.407  1727  2088 I TetherStatsReporting:  proc=
05-22 06:31:13.407  1727  2088 I TetherStatsReporting:  actuid=-1
05-22 06:31:13.407  1727  2088 I TetherStatsReporting:   [26] iface=wlan0 uid=10088 set=DEFAULT tag=0x0 roaming=NO rxBytes=10447 rxPackets=16 txBytes=2631 txPackets=23 operations=0
05-22 06:31:13.407  1727  2088 I TetherStatsReporting:  proc=
05-22 06:31:13.407  1727  2088 I TetherStatsReporting:  actuid=-1
05-22 06:31:13.407  1727  2088 I TetherStatsReporting:   [27] iface=wlan0 uid=10088 set=FOREGROUND tag=0x0 roaming=NO rxBytes=0 rxPackets=0 txBytes=0 txPackets=0 operations=0
05-22 06:31:13.407  1727  2088 I TetherStatsReporting:  proc=
05-22 06:31:13.407  1727  2088 I TetherStatsReporting:  actuid=-1
05-22 06:31:13.407  1727  2088 I TetherStatsReporting:   [28] iface=wlan0
05-22 06:31:13.407  1727  2088 I TetherStatsReporting: combining tether stats
05-22 06:31:13.432  2309  2509 E HwSystemManager: NatTrafficNotifyService:imsi is null, so return
05-22 06:31:13.810  2301  2301 E wpa_supp: RSSI=-55;LINKSPEED=54;NOISE=9999;FREQUENCY=2447;
05-22 06:31:15.070   658  1058 I soundtrigger: audio_extn_sound_trigger_update_device_status: device 0x2 of type 0 for Event 0, with Raise=0
05-22 06:31:15.624  1727  2134 E HwCHRWebMonitor: WebMonitor [mNetWorkIsSuck=0 mUIDIsSuck=]  WebSpeed [WEBSENDSEGS=0  WEBRESENDSEGS=0  WEBRECVSEGS=0  WEBERRSEGS=0  WEBOUTRSTS=0  WEBESTABLISRST=0  WEBRTTDURATION=0  WEBRTTSEGS=0  WEBSRTT=0  WEBSNDDUPACKS=0  SENDSEGS=0  RESENDSEGS=0  RECVSEGS=0  ERRSEGS=0  OUTRSTS=0  ESTABLISRST=0  RTTDURATION=0  RTTSEGS=0  SNDDUPACKS=0  suckTimes=0 recovage_times=0]
05-22 06:31:15.624  1727  2134 E HwCHRWifiRSSIGroupSummery: updateTcpSummery mRSSI:-55  HwCHRWifiRSSIGroup [rssi_index=4, rtt_tcp_packets=0, rtt_tcp_duration=0, rtt_lan_duration=64, rtt_lan_failures=0, rtt_lan_succ=12, rtt_lan_max=30, rtt_lan_min=2,same_area_frequency=0,adjacent_area_frequency=0]
05-22 06:31:15.630  1727  2134 E HwCHRWebMonitor: HwCHRWifiPacketCnt [mTXGood=118, mTXbad=0, mRXGood=1] rssi=-55
05-22 06:31:15.630  1727  2134 E HwCHRWebMonitor: Good NetWork Traffic , so mOnAppSuckTime, mUnModifyCount reset 0
05-22 06:31:15.781   672   672 I cnss-daemon: RTM_NEWNEIGH message received: 28
05-22 06:31:15.781   672   672 I cnss-daemon: NDA_DST received: 192.168.10.1 ul: 17475776
05-22 06:31:15.781   672   672 I cnss-daemon: NDA_LLADDR received
05-22 06:31:15.816  1727  2134 E HwCHRWifiRSSIGroupSummery: updatArpSummery mRSSI:-55  HwCHRWifiRSSIGroup [rssi_index=4, rtt_tcp_packets=0, rtt_tcp_duration=0, rtt_lan_duration=69, rtt_lan_failures=0, rtt_lan_succ=13, rtt_lan_max=30, rtt_lan_min=2,same_area_frequency=0,adjacent_area_frequency=0]
05-22 06:31:16.818  2301  2301 E wpa_supp: RSSI=-55;LINKSPEED=54;NOISE=9999;FREQUENCY=2447;
05-22 06:31:17.517  2455  2474 I QtiTetherService: limitReached Alert received limitName: globalAlert on Interface: wlan0
05-22 06:31:17.538  1727  2088 I TetherStatsReporting: getTetherStats() called NetworkStats: elapsedRealtime=124455788
05-22 06:31:17.538  1727  2088 I TetherStatsReporting:   [0] iface=wlan0 uid=0 set=DEFAULT tag=0x0 roaming=NO rxBytes=33169077 rxPackets=37682 txBytes=295044 txPackets=2098 operations=0
05-22 06:31:17.538  1727  2088 I TetherStatsReporting:  proc=
05-22 06:31:17.538  1727  2088 I TetherStatsReporting:  actuid=-1
05-22 06:31:17.538  1727  2088 I TetherStatsReporting:   [1] iface=wlan0 uid=0 set=FOREGROUND tag=0x0 roaming=NO rxBytes=0 rxPackets=0 txBytes=0 txPackets=0 operations=0
05-22 06:31:17.538  1727  2088 I TetherStatsReporting:  proc=
05-22 06:31:17.538  1727  2088 I TetherStatsReporting:  actuid=-1
05-22 06:31:17.538  1727  2088 I TetherStatsReporting:   [2] iface=wlan0 uid=1000 set=DEFAULT tag=0x0 roaming=NO rxBytes=1728500 rxPackets=1359 txBytes=83385 txPackets=1159 operations=0
05-22 06:31:17.538  1727  2088 I TetherStatsReporting:  proc=
05-22 06:31:17.538  1727  2088 I TetherStatsReporting:  actuid=-1
05-22 06:31:17.538  1727  2088 I TetherStatsReporting:   [3] iface=wlan0 uid=1000 set=FOREGROUND tag=0x0 roaming=NO rxBytes=0 rxPackets=0 txBytes=0 txPackets=0 operations=0
05-22 06:31:17.538  1727  2088 I TetherStatsReporting:  proc=
05-22 06:31:17.538  1727  2088 I TetherStatsReporting:  actuid=-1
05-22 06:31:17.538  1727  2088 I TetherStatsReporting:   [4] iface=wlan0 uid=10009 set=DEFAULT tag=0x0 roaming=NO rxBytes=23618 rxPackets=32 txBytes=6342 txPackets=45 operations=0
05-22 06:31:17.538  1727  2088 I TetherStatsReporting:  proc=
05-22 06:31:17.538  1727  2088 I TetherStatsReporting:  actuid=-1
05-22 06:31:17.538  1727  2088 I TetherStatsReporting:   [5] iface=wlan0 uid=10009 set=FOREGROUND tag=0x0 roaming=NO rxBytes=0 rxPackets=0 txBytes=0 txPackets=0 operations=0
05-22 06:31:17.538  1727  2088 I TetherStatsReporting:  proc=
05-22 06:31:17.538  1727  2088 I TetherStatsReporting:  actuid=-1
05-22 06:31:17.538  1727  2088 I TetherStatsReporting:   [6] iface=wlan0 uid=10010 set=DEFAULT tag=0x0 roaming=NO rxBytes=0 rxPackets=0 txBytes=468 txPackets=9 operations=0
05-22 06:31:17.538  1727  2088 I TetherStatsReporting:  proc=
05-22 06:31:17.538  1727  2088 I TetherStatsReporting:  actuid=-1
05-22 06:31:17.538  1727  2088 I TetherStatsReporting:   [7] iface=wlan0 uid=10010 set=FOREGROUND tag=0x0 roaming=NO rxBytes=0 rxPackets=0 txBytes=0 txPackets=0 operations=0
05-22 06:31:17.538  1727  2088 I TetherStatsReporting:  proc=
05-22 06:31:17.538  1727  2088 I TetherStatsReporting:  actuid=-1
05-22 06:31:17.538  1727  2088 I TetherStatsReporting:   [8] iface=wlan0 uid=10016 set=DEFAULT tag=0x0 roaming=NO rxBytes=13307798 rxPackets=11220 txBytes=1121915 txPackets=7834 operations=0
05-22 06:31:17.538  1727  2088 I TetherStatsReporting:  proc=
05-22 06:31:17.538  1727  2088 I TetherStatsReporting:  actuid=-1
05-22 06:31:17.538  1727  2088 I TetherStatsReporting:   [9] iface=wlan0 uid=10016 set=FOREGROUND tag=0x0 roaming=NO rxBytes=0 rxPackets=0 txBytes=0 txPackets=0 operations=0
05-22 06:31:17.538  1727  2088 I TetherStatsReporting:  proc=
05-22 06:31:17.538  1727  2088 I TetherStatsReporting:  actuid=-1
05-22 06:31:17.538  1727  2088 I TetherStatsReporting:   [10] iface=wlan0 uid=10039 set=DEFAULT tag=0x0 roaming=NO rxBytes=27245409 rxPackets=18837 txBytes=705432 txPackets=9889 operations=0
05-22 06:31:17.538  1727  2088 I TetherStatsReporting:  proc=
05-22 06:31:17.538  1727  2088 I TetherStatsReporting:  actuid=-1
05-22 06:31:17.538  1727  2088 I TetherStatsReporting:   [11] iface=wlan0 uid=10039 set=FOREGROUND tag=0x0 roaming=NO rxBytes=0 rxPackets=0 txBytes=0 txPackets=0 operations=0
05-22 06:31:17.538  1727  2088 I TetherStatsReporting:  proc=
05-22 06:31:17.538  1727  2088 I TetherStatsReporting:  actuid=-1
05-22 06:31:17.538  1727  2088 I TetherStatsReporting:   [12] iface=wlan0 uid=10042 set=DEFAULT tag=0x0 roaming=NO rxBytes=23820 rxPackets=35 txBytes=11569 txPackets=48 operations=0
05-22 06:31:17.538  1727  2088 I TetherStatsReporting:  proc=
05-22 06:31:17.538  1727  2088 I TetherStatsReporting:  actuid=-1
05-22 06:31:17.538  1727  2088 I TetherStatsReporting:   [13] iface=wlan0 uid=10042 set=FOREGROUND tag=0x0 roaming=NO rxBytes=0 rxPackets=0 txBytes=0 txPackets=0 operations=0
05-22 06:31:17.538  1727  2088 I TetherStatsReporting:  proc=
05-22 06:31:17.538  1727  2088 I TetherStatsReporting:  actuid=-1
05-22 06:31:17.538  1727  2088 I TetherStatsReporting:   [14] iface=wlan0 uid=10043 set=DEFAULT tag=0x0 roaming=NO rxBytes=958672 rxPackets=772 txBytes=52459 txPackets=339 operations=0
05-22 06:31:17.538  1727  2088 I TetherStatsReporting:  proc=
05-22 06:31:17.538  1727  2088 I TetherStatsReporting:  actuid=-1
05-22 06:31:17.538  1727  2088 I TetherStatsReporting:   [15] iface=wlan0 uid=10043 set=FOREGROUND tag=0x0 roaming=NO rxBytes=0 rxPackets=0 txBytes=0 txPackets=0 operations=0
05-22 06:31:17.538  1727  2088 I TetherStatsReporting:  proc=
05-22 06:31:17.538  1727  2088 I TetherStatsReporting:  actuid=-1
05-22 06:31:17.538  1727  2088 I TetherStatsReporting:   [16] iface=wlan0 uid=10061 set=DEFAULT tag=0x0 roaming=NO rxBytes=15521 rxPackets=34 txBytes=4439 txPackets=40 operations=0
05-22 06:31:17.538  1727  2088 I TetherStatsReporting:  proc=
05-22 06:31:17.538  1727  2088 I TetherStatsReporting:  actuid=-1
05-22 06:31:17.538  1727  2088 I TetherStatsReporting:   [17] iface=wlan0 uid=10061 set=FOREGROUND tag=0x0 roaming=NO rxBytes=0 rxPackets=0 txBytes=0 txPackets=0 operations=0
05-22 06:31:17.538  1727  2088 I TetherStatsReporting:  proc=
05-22 06:31:17.538  1727  2088 I TetherStatsReporting:  actuid=-1
05-22 06:31:17.538  1727  2088 I TetherStatsReporting:   [18] iface=wlan0 uid=10063 set=DEFAULT tag=0x0 roaming=NO rxBytes=80 rxPackets=2 txBytes=120 txPackets=2 operations=0
05-22 06:31:17.538  1727  2088 I TetherStatsReporting:  proc=
05-22 06:31:17.538  1727  2088 I TetherStatsReporting:  actuid=-1
05-22 06:31:17.538  1727  2088 I TetherStatsReporting:   [19] iface=wlan0 uid=10063 set=FOREGROUND tag=0x0 roaming=NO rxBytes=0 rxPackets=0 txBytes=0 txPackets=0 operations=0
05-22 06:31:17.538  1727  2088 I TetherStatsReporting:  proc=
05-22 06:31:17.538  1727  2088 I TetherStatsReporting:  actuid=-1
05-22 06:31:17.538  1727  2088 I TetherStatsReporting:   [20] iface=wlan0 uid=10080 set=DEFAULT tag=0x0 roaming=NO rxBytes=45525 rxPackets=81 txBytes=24126 txPackets=91 operations=0
05-22 06:31:17.538  1727  2088 I TetherStatsReporting:  proc=
05-22 06:31:17.538  1727  2088 I TetherStatsReporting:  actuid=-1
05-22 06:31:17.538  1727  2088 I TetherStatsReporting:   [21] iface=wlan0 uid=10080 set=FOREGROUND tag=0x0 roaming=NO rxBytes=0 rxPackets=0 txBytes=0 txPackets=0 operations=0
05-22 06:31:17.538  1727  2088 I TetherStatsReporting:  proc=
05-22 06:31:17.538  1727  2088 I TetherStatsReporting:  actuid=-1
05-22 06:31:17.538  1727  2088 I TetherStatsReporting:   [22] iface=wlan0 uid=10081 set=DEFAULT tag=0x0 roaming=NO rxBytes=12450 rxPackets=28 txBytes=5147 txPackets=29 operations=0
05-22 06:31:17.538  1727  2088 I TetherStatsReporting:  proc=
05-22 06:31:17.538  1727  2088 I TetherStatsReporting:  actuid=-1
